Device: cuda
Trajectories total=100, train=80, val=20
Loading training data...
  train: 80 files, 90,026,106 nodes
Loading validation data...
  val: 20 files, 22,194,747 nodes
  Normalized: mean=0.0164  std=2.1321 (per-dim, training set)
Resuming from checkpoints_rand_3e-4_long/sae_latest.pt
  Resumed at step=1960000, epoch=3, lam=0.0003 -> now using lam=0.0001

Starting training: batch_size=128, val_every=10000 steps, patience=8 evals

[step 1970000 | ep 4] train_loss=6.5367e-03  train_recon=2.7034e-04  train_L1=6.2663e+01  val_loss=9.3847e-06  val_mse=2.7396e-06  val_L0=161.1  dead=0.490
  -> saved training curves to checkpoints_rand_1e-4_resume/training_curves.png
  -> saved best checkpoint (val_loss=9.3847e-06)
[step 1980000 | ep 4] train_loss=6.3386e-03  train_recon=9.3999e-05  train_L1=6.2446e+01  val_loss=7.5045e-06  val_mse=8.5920e-07  val_L0=161.0  dead=0.482
  -> saved training curves to checkpoints_rand_1e-4_resume/training_curves.png
  -> saved best checkpoint (val_loss=7.5045e-06)
[step 1990000 | ep 4] train_loss=6.6744e-03  train_recon=4.1412e-04  train_L1=6.2602e+01  val_loss=9.4576e-06  val_mse=2.8137e-06  val_L0=160.9  dead=0.488
  -> saved training curves to checkpoints_rand_1e-4_resume/training_curves.png
  -> no loss improvement (1/8)
[step 2000000 | ep 4] train_loss=8.1694e-03  train_recon=1.8637e-03  train_L1=6.3056e+01  val_loss=3.6336e-05  val_mse=2.9695e-05  val_L0=160.6  dead=0.497
  -> saved training curves to checkpoints_rand_1e-4_resume/training_curves.png
  -> no loss improvement (2/8)
[step 2010000 | ep 4] train_loss=6.5574e-03  train_recon=3.1652e-04  train_L1=6.2408e+01  val_loss=8.6395e-06  val_mse=1.9980e-06  val_L0=160.8  dead=0.519
  -> saved training curves to checkpoints_rand_1e-4_resume/training_curves.png
  -> no loss improvement (3/8)
[step 2020000 | ep 4] train_loss=7.8671e-03  train_recon=1.5835e-03  train_L1=6.2835e+01  val_loss=1.7988e-05  val_mse=1.1347e-05  val_L0=160.5  dead=0.517
  -> saved training curves to checkpoints_rand_1e-4_resume/training_curves.png
  -> no loss improvement (4/8)
[step 2030000 | ep 4] train_loss=7.1766e-03  train_recon=8.9671e-04  train_L1=6.2799e+01  val_loss=1.7095e-05  val_mse=1.0456e-05  val_L0=160.4  dead=0.523
  -> saved training curves to checkpoints_rand_1e-4_resume/training_curves.png
  -> no loss improvement (5/8)
[step 2040000 | ep 4] train_loss=6.9688e-03  train_recon=6.7122e-04  train_L1=6.2976e+01  val_loss=1.5183e-05  val_mse=8.5469e-06  val_L0=159.5  dead=0.524
  -> saved training curves to checkpoints_rand_1e-4_resume/training_curves.png
  -> no loss improvement (6/8)
[step 2050000 | ep 4] train_loss=7.1681e-03  train_recon=8.8094e-04  train_L1=6.2872e+01  val_loss=1.5181e-05  val_mse=8.5471e-06  val_L0=159.0  dead=0.545
  -> saved training curves to checkpoints_rand_1e-4_resume/training_curves.png
  -> no loss improvement (7/8)
[step 2060000 | ep 4] train_loss=7.0112e-03  train_recon=7.6141e-04  train_L1=6.2498e+01  val_loss=1.0090e-05  val_mse=3.4553e-06  val_L0=158.8  dead=0.546
  -> saved training curves to checkpoints_rand_1e-4_resume/training_curves.png
  -> L0 slope=-0.2560/eval (tol=±0.1, converged=False)
  -> no loss improvement (8/8)
[step 2070000 | ep 4] train_loss=6.5641e-03  train_recon=3.0770e-04  train_L1=6.2564e+01  val_loss=9.4237e-06  val_mse=2.7924e-06  val_L0=158.8  dead=0.556
  -> saved training curves to checkpoints_rand_1e-4_resume/training_curves.png
  -> L0 slope=-0.2797/eval (tol=±0.1, converged=False)
  -> no loss improvement (9/8)
[step 2080000 | ep 4] train_loss=6.6382e-03  train_recon=3.9657e-04  train_L1=6.2417e+01  val_loss=1.0477e-05  val_mse=3.8471e-06  val_L0=158.6  dead=0.555
  -> saved training curves to checkpoints_rand_1e-4_resume/training_curves.png
  -> L0 slope=-0.2918/eval (tol=±0.1, converged=False)
  -> no loss improvement (10/8)
[step 2090000 | ep 4] train_loss=6.5807e-03  train_recon=3.7443e-04  train_L1=6.2063e+01  val_loss=1.0107e-05  val_mse=3.4796e-06  val_L0=158.7  dead=0.561
  -> saved training curves to checkpoints_rand_1e-4_resume/training_curves.png
  -> L0 slope=-0.2778/eval (tol=±0.1, converged=False)
  -> no loss improvement (11/8)
[step 2100000 | ep 4] train_loss=6.6100e-03  train_recon=3.5970e-04  train_L1=6.2503e+01  val_loss=1.0046e-05  val_mse=3.4191e-06  val_L0=158.7  dead=0.568
  -> saved training curves to checkpoints_rand_1e-4_resume/training_curves.png
  -> L0 slope=-0.2540/eval (tol=±0.1, converged=False)
  -> no loss improvement (12/8)
[step 2110000 | ep 4] train_loss=6.6647e-03  train_recon=4.1427e-04  train_L1=6.2504e+01  val_loss=9.7975e-06  val_mse=3.1718e-06  val_L0=158.7  dead=0.567
  -> saved training curves to checkpoints_rand_1e-4_resume/training_curves.png
  -> L0 slope=-0.1989/eval (tol=±0.1, converged=False)
  -> no loss improvement (13/8)
[step 2120000 | ep 4] train_loss=6.9234e-03  train_recon=6.8481e-04  train_L1=6.2386e+01  val_loss=1.0524e-05  val_mse=3.9004e-06  val_L0=158.7  dead=0.574
  -> saved training curves to checkpoints_rand_1e-4_resume/training_curves.png
  -> L0 slope=-0.1409/eval (tol=±0.1, converged=False)
  -> no loss improvement (14/8)
[step 2130000 | ep 4] train_loss=6.5855e-03  train_recon=2.9883e-04  train_L1=6.2866e+01  val_loss=9.8508e-06  val_mse=3.2282e-06  val_L0=158.7  dead=0.575
  -> saved training curves to checkpoints_rand_1e-4_resume/training_curves.png
  -> L0 slope=-0.0596/eval (tol=±0.1, converged=True)
  -> no loss improvement (15/8)

Both L0 and loss converged. Stopping.
  -> saved training curves to checkpoints_rand_1e-4_resume/training_curves.png
