Starting fresh training with K=32
Device: cuda  |  K=32  |  ckpt_dir=checkpoints_topk_K32
Trajectories total=100, train=80, val=20
Loading training data...
  train: 80 files, 90,026,106 nodes
Loading validation data...
  val: 20 files, 22,194,747 nodes
  Normalized: mean=0.0164  std=2.1321

Starting training: K=32, batch_size=128, val_every=10000, patience=8

[step   10000 | ep 1] train_mse=1.2020e+01  val_mse=1.1584e-01  val_L0=32.0  dead=0.268
  -> saved training curves to checkpoints_topk_K32/training_curves.png
  -> saved best checkpoint (val_mse=1.1584e-01)
[step   20000 | ep 1] train_mse=1.0225e+01  val_mse=1.0066e-01  val_L0=32.0  dead=0.230
  -> saved training curves to checkpoints_topk_K32/training_curves.png
  -> saved best checkpoint (val_mse=1.0066e-01)
[step   30000 | ep 1] train_mse=9.5639e+00  val_mse=9.4358e-02  val_L0=32.0  dead=0.226
  -> saved training curves to checkpoints_topk_K32/training_curves.png
  -> saved best checkpoint (val_mse=9.4358e-02)
[step   40000 | ep 1] train_mse=9.2804e+00  val_mse=9.0864e-02  val_L0=32.0  dead=0.233
  -> saved training curves to checkpoints_topk_K32/training_curves.png
  -> saved best checkpoint (val_mse=9.0864e-02)
[step   50000 | ep 1] train_mse=8.9313e+00  val_mse=8.8606e-02  val_L0=32.0  dead=0.254
  -> saved training curves to checkpoints_topk_K32/training_curves.png
  -> saved best checkpoint (val_mse=8.8606e-02)
[step   60000 | ep 1] train_mse=8.7215e+00  val_mse=8.6842e-02  val_L0=32.0  dead=0.259
  -> saved training curves to checkpoints_topk_K32/training_curves.png
  -> saved best checkpoint (val_mse=8.6842e-02)
[step   70000 | ep 1] train_mse=8.5587e+00  val_mse=8.5244e-02  val_L0=32.0  dead=0.275
  -> saved training curves to checkpoints_topk_K32/training_curves.png
  -> saved best checkpoint (val_mse=8.5244e-02)
[step   80000 | ep 1] train_mse=8.5512e+00  val_mse=8.3814e-02  val_L0=32.0  dead=0.296
  -> saved training curves to checkpoints_topk_K32/training_curves.png
  -> saved best checkpoint (val_mse=8.3814e-02)
[step   90000 | ep 1] train_mse=8.2558e+00  val_mse=8.2481e-02  val_L0=32.0  dead=0.291
  -> saved training curves to checkpoints_topk_K32/training_curves.png
  -> saved best checkpoint (val_mse=8.2481e-02)
[step  100000 | ep 1] train_mse=8.0664e+00  val_mse=8.1379e-02  val_L0=32.0  dead=0.295
  -> saved training curves to checkpoints_topk_K32/training_curves.png
  -> saved best checkpoint (val_mse=8.1379e-02)
[step  110000 | ep 1] train_mse=8.0123e+00  val_mse=8.0315e-02  val_L0=32.0  dead=0.304
  -> saved training curves to checkpoints_topk_K32/training_curves.png
  -> saved best checkpoint (val_mse=8.0315e-02)
[step  120000 | ep 1] train_mse=7.9005e+00  val_mse=7.9436e-02  val_L0=32.0  dead=0.298
  -> saved training curves to checkpoints_topk_K32/training_curves.png
  -> saved best checkpoint (val_mse=7.9436e-02)
[step  130000 | ep 1] train_mse=7.6422e+00  val_mse=7.8679e-02  val_L0=32.0  dead=0.315
  -> saved training curves to checkpoints_topk_K32/training_curves.png
  -> saved best checkpoint (val_mse=7.8679e-02)
[step  140000 | ep 1] train_mse=7.7416e+00  val_mse=7.7946e-02  val_L0=32.0  dead=0.331
  -> saved training curves to checkpoints_topk_K32/training_curves.png
  -> saved best checkpoint (val_mse=7.7946e-02)
[step  150000 | ep 1] train_mse=7.6703e+00  val_mse=7.7268e-02  val_L0=32.0  dead=0.335
  -> saved training curves to checkpoints_topk_K32/training_curves.png
  -> saved best checkpoint (val_mse=7.7268e-02)
[step  160000 | ep 1] train_mse=7.6110e+00  val_mse=7.6563e-02  val_L0=32.0  dead=0.329
  -> saved training curves to checkpoints_topk_K32/training_curves.png
  -> saved best checkpoint (val_mse=7.6563e-02)
[step  170000 | ep 1] train_mse=7.5880e+00  val_mse=7.5915e-02  val_L0=32.0  dead=0.335
  -> saved training curves to checkpoints_topk_K32/training_curves.png
  -> saved best checkpoint (val_mse=7.5915e-02)
[step  180000 | ep 1] train_mse=7.4831e+00  val_mse=7.5217e-02  val_L0=32.0  dead=0.333
  -> saved training curves to checkpoints_topk_K32/training_curves.png
  -> saved best checkpoint (val_mse=7.5217e-02)
[step  190000 | ep 1] train_mse=7.4773e+00  val_mse=7.4687e-02  val_L0=32.0  dead=0.336
  -> saved training curves to checkpoints_topk_K32/training_curves.png
  -> saved best checkpoint (val_mse=7.4687e-02)
[step  200000 | ep 1] train_mse=7.4135e+00  val_mse=7.4163e-02  val_L0=32.0  dead=0.341
  -> saved training curves to checkpoints_topk_K32/training_curves.png
  -> saved best checkpoint (val_mse=7.4163e-02)
[step  210000 | ep 1] train_mse=7.3403e+00  val_mse=7.3770e-02  val_L0=32.0  dead=0.334
  -> saved training curves to checkpoints_topk_K32/training_curves.png
  -> saved best checkpoint (val_mse=7.3770e-02)
[step  220000 | ep 1] train_mse=7.4114e+00  val_mse=7.3344e-02  val_L0=32.0  dead=0.342
  -> saved training curves to checkpoints_topk_K32/training_curves.png
  -> saved best checkpoint (val_mse=7.3344e-02)
[step  230000 | ep 1] train_mse=7.2940e+00  val_mse=7.2937e-02  val_L0=32.0  dead=0.338
  -> saved training curves to checkpoints_topk_K32/training_curves.png
  -> saved best checkpoint (val_mse=7.2937e-02)
[step  240000 | ep 1] train_mse=7.1782e+00  val_mse=7.2532e-02  val_L0=32.0  dead=0.335
  -> saved training curves to checkpoints_topk_K32/training_curves.png
  -> saved best checkpoint (val_mse=7.2532e-02)
[step  250000 | ep 1] train_mse=7.1385e+00  val_mse=7.2227e-02  val_L0=32.0  dead=0.326
  -> saved training curves to checkpoints_topk_K32/training_curves.png
  -> saved best checkpoint (val_mse=7.2227e-02)
[step  260000 | ep 1] train_mse=7.2325e+00  val_mse=7.1837e-02  val_L0=32.0  dead=0.335
  -> saved training curves to checkpoints_topk_K32/training_curves.png
  -> saved best checkpoint (val_mse=7.1837e-02)
[step  270000 | ep 1] train_mse=7.0667e+00  val_mse=7.1560e-02  val_L0=32.0  dead=0.333
  -> saved training curves to checkpoints_topk_K32/training_curves.png
  -> saved best checkpoint (val_mse=7.1560e-02)
[step  280000 | ep 1] train_mse=7.1598e+00  val_mse=7.1271e-02  val_L0=32.0  dead=0.331
  -> saved training curves to checkpoints_topk_K32/training_curves.png
  -> saved best checkpoint (val_mse=7.1271e-02)
[step  290000 | ep 1] train_mse=7.0813e+00  val_mse=7.1024e-02  val_L0=32.0  dead=0.332
  -> saved training curves to checkpoints_topk_K32/training_curves.png
  -> saved best checkpoint (val_mse=7.1024e-02)
[step  300000 | ep 1] train_mse=7.1708e+00  val_mse=7.0733e-02  val_L0=32.0  dead=0.334
  -> saved training curves to checkpoints_topk_K32/training_curves.png
  -> saved best checkpoint (val_mse=7.0733e-02)
[step  310000 | ep 1] train_mse=7.0152e+00  val_mse=7.0611e-02  val_L0=32.0  dead=0.327
  -> saved training curves to checkpoints_topk_K32/training_curves.png
  -> saved best checkpoint (val_mse=7.0611e-02)
[step  320000 | ep 1] train_mse=7.1036e+00  val_mse=7.0323e-02  val_L0=32.0  dead=0.325
  -> saved training curves to checkpoints_topk_K32/training_curves.png
  -> saved best checkpoint (val_mse=7.0323e-02)
[step  330000 | ep 1] train_mse=7.1102e+00  val_mse=7.0044e-02  val_L0=32.0  dead=0.332
  -> saved training curves to checkpoints_topk_K32/training_curves.png
  -> saved best checkpoint (val_mse=7.0044e-02)
[step  340000 | ep 1] train_mse=6.9733e+00  val_mse=6.9854e-02  val_L0=32.0  dead=0.338
  -> saved training curves to checkpoints_topk_K32/training_curves.png
  -> saved best checkpoint (val_mse=6.9854e-02)
[step  350000 | ep 1] train_mse=7.0836e+00  val_mse=6.9625e-02  val_L0=32.0  dead=0.347
  -> saved training curves to checkpoints_topk_K32/training_curves.png
  -> saved best checkpoint (val_mse=6.9625e-02)
[step  360000 | ep 1] train_mse=6.8589e+00  val_mse=6.9375e-02  val_L0=32.0  dead=0.346
  -> saved training curves to checkpoints_topk_K32/training_curves.png
  -> saved best checkpoint (val_mse=6.9375e-02)
[step  370000 | ep 1] train_mse=6.9360e+00  val_mse=6.9175e-02  val_L0=32.0  dead=0.337
  -> saved training curves to checkpoints_topk_K32/training_curves.png
  -> saved best checkpoint (val_mse=6.9175e-02)
[step  380000 | ep 1] train_mse=6.9349e+00  val_mse=6.8938e-02  val_L0=32.0  dead=0.341
  -> saved training curves to checkpoints_topk_K32/training_curves.png
  -> saved best checkpoint (val_mse=6.8938e-02)
[step  390000 | ep 1] train_mse=6.8449e+00  val_mse=6.8750e-02  val_L0=32.0  dead=0.343
  -> saved training curves to checkpoints_topk_K32/training_curves.png
  -> saved best checkpoint (val_mse=6.8750e-02)
[step  400000 | ep 1] train_mse=6.8184e+00  val_mse=6.8557e-02  val_L0=32.0  dead=0.349
  -> saved training curves to checkpoints_topk_K32/training_curves.png
  -> saved best checkpoint (val_mse=6.8557e-02)
[step  410000 | ep 1] train_mse=6.7338e+00  val_mse=6.8325e-02  val_L0=32.0  dead=0.345
  -> saved training curves to checkpoints_topk_K32/training_curves.png
  -> saved best checkpoint (val_mse=6.8325e-02)
[step  420000 | ep 1] train_mse=6.7661e+00  val_mse=6.8162e-02  val_L0=32.0  dead=0.345
  -> saved training curves to checkpoints_topk_K32/training_curves.png
  -> saved best checkpoint (val_mse=6.8162e-02)
[step  430000 | ep 1] train_mse=6.7645e+00  val_mse=6.7932e-02  val_L0=32.0  dead=0.351
  -> saved training curves to checkpoints_topk_K32/training_curves.png
  -> saved best checkpoint (val_mse=6.7932e-02)
[step  440000 | ep 1] train_mse=6.7224e+00  val_mse=6.7767e-02  val_L0=32.0  dead=0.356
  -> saved training curves to checkpoints_topk_K32/training_curves.png
  -> saved best checkpoint (val_mse=6.7767e-02)
[step  450000 | ep 1] train_mse=6.7195e+00  val_mse=6.7542e-02  val_L0=32.0  dead=0.357
  -> saved training curves to checkpoints_topk_K32/training_curves.png
  -> saved best checkpoint (val_mse=6.7542e-02)
[step  460000 | ep 1] train_mse=6.7114e+00  val_mse=6.7340e-02  val_L0=32.0  dead=0.357
  -> saved training curves to checkpoints_topk_K32/training_curves.png
  -> saved best checkpoint (val_mse=6.7340e-02)
[step  470000 | ep 1] train_mse=6.6605e+00  val_mse=6.7179e-02  val_L0=32.0  dead=0.353
  -> saved training curves to checkpoints_topk_K32/training_curves.png
  -> saved best checkpoint (val_mse=6.7179e-02)
[step  480000 | ep 1] train_mse=6.7340e+00  val_mse=6.7014e-02  val_L0=32.0  dead=0.358
  -> saved training curves to checkpoints_topk_K32/training_curves.png
  -> saved best checkpoint (val_mse=6.7014e-02)
[step  490000 | ep 1] train_mse=6.6195e+00  val_mse=6.6860e-02  val_L0=32.0  dead=0.360
  -> saved training curves to checkpoints_topk_K32/training_curves.png
  -> saved best checkpoint (val_mse=6.6860e-02)
[step  500000 | ep 1] train_mse=6.6925e+00  val_mse=6.6695e-02  val_L0=32.0  dead=0.356
  -> saved training curves to checkpoints_topk_K32/training_curves.png
  -> saved best checkpoint (val_mse=6.6695e-02)
[step  510000 | ep 1] train_mse=6.6750e+00  val_mse=6.6576e-02  val_L0=32.0  dead=0.357
  -> saved training curves to checkpoints_topk_K32/training_curves.png
  -> saved best checkpoint (val_mse=6.6576e-02)
[step  520000 | ep 1] train_mse=6.7249e+00  val_mse=6.6455e-02  val_L0=32.0  dead=0.358
  -> saved training curves to checkpoints_topk_K32/training_curves.png
  -> saved best checkpoint (val_mse=6.6455e-02)
[step  530000 | ep 1] train_mse=6.6599e+00  val_mse=6.6316e-02  val_L0=32.0  dead=0.357
  -> saved training curves to checkpoints_topk_K32/training_curves.png
  -> saved best checkpoint (val_mse=6.6316e-02)
[step  540000 | ep 1] train_mse=6.5302e+00  val_mse=6.6214e-02  val_L0=32.0  dead=0.352
  -> saved training curves to checkpoints_topk_K32/training_curves.png
  -> saved best checkpoint (val_mse=6.6214e-02)
[step  550000 | ep 1] train_mse=6.6566e+00  val_mse=6.6157e-02  val_L0=32.0  dead=0.356
  -> saved training curves to checkpoints_topk_K32/training_curves.png
  -> saved best checkpoint (val_mse=6.6157e-02)
[step  560000 | ep 1] train_mse=6.6282e+00  val_mse=6.5989e-02  val_L0=32.0  dead=0.353
  -> saved training curves to checkpoints_topk_K32/training_curves.png
  -> saved best checkpoint (val_mse=6.5989e-02)
[step  570000 | ep 1] train_mse=6.4628e+00  val_mse=6.5895e-02  val_L0=32.0  dead=0.354
  -> saved training curves to checkpoints_topk_K32/training_curves.png
  -> saved best checkpoint (val_mse=6.5895e-02)
[step  580000 | ep 1] train_mse=6.5173e+00  val_mse=6.5850e-02  val_L0=32.0  dead=0.349
  -> saved training curves to checkpoints_topk_K32/training_curves.png
  -> saved best checkpoint (val_mse=6.5850e-02)
[step  590000 | ep 1] train_mse=6.5345e+00  val_mse=6.5787e-02  val_L0=32.0  dead=0.348
  -> saved training curves to checkpoints_topk_K32/training_curves.png
  -> saved best checkpoint (val_mse=6.5787e-02)
[step  600000 | ep 1] train_mse=6.4724e+00  val_mse=6.5700e-02  val_L0=32.0  dead=0.351
  -> saved training curves to checkpoints_topk_K32/training_curves.png
  -> saved best checkpoint (val_mse=6.5700e-02)
[step  610000 | ep 1] train_mse=6.4123e+00  val_mse=6.5586e-02  val_L0=32.0  dead=0.352
  -> saved training curves to checkpoints_topk_K32/training_curves.png
  -> saved best checkpoint (val_mse=6.5586e-02)
[step  620000 | ep 1] train_mse=6.5550e+00  val_mse=6.5518e-02  val_L0=32.0  dead=0.341
  -> saved training curves to checkpoints_topk_K32/training_curves.png
  -> saved best checkpoint (val_mse=6.5518e-02)
[step  630000 | ep 1] train_mse=6.6395e+00  val_mse=6.5492e-02  val_L0=32.0  dead=0.339
  -> saved training curves to checkpoints_topk_K32/training_curves.png
  -> saved best checkpoint (val_mse=6.5492e-02)
[step  640000 | ep 1] train_mse=6.4773e+00  val_mse=6.5405e-02  val_L0=32.0  dead=0.343
  -> saved training curves to checkpoints_topk_K32/training_curves.png
  -> saved best checkpoint (val_mse=6.5405e-02)
[step  650000 | ep 1] train_mse=6.3646e+00  val_mse=6.5347e-02  val_L0=32.0  dead=0.348
  -> saved training curves to checkpoints_topk_K32/training_curves.png
  -> saved best checkpoint (val_mse=6.5347e-02)
[step  660000 | ep 1] train_mse=6.6309e+00  val_mse=6.5280e-02  val_L0=32.0  dead=0.345
  -> saved training curves to checkpoints_topk_K32/training_curves.png
  -> saved best checkpoint (val_mse=6.5280e-02)
[step  670000 | ep 1] train_mse=6.5061e+00  val_mse=6.5259e-02  val_L0=32.0  dead=0.349
  -> saved training curves to checkpoints_topk_K32/training_curves.png
  -> saved best checkpoint (val_mse=6.5259e-02)
[step  680000 | ep 1] train_mse=6.3733e+00  val_mse=6.5222e-02  val_L0=32.0  dead=0.343
  -> saved training curves to checkpoints_topk_K32/training_curves.png
  -> saved best checkpoint (val_mse=6.5222e-02)
[step  690000 | ep 1] train_mse=6.4763e+00  val_mse=6.5113e-02  val_L0=32.0  dead=0.346
  -> saved training curves to checkpoints_topk_K32/training_curves.png
  -> saved best checkpoint (val_mse=6.5113e-02)
[step  700000 | ep 1] train_mse=6.4744e+00  val_mse=6.5073e-02  val_L0=32.0  dead=0.343
  -> saved training curves to checkpoints_topk_K32/training_curves.png
  -> saved best checkpoint (val_mse=6.5073e-02)
Epoch 1 done  (step=703329)
[step  710000 | ep 2] train_mse=6.5187e+00  val_mse=6.5000e-02  val_L0=32.0  dead=0.349
  -> saved training curves to checkpoints_topk_K32/training_curves.png
  -> saved best checkpoint (val_mse=6.5000e-02)
[step  720000 | ep 2] train_mse=6.4694e+00  val_mse=6.4982e-02  val_L0=32.0  dead=0.345
  -> saved training curves to checkpoints_topk_K32/training_curves.png
  -> saved best checkpoint (val_mse=6.4982e-02)
[step  730000 | ep 2] train_mse=6.4036e+00  val_mse=6.4931e-02  val_L0=32.0  dead=0.337
  -> saved training curves to checkpoints_topk_K32/training_curves.png
  -> saved best checkpoint (val_mse=6.4931e-02)
[step  740000 | ep 2] train_mse=6.4683e+00  val_mse=6.4929e-02  val_L0=32.0  dead=0.340
  -> saved training curves to checkpoints_topk_K32/training_curves.png
  -> saved best checkpoint (val_mse=6.4929e-02)
[step  750000 | ep 2] train_mse=6.5917e+00  val_mse=6.4840e-02  val_L0=32.0  dead=0.343
  -> saved training curves to checkpoints_topk_K32/training_curves.png
  -> saved best checkpoint (val_mse=6.4840e-02)
[step  760000 | ep 2] train_mse=6.4004e+00  val_mse=6.4740e-02  val_L0=32.0  dead=0.341
  -> saved training curves to checkpoints_topk_K32/training_curves.png
  -> saved best checkpoint (val_mse=6.4740e-02)
[step  770000 | ep 2] train_mse=6.4312e+00  val_mse=6.4765e-02  val_L0=32.0  dead=0.343
  -> saved training curves to checkpoints_topk_K32/training_curves.png
  -> no improvement (1/8)
[step  780000 | ep 2] train_mse=6.4395e+00  val_mse=6.4656e-02  val_L0=32.0  dead=0.348
  -> saved training curves to checkpoints_topk_K32/training_curves.png
  -> saved best checkpoint (val_mse=6.4656e-02)
[step  790000 | ep 2] train_mse=6.5261e+00  val_mse=6.4605e-02  val_L0=32.0  dead=0.345
  -> saved training curves to checkpoints_topk_K32/training_curves.png
  -> saved best checkpoint (val_mse=6.4605e-02)
[step  800000 | ep 2] train_mse=6.3590e+00  val_mse=6.4614e-02  val_L0=32.0  dead=0.343
  -> saved training curves to checkpoints_topk_K32/training_curves.png
  -> no improvement (1/8)
[step  810000 | ep 2] train_mse=6.4675e+00  val_mse=6.4499e-02  val_L0=32.0  dead=0.341
  -> saved training curves to checkpoints_topk_K32/training_curves.png
  -> saved best checkpoint (val_mse=6.4499e-02)
[step  820000 | ep 2] train_mse=6.4418e+00  val_mse=6.4443e-02  val_L0=32.0  dead=0.344
  -> saved training curves to checkpoints_topk_K32/training_curves.png
  -> saved best checkpoint (val_mse=6.4443e-02)
[step  830000 | ep 2] train_mse=6.3687e+00  val_mse=6.4409e-02  val_L0=32.0  dead=0.347
  -> saved training curves to checkpoints_topk_K32/training_curves.png
  -> saved best checkpoint (val_mse=6.4409e-02)
[step  840000 | ep 2] train_mse=6.2444e+00  val_mse=6.4388e-02  val_L0=32.0  dead=0.348
  -> saved training curves to checkpoints_topk_K32/training_curves.png
  -> saved best checkpoint (val_mse=6.4388e-02)
[step  850000 | ep 2] train_mse=6.3443e+00  val_mse=6.4354e-02  val_L0=32.0  dead=0.346
  -> saved training curves to checkpoints_topk_K32/training_curves.png
  -> saved best checkpoint (val_mse=6.4354e-02)
[step  860000 | ep 2] train_mse=6.3436e+00  val_mse=6.4275e-02  val_L0=32.0  dead=0.343
  -> saved training curves to checkpoints_topk_K32/training_curves.png
  -> saved best checkpoint (val_mse=6.4275e-02)
[step  870000 | ep 2] train_mse=6.3490e+00  val_mse=6.4255e-02  val_L0=32.0  dead=0.345
  -> saved training curves to checkpoints_topk_K32/training_curves.png
  -> saved best checkpoint (val_mse=6.4255e-02)
[step  880000 | ep 2] train_mse=6.2508e+00  val_mse=6.4204e-02  val_L0=32.0  dead=0.345
  -> saved training curves to checkpoints_topk_K32/training_curves.png
  -> saved best checkpoint (val_mse=6.4204e-02)
[step  890000 | ep 2] train_mse=6.3857e+00  val_mse=6.4137e-02  val_L0=32.0  dead=0.346
  -> saved training curves to checkpoints_topk_K32/training_curves.png
  -> saved best checkpoint (val_mse=6.4137e-02)
[step  900000 | ep 2] train_mse=6.2654e+00  val_mse=6.4114e-02  val_L0=32.0  dead=0.350
  -> saved training curves to checkpoints_topk_K32/training_curves.png
  -> saved best checkpoint (val_mse=6.4114e-02)
[step  910000 | ep 2] train_mse=6.4299e+00  val_mse=6.4078e-02  val_L0=32.0  dead=0.349
  -> saved training curves to checkpoints_topk_K32/training_curves.png
  -> saved best checkpoint (val_mse=6.4078e-02)
[step  920000 | ep 2] train_mse=6.5101e+00  val_mse=6.4000e-02  val_L0=32.0  dead=0.349
  -> saved training curves to checkpoints_topk_K32/training_curves.png
  -> saved best checkpoint (val_mse=6.4000e-02)
[step  930000 | ep 2] train_mse=6.4234e+00  val_mse=6.4009e-02  val_L0=32.0  dead=0.348
  -> saved training curves to checkpoints_topk_K32/training_curves.png
  -> no improvement (1/8)
[step  940000 | ep 2] train_mse=6.4266e+00  val_mse=6.3981e-02  val_L0=32.0  dead=0.346
  -> saved training curves to checkpoints_topk_K32/training_curves.png
  -> saved best checkpoint (val_mse=6.3981e-02)
[step  950000 | ep 2] train_mse=6.2638e+00  val_mse=6.3935e-02  val_L0=32.0  dead=0.346
  -> saved training curves to checkpoints_topk_K32/training_curves.png
  -> saved best checkpoint (val_mse=6.3935e-02)
[step  960000 | ep 2] train_mse=6.2474e+00  val_mse=6.3935e-02  val_L0=32.0  dead=0.343
  -> saved training curves to checkpoints_topk_K32/training_curves.png
  -> no improvement (1/8)
[step  970000 | ep 2] train_mse=6.2873e+00  val_mse=6.3887e-02  val_L0=32.0  dead=0.348
  -> saved training curves to checkpoints_topk_K32/training_curves.png
  -> saved best checkpoint (val_mse=6.3887e-02)
[step  980000 | ep 2] train_mse=6.3108e+00  val_mse=6.3813e-02  val_L0=32.0  dead=0.348
  -> saved training curves to checkpoints_topk_K32/training_curves.png
  -> saved best checkpoint (val_mse=6.3813e-02)
[step  990000 | ep 2] train_mse=6.3222e+00  val_mse=6.3803e-02  val_L0=32.0  dead=0.352
  -> saved training curves to checkpoints_topk_K32/training_curves.png
  -> saved best checkpoint (val_mse=6.3803e-02)
[step 1000000 | ep 2] train_mse=6.2393e+00  val_mse=6.3850e-02  val_L0=32.0  dead=0.351
  -> saved training curves to checkpoints_topk_K32/training_curves.png
  -> no improvement (1/8)
[step 1010000 | ep 2] train_mse=6.3149e+00  val_mse=6.3780e-02  val_L0=32.0  dead=0.347
  -> saved training curves to checkpoints_topk_K32/training_curves.png
  -> saved best checkpoint (val_mse=6.3780e-02)
[step 1020000 | ep 2] train_mse=6.3512e+00  val_mse=6.3754e-02  val_L0=32.0  dead=0.347
  -> saved training curves to checkpoints_topk_K32/training_curves.png
  -> saved best checkpoint (val_mse=6.3754e-02)
[step 1030000 | ep 2] train_mse=6.3077e+00  val_mse=6.3744e-02  val_L0=32.0  dead=0.351
  -> saved training curves to checkpoints_topk_K32/training_curves.png
  -> saved best checkpoint (val_mse=6.3744e-02)
[step 1040000 | ep 2] train_mse=6.2246e+00  val_mse=6.3717e-02  val_L0=32.0  dead=0.346
  -> saved training curves to checkpoints_topk_K32/training_curves.png
  -> saved best checkpoint (val_mse=6.3717e-02)
[step 1050000 | ep 2] train_mse=6.2937e+00  val_mse=6.3680e-02  val_L0=32.0  dead=0.342
  -> saved training curves to checkpoints_topk_K32/training_curves.png
  -> saved best checkpoint (val_mse=6.3680e-02)
[step 1060000 | ep 2] train_mse=6.2612e+00  val_mse=6.3646e-02  val_L0=32.0  dead=0.343
  -> saved training curves to checkpoints_topk_K32/training_curves.png
  -> saved best checkpoint (val_mse=6.3646e-02)
[step 1070000 | ep 2] train_mse=6.2229e+00  val_mse=6.3630e-02  val_L0=32.0  dead=0.347
  -> saved training curves to checkpoints_topk_K32/training_curves.png
  -> saved best checkpoint (val_mse=6.3630e-02)
[step 1080000 | ep 2] train_mse=6.2507e+00  val_mse=6.3589e-02  val_L0=32.0  dead=0.343
  -> saved training curves to checkpoints_topk_K32/training_curves.png
  -> saved best checkpoint (val_mse=6.3589e-02)
[step 1090000 | ep 2] train_mse=6.2564e+00  val_mse=6.3566e-02  val_L0=32.0  dead=0.339
  -> saved training curves to checkpoints_topk_K32/training_curves.png
  -> saved best checkpoint (val_mse=6.3566e-02)
[step 1100000 | ep 2] train_mse=6.2897e+00  val_mse=6.3554e-02  val_L0=32.0  dead=0.345
  -> saved training curves to checkpoints_topk_K32/training_curves.png
  -> saved best checkpoint (val_mse=6.3554e-02)
[step 1110000 | ep 2] train_mse=6.3206e+00  val_mse=6.3527e-02  val_L0=32.0  dead=0.345
  -> saved training curves to checkpoints_topk_K32/training_curves.png
  -> saved best checkpoint (val_mse=6.3527e-02)
[step 1120000 | ep 2] train_mse=6.2544e+00  val_mse=6.3468e-02  val_L0=32.0  dead=0.340
  -> saved training curves to checkpoints_topk_K32/training_curves.png
  -> saved best checkpoint (val_mse=6.3468e-02)
[step 1130000 | ep 2] train_mse=6.2491e+00  val_mse=6.3466e-02  val_L0=32.0  dead=0.345
  -> saved training curves to checkpoints_topk_K32/training_curves.png
  -> saved best checkpoint (val_mse=6.3466e-02)
[step 1140000 | ep 2] train_mse=6.3115e+00  val_mse=6.3441e-02  val_L0=32.0  dead=0.343
  -> saved training curves to checkpoints_topk_K32/training_curves.png
  -> saved best checkpoint (val_mse=6.3441e-02)
[step 1150000 | ep 2] train_mse=6.2738e+00  val_mse=6.3450e-02  val_L0=32.0  dead=0.342
  -> saved training curves to checkpoints_topk_K32/training_curves.png
  -> no improvement (1/8)
[step 1160000 | ep 2] train_mse=6.2812e+00  val_mse=6.3410e-02  val_L0=32.0  dead=0.344
  -> saved training curves to checkpoints_topk_K32/training_curves.png
  -> saved best checkpoint (val_mse=6.3410e-02)
[step 1170000 | ep 2] train_mse=6.1928e+00  val_mse=6.3367e-02  val_L0=32.0  dead=0.346
  -> saved training curves to checkpoints_topk_K32/training_curves.png
  -> saved best checkpoint (val_mse=6.3367e-02)
[step 1180000 | ep 2] train_mse=6.2686e+00  val_mse=6.3386e-02  val_L0=32.0  dead=0.342
  -> saved training curves to checkpoints_topk_K32/training_curves.png
  -> no improvement (1/8)
[step 1190000 | ep 2] train_mse=6.3988e+00  val_mse=6.3332e-02  val_L0=32.0  dead=0.339
  -> saved training curves to checkpoints_topk_K32/training_curves.png
  -> saved best checkpoint (val_mse=6.3332e-02)
[step 1200000 | ep 2] train_mse=6.2384e+00  val_mse=6.3297e-02  val_L0=32.0  dead=0.338
  -> saved training curves to checkpoints_topk_K32/training_curves.png
  -> saved best checkpoint (val_mse=6.3297e-02)
[step 1210000 | ep 2] train_mse=6.3133e+00  val_mse=6.3274e-02  val_L0=32.0  dead=0.340
  -> saved training curves to checkpoints_topk_K32/training_curves.png
  -> saved best checkpoint (val_mse=6.3274e-02)
[step 1220000 | ep 2] train_mse=6.2648e+00  val_mse=6.3244e-02  val_L0=32.0  dead=0.339
  -> saved training curves to checkpoints_topk_K32/training_curves.png
  -> saved best checkpoint (val_mse=6.3244e-02)
[step 1230000 | ep 2] train_mse=6.1016e+00  val_mse=6.3229e-02  val_L0=32.0  dead=0.336
  -> saved training curves to checkpoints_topk_K32/training_curves.png
  -> saved best checkpoint (val_mse=6.3229e-02)
[step 1240000 | ep 2] train_mse=6.2700e+00  val_mse=6.3206e-02  val_L0=32.0  dead=0.346
  -> saved training curves to checkpoints_topk_K32/training_curves.png
  -> saved best checkpoint (val_mse=6.3206e-02)
[step 1250000 | ep 2] train_mse=6.1868e+00  val_mse=6.3159e-02  val_L0=32.0  dead=0.337
  -> saved training curves to checkpoints_topk_K32/training_curves.png
  -> saved best checkpoint (val_mse=6.3159e-02)
[step 1260000 | ep 2] train_mse=6.2342e+00  val_mse=6.3169e-02  val_L0=32.0  dead=0.337
  -> saved training curves to checkpoints_topk_K32/training_curves.png
  -> no improvement (1/8)
[step 1270000 | ep 2] train_mse=6.2369e+00  val_mse=6.3117e-02  val_L0=32.0  dead=0.339
  -> saved training curves to checkpoints_topk_K32/training_curves.png
  -> saved best checkpoint (val_mse=6.3117e-02)
[step 1280000 | ep 2] train_mse=6.2258e+00  val_mse=6.3140e-02  val_L0=32.0  dead=0.344
  -> saved training curves to checkpoints_topk_K32/training_curves.png
  -> no improvement (1/8)
[step 1290000 | ep 2] train_mse=6.1482e+00  val_mse=6.3103e-02  val_L0=32.0  dead=0.335
  -> saved training curves to checkpoints_topk_K32/training_curves.png
  -> saved best checkpoint (val_mse=6.3103e-02)
[step 1300000 | ep 2] train_mse=6.2456e+00  val_mse=6.3104e-02  val_L0=32.0  dead=0.339
  -> saved training curves to checkpoints_topk_K32/training_curves.png
  -> no improvement (1/8)
[step 1310000 | ep 2] train_mse=6.2795e+00  val_mse=6.3069e-02  val_L0=32.0  dead=0.338
  -> saved training curves to checkpoints_topk_K32/training_curves.png
  -> saved best checkpoint (val_mse=6.3069e-02)
[step 1320000 | ep 2] train_mse=6.2714e+00  val_mse=6.3042e-02  val_L0=32.0  dead=0.339
  -> saved training curves to checkpoints_topk_K32/training_curves.png
  -> saved best checkpoint (val_mse=6.3042e-02)
[step 1330000 | ep 2] train_mse=6.2414e+00  val_mse=6.3056e-02  val_L0=32.0  dead=0.335
  -> saved training curves to checkpoints_topk_K32/training_curves.png
  -> no improvement (1/8)
[step 1340000 | ep 2] train_mse=6.3876e+00  val_mse=6.3018e-02  val_L0=32.0  dead=0.338
  -> saved training curves to checkpoints_topk_K32/training_curves.png
  -> saved best checkpoint (val_mse=6.3018e-02)
[step 1350000 | ep 2] train_mse=6.1828e+00  val_mse=6.3007e-02  val_L0=32.0  dead=0.334
  -> saved training curves to checkpoints_topk_K32/training_curves.png
  -> saved best checkpoint (val_mse=6.3007e-02)
[step 1360000 | ep 2] train_mse=6.2304e+00  val_mse=6.3010e-02  val_L0=32.0  dead=0.336
  -> saved training curves to checkpoints_topk_K32/training_curves.png
  -> no improvement (1/8)
[step 1370000 | ep 2] train_mse=6.3058e+00  val_mse=6.3014e-02  val_L0=32.0  dead=0.334
  -> saved training curves to checkpoints_topk_K32/training_curves.png
  -> no improvement (2/8)
[step 1380000 | ep 2] train_mse=6.2390e+00  val_mse=6.2973e-02  val_L0=32.0  dead=0.331
  -> saved training curves to checkpoints_topk_K32/training_curves.png
  -> saved best checkpoint (val_mse=6.2973e-02)
[step 1390000 | ep 2] train_mse=6.1485e+00  val_mse=6.3011e-02  val_L0=32.0  dead=0.335
  -> saved training curves to checkpoints_topk_K32/training_curves.png
  -> no improvement (1/8)
[step 1400000 | ep 2] train_mse=6.2459e+00  val_mse=6.2937e-02  val_L0=32.0  dead=0.335
  -> saved training curves to checkpoints_topk_K32/training_curves.png
  -> saved best checkpoint (val_mse=6.2937e-02)
Epoch 2 done  (step=1406658)
[step 1410000 | ep 3] train_mse=6.1961e+00  val_mse=6.2990e-02  val_L0=32.0  dead=0.333
  -> saved training curves to checkpoints_topk_K32/training_curves.png
  -> no improvement (1/8)
[step 1420000 | ep 3] train_mse=6.2285e+00  val_mse=6.2956e-02  val_L0=32.0  dead=0.338
  -> saved training curves to checkpoints_topk_K32/training_curves.png
  -> no improvement (2/8)
[step 1430000 | ep 3] train_mse=6.3504e+00  val_mse=6.2926e-02  val_L0=32.0  dead=0.334
  -> saved training curves to checkpoints_topk_K32/training_curves.png
  -> saved best checkpoint (val_mse=6.2926e-02)
[step 1440000 | ep 3] train_mse=6.2545e+00  val_mse=6.2917e-02  val_L0=32.0  dead=0.335
  -> saved training curves to checkpoints_topk_K32/training_curves.png
  -> saved best checkpoint (val_mse=6.2917e-02)
[step 1450000 | ep 3] train_mse=6.2162e+00  val_mse=6.2883e-02  val_L0=32.0  dead=0.339
  -> saved training curves to checkpoints_topk_K32/training_curves.png
  -> saved best checkpoint (val_mse=6.2883e-02)
[step 1460000 | ep 3] train_mse=6.1807e+00  val_mse=6.2893e-02  val_L0=32.0  dead=0.339
  -> saved training curves to checkpoints_topk_K32/training_curves.png
  -> no improvement (1/8)
[step 1470000 | ep 3] train_mse=6.2276e+00  val_mse=6.2859e-02  val_L0=32.0  dead=0.333
  -> saved training curves to checkpoints_topk_K32/training_curves.png
  -> saved best checkpoint (val_mse=6.2859e-02)
[step 1480000 | ep 3] train_mse=6.1802e+00  val_mse=6.2862e-02  val_L0=32.0  dead=0.336
  -> saved training curves to checkpoints_topk_K32/training_curves.png
  -> no improvement (1/8)
[step 1490000 | ep 3] train_mse=6.1890e+00  val_mse=6.2853e-02  val_L0=32.0  dead=0.334
  -> saved training curves to checkpoints_topk_K32/training_curves.png
  -> saved best checkpoint (val_mse=6.2853e-02)
[step 1500000 | ep 3] train_mse=6.2044e+00  val_mse=6.2860e-02  val_L0=32.0  dead=0.336
  -> saved training curves to checkpoints_topk_K32/training_curves.png
  -> no improvement (1/8)
[step 1510000 | ep 3] train_mse=6.1250e+00  val_mse=6.2824e-02  val_L0=32.0  dead=0.331
  -> saved training curves to checkpoints_topk_K32/training_curves.png
  -> saved best checkpoint (val_mse=6.2824e-02)
[step 1520000 | ep 3] train_mse=6.1678e+00  val_mse=6.2781e-02  val_L0=32.0  dead=0.334
  -> saved training curves to checkpoints_topk_K32/training_curves.png
  -> saved best checkpoint (val_mse=6.2781e-02)
[step 1530000 | ep 3] train_mse=6.3535e+00  val_mse=6.2817e-02  val_L0=32.0  dead=0.330
  -> saved training curves to checkpoints_topk_K32/training_curves.png
  -> no improvement (1/8)
[step 1540000 | ep 3] train_mse=6.2329e+00  val_mse=6.2799e-02  val_L0=32.0  dead=0.334
  -> saved training curves to checkpoints_topk_K32/training_curves.png
  -> no improvement (2/8)
[step 1550000 | ep 3] train_mse=6.1260e+00  val_mse=6.2786e-02  val_L0=32.0  dead=0.334
  -> saved training curves to checkpoints_topk_K32/training_curves.png
  -> no improvement (3/8)
[step 1560000 | ep 3] train_mse=6.3366e+00  val_mse=6.2771e-02  val_L0=32.0  dead=0.335
  -> saved training curves to checkpoints_topk_K32/training_curves.png
  -> saved best checkpoint (val_mse=6.2771e-02)
[step 1570000 | ep 3] train_mse=6.2238e+00  val_mse=6.2742e-02  val_L0=32.0  dead=0.333
  -> saved training curves to checkpoints_topk_K32/training_curves.png
  -> saved best checkpoint (val_mse=6.2742e-02)
[step 1580000 | ep 3] train_mse=6.2018e+00  val_mse=6.2722e-02  val_L0=32.0  dead=0.332
  -> saved training curves to checkpoints_topk_K32/training_curves.png
  -> saved best checkpoint (val_mse=6.2722e-02)
[step 1590000 | ep 3] train_mse=6.3682e+00  val_mse=6.2666e-02  val_L0=32.0  dead=0.334
  -> saved training curves to checkpoints_topk_K32/training_curves.png
  -> saved best checkpoint (val_mse=6.2666e-02)
[step 1600000 | ep 3] train_mse=6.2094e+00  val_mse=6.2730e-02  val_L0=32.0  dead=0.334
  -> saved training curves to checkpoints_topk_K32/training_curves.png
  -> no improvement (1/8)
[step 1610000 | ep 3] train_mse=6.1812e+00  val_mse=6.2707e-02  val_L0=32.0  dead=0.339
  -> saved training curves to checkpoints_topk_K32/training_curves.png
  -> no improvement (2/8)
[step 1620000 | ep 3] train_mse=6.1644e+00  val_mse=6.2735e-02  val_L0=32.0  dead=0.336
  -> saved training curves to checkpoints_topk_K32/training_curves.png
  -> no improvement (3/8)
[step 1630000 | ep 3] train_mse=6.2526e+00  val_mse=6.2706e-02  val_L0=32.0  dead=0.334
  -> saved training curves to checkpoints_topk_K32/training_curves.png
  -> no improvement (4/8)
[step 1640000 | ep 3] train_mse=6.1756e+00  val_mse=6.2664e-02  val_L0=32.0  dead=0.336
  -> saved training curves to checkpoints_topk_K32/training_curves.png
  -> saved best checkpoint (val_mse=6.2664e-02)
[step 1650000 | ep 3] train_mse=6.2011e+00  val_mse=6.2675e-02  val_L0=32.0  dead=0.336
  -> saved training curves to checkpoints_topk_K32/training_curves.png
  -> no improvement (1/8)
[step 1660000 | ep 3] train_mse=6.0876e+00  val_mse=6.2634e-02  val_L0=32.0  dead=0.331
  -> saved training curves to checkpoints_topk_K32/training_curves.png
  -> saved best checkpoint (val_mse=6.2634e-02)
[step 1670000 | ep 3] train_mse=6.1677e+00  val_mse=6.2665e-02  val_L0=32.0  dead=0.331
  -> saved training curves to checkpoints_topk_K32/training_curves.png
  -> no improvement (1/8)
[step 1680000 | ep 3] train_mse=6.2566e+00  val_mse=6.2645e-02  val_L0=32.0  dead=0.338
  -> saved training curves to checkpoints_topk_K32/training_curves.png
  -> no improvement (2/8)
[step 1690000 | ep 3] train_mse=6.0847e+00  val_mse=6.2642e-02  val_L0=32.0  dead=0.330
  -> saved training curves to checkpoints_topk_K32/training_curves.png
  -> no improvement (3/8)
[step 1700000 | ep 3] train_mse=6.1764e+00  val_mse=6.2652e-02  val_L0=32.0  dead=0.332
  -> saved training curves to checkpoints_topk_K32/training_curves.png
  -> no improvement (4/8)
[step 1710000 | ep 3] train_mse=6.1561e+00  val_mse=6.2619e-02  val_L0=32.0  dead=0.332
  -> saved training curves to checkpoints_topk_K32/training_curves.png
  -> saved best checkpoint (val_mse=6.2619e-02)
[step 1720000 | ep 3] train_mse=6.1568e+00  val_mse=6.2576e-02  val_L0=32.0  dead=0.338
  -> saved training curves to checkpoints_topk_K32/training_curves.png
  -> saved best checkpoint (val_mse=6.2576e-02)
[step 1730000 | ep 3] train_mse=6.1738e+00  val_mse=6.2592e-02  val_L0=32.0  dead=0.336
  -> saved training curves to checkpoints_topk_K32/training_curves.png
  -> no improvement (1/8)
[step 1740000 | ep 3] train_mse=6.2040e+00  val_mse=6.2542e-02  val_L0=32.0  dead=0.337
  -> saved training curves to checkpoints_topk_K32/training_curves.png
  -> saved best checkpoint (val_mse=6.2542e-02)
[step 1750000 | ep 3] train_mse=6.2182e+00  val_mse=6.2551e-02  val_L0=32.0  dead=0.339
  -> saved training curves to checkpoints_topk_K32/training_curves.png
  -> no improvement (1/8)
[step 1760000 | ep 3] train_mse=6.2194e+00  val_mse=6.2534e-02  val_L0=32.0  dead=0.333
  -> saved training curves to checkpoints_topk_K32/training_curves.png
  -> saved best checkpoint (val_mse=6.2534e-02)
[step 1770000 | ep 3] train_mse=6.2804e+00  val_mse=6.2515e-02  val_L0=32.0  dead=0.332
  -> saved training curves to checkpoints_topk_K32/training_curves.png
  -> saved best checkpoint (val_mse=6.2515e-02)
[step 1780000 | ep 3] train_mse=6.1319e+00  val_mse=6.2572e-02  val_L0=32.0  dead=0.334
  -> saved training curves to checkpoints_topk_K32/training_curves.png
  -> no improvement (1/8)
[step 1790000 | ep 3] train_mse=6.2020e+00  val_mse=6.2469e-02  val_L0=32.0  dead=0.339
  -> saved training curves to checkpoints_topk_K32/training_curves.png
  -> saved best checkpoint (val_mse=6.2469e-02)
[step 1800000 | ep 3] train_mse=6.0637e+00  val_mse=6.2493e-02  val_L0=32.0  dead=0.336
  -> saved training curves to checkpoints_topk_K32/training_curves.png
  -> no improvement (1/8)
[step 1810000 | ep 3] train_mse=6.2889e+00  val_mse=6.2445e-02  val_L0=32.0  dead=0.335
  -> saved training curves to checkpoints_topk_K32/training_curves.png
  -> saved best checkpoint (val_mse=6.2445e-02)
[step 1820000 | ep 3] train_mse=6.0538e+00  val_mse=6.2467e-02  val_L0=32.0  dead=0.335
  -> saved training curves to checkpoints_topk_K32/training_curves.png
  -> no improvement (1/8)
[step 1830000 | ep 3] train_mse=6.1048e+00  val_mse=6.2480e-02  val_L0=32.0  dead=0.338
  -> saved training curves to checkpoints_topk_K32/training_curves.png
  -> no improvement (2/8)
[step 1840000 | ep 3] train_mse=6.1671e+00  val_mse=6.2393e-02  val_L0=32.0  dead=0.339
  -> saved training curves to checkpoints_topk_K32/training_curves.png
  -> saved best checkpoint (val_mse=6.2393e-02)
[step 1850000 | ep 3] train_mse=6.1004e+00  val_mse=6.2423e-02  val_L0=32.0  dead=0.335
  -> saved training curves to checkpoints_topk_K32/training_curves.png
  -> no improvement (1/8)
[step 1860000 | ep 3] train_mse=6.1213e+00  val_mse=6.2396e-02  val_L0=32.0  dead=0.337
  -> saved training curves to checkpoints_topk_K32/training_curves.png
  -> no improvement (2/8)
[step 1870000 | ep 3] train_mse=6.0373e+00  val_mse=6.2391e-02  val_L0=32.0  dead=0.337
  -> saved training curves to checkpoints_topk_K32/training_curves.png
  -> saved best checkpoint (val_mse=6.2391e-02)
[step 1880000 | ep 3] train_mse=6.2537e+00  val_mse=6.2371e-02  val_L0=32.0  dead=0.337
  -> saved training curves to checkpoints_topk_K32/training_curves.png
  -> saved best checkpoint (val_mse=6.2371e-02)
[step 1890000 | ep 3] train_mse=6.0455e+00  val_mse=6.2369e-02  val_L0=32.0  dead=0.339
  -> saved training curves to checkpoints_topk_K32/training_curves.png
  -> saved best checkpoint (val_mse=6.2369e-02)
[step 1900000 | ep 3] train_mse=6.0878e+00  val_mse=6.2354e-02  val_L0=32.0  dead=0.339
  -> saved training curves to checkpoints_topk_K32/training_curves.png
  -> saved best checkpoint (val_mse=6.2354e-02)
[step 1910000 | ep 3] train_mse=5.9873e+00  val_mse=6.2363e-02  val_L0=32.0  dead=0.341
  -> saved training curves to checkpoints_topk_K32/training_curves.png
  -> no improvement (1/8)
[step 1920000 | ep 3] train_mse=6.0533e+00  val_mse=6.2337e-02  val_L0=32.0  dead=0.334
  -> saved training curves to checkpoints_topk_K32/training_curves.png
  -> saved best checkpoint (val_mse=6.2337e-02)
[step 1930000 | ep 3] train_mse=6.1109e+00  val_mse=6.2336e-02  val_L0=32.0  dead=0.339
  -> saved training curves to checkpoints_topk_K32/training_curves.png
  -> saved best checkpoint (val_mse=6.2336e-02)
[step 1940000 | ep 3] train_mse=6.0316e+00  val_mse=6.2344e-02  val_L0=32.0  dead=0.338
  -> saved training curves to checkpoints_topk_K32/training_curves.png
  -> no improvement (1/8)
[step 1950000 | ep 3] train_mse=6.1741e+00  val_mse=6.2273e-02  val_L0=32.0  dead=0.337
  -> saved training curves to checkpoints_topk_K32/training_curves.png
  -> saved best checkpoint (val_mse=6.2273e-02)
[step 1960000 | ep 3] train_mse=6.1377e+00  val_mse=6.2274e-02  val_L0=32.0  dead=0.334
  -> saved training curves to checkpoints_topk_K32/training_curves.png
  -> no improvement (1/8)
[step 1970000 | ep 3] train_mse=6.0474e+00  val_mse=6.2273e-02  val_L0=32.0  dead=0.340
  -> saved training curves to checkpoints_topk_K32/training_curves.png
  -> saved best checkpoint (val_mse=6.2273e-02)
[step 1980000 | ep 3] train_mse=6.1833e+00  val_mse=6.2197e-02  val_L0=32.0  dead=0.334
  -> saved training curves to checkpoints_topk_K32/training_curves.png
  -> saved best checkpoint (val_mse=6.2197e-02)
[step 1990000 | ep 3] train_mse=6.1765e+00  val_mse=6.2198e-02  val_L0=32.0  dead=0.337
  -> saved training curves to checkpoints_topk_K32/training_curves.png
  -> no improvement (1/8)
[step 2000000 | ep 3] train_mse=6.1932e+00  val_mse=6.2255e-02  val_L0=32.0  dead=0.337
  -> saved training curves to checkpoints_topk_K32/training_curves.png
  -> no improvement (2/8)
[step 2010000 | ep 3] train_mse=6.1593e+00  val_mse=6.2241e-02  val_L0=32.0  dead=0.333
  -> saved training curves to checkpoints_topk_K32/training_curves.png
  -> no improvement (3/8)
[step 2020000 | ep 3] train_mse=6.1853e+00  val_mse=6.2220e-02  val_L0=32.0  dead=0.336
  -> saved training curves to checkpoints_topk_K32/training_curves.png
  -> no improvement (4/8)
[step 2030000 | ep 3] train_mse=6.1023e+00  val_mse=6.2192e-02  val_L0=32.0  dead=0.335
  -> saved training curves to checkpoints_topk_K32/training_curves.png
  -> saved best checkpoint (val_mse=6.2192e-02)
[step 2040000 | ep 3] train_mse=6.2083e+00  val_mse=6.2217e-02  val_L0=32.0  dead=0.335
  -> saved training curves to checkpoints_topk_K32/training_curves.png
  -> no improvement (1/8)
[step 2050000 | ep 3] train_mse=6.2130e+00  val_mse=6.2203e-02  val_L0=32.0  dead=0.335
  -> saved training curves to checkpoints_topk_K32/training_curves.png
  -> no improvement (2/8)
[step 2060000 | ep 3] train_mse=6.0517e+00  val_mse=6.2148e-02  val_L0=32.0  dead=0.339
  -> saved training curves to checkpoints_topk_K32/training_curves.png
  -> saved best checkpoint (val_mse=6.2148e-02)
[step 2070000 | ep 3] train_mse=6.1873e+00  val_mse=6.2153e-02  val_L0=32.0  dead=0.337
  -> saved training curves to checkpoints_topk_K32/training_curves.png
  -> no improvement (1/8)
[step 2080000 | ep 3] train_mse=6.0219e+00  val_mse=6.2174e-02  val_L0=32.0  dead=0.335
  -> saved training curves to checkpoints_topk_K32/training_curves.png
  -> no improvement (2/8)
[step 2090000 | ep 3] train_mse=6.2256e+00  val_mse=6.2107e-02  val_L0=32.0  dead=0.334
  -> saved training curves to checkpoints_topk_K32/training_curves.png
  -> saved best checkpoint (val_mse=6.2107e-02)
[step 2100000 | ep 3] train_mse=6.1708e+00  val_mse=6.2134e-02  val_L0=32.0  dead=0.333
  -> saved training curves to checkpoints_topk_K32/training_curves.png
  -> no improvement (1/8)
Epoch 3 done  (step=2109987)
[step 2110000 | ep 4] train_mse=6.1811e+00  val_mse=6.2132e-02  val_L0=32.0  dead=0.339
  -> saved training curves to checkpoints_topk_K32/training_curves.png
  -> no improvement (2/8)
[step 2120000 | ep 4] train_mse=6.2406e+00  val_mse=6.2075e-02  val_L0=32.0  dead=0.336
  -> saved training curves to checkpoints_topk_K32/training_curves.png
  -> saved best checkpoint (val_mse=6.2075e-02)
[step 2130000 | ep 4] train_mse=6.1594e+00  val_mse=6.2084e-02  val_L0=32.0  dead=0.334
  -> saved training curves to checkpoints_topk_K32/training_curves.png
  -> no improvement (1/8)
[step 2140000 | ep 4] train_mse=6.1326e+00  val_mse=6.2081e-02  val_L0=32.0  dead=0.331
  -> saved training curves to checkpoints_topk_K32/training_curves.png
  -> no improvement (2/8)
[step 2150000 | ep 4] train_mse=6.0258e+00  val_mse=6.2043e-02  val_L0=32.0  dead=0.332
  -> saved training curves to checkpoints_topk_K32/training_curves.png
  -> saved best checkpoint (val_mse=6.2043e-02)
[step 2160000 | ep 4] train_mse=6.1610e+00  val_mse=6.2041e-02  val_L0=32.0  dead=0.334
  -> saved training curves to checkpoints_topk_K32/training_curves.png
  -> saved best checkpoint (val_mse=6.2041e-02)
[step 2170000 | ep 4] train_mse=6.1190e+00  val_mse=6.2024e-02  val_L0=32.0  dead=0.334
  -> saved training curves to checkpoints_topk_K32/training_curves.png
  -> saved best checkpoint (val_mse=6.2024e-02)
[step 2180000 | ep 4] train_mse=6.1563e+00  val_mse=6.2018e-02  val_L0=32.0  dead=0.334
  -> saved training curves to checkpoints_topk_K32/training_curves.png
  -> saved best checkpoint (val_mse=6.2018e-02)
[step 2190000 | ep 4] train_mse=6.0917e+00  val_mse=6.2031e-02  val_L0=32.0  dead=0.333
  -> saved training curves to checkpoints_topk_K32/training_curves.png
  -> no improvement (1/8)
[step 2200000 | ep 4] train_mse=6.1085e+00  val_mse=6.1967e-02  val_L0=32.0  dead=0.333
  -> saved training curves to checkpoints_topk_K32/training_curves.png
  -> saved best checkpoint (val_mse=6.1967e-02)
[step 2210000 | ep 4] train_mse=6.0562e+00  val_mse=6.1998e-02  val_L0=32.0  dead=0.332
  -> saved training curves to checkpoints_topk_K32/training_curves.png
  -> no improvement (1/8)
[step 2220000 | ep 4] train_mse=6.0806e+00  val_mse=6.1946e-02  val_L0=32.0  dead=0.335
  -> saved training curves to checkpoints_topk_K32/training_curves.png
  -> saved best checkpoint (val_mse=6.1946e-02)
[step 2230000 | ep 4] train_mse=6.1484e+00  val_mse=6.1955e-02  val_L0=32.0  dead=0.333
  -> saved training curves to checkpoints_topk_K32/training_curves.png
  -> no improvement (1/8)
[step 2240000 | ep 4] train_mse=6.0687e+00  val_mse=6.1975e-02  val_L0=32.0  dead=0.332
  -> saved training curves to checkpoints_topk_K32/training_curves.png
  -> no improvement (2/8)
[step 2250000 | ep 4] train_mse=6.1409e+00  val_mse=6.1977e-02  val_L0=32.0  dead=0.333
  -> saved training curves to checkpoints_topk_K32/training_curves.png
  -> no improvement (3/8)
[step 2260000 | ep 4] train_mse=6.0811e+00  val_mse=6.1986e-02  val_L0=32.0  dead=0.332
  -> saved training curves to checkpoints_topk_K32/training_curves.png
  -> no improvement (4/8)
[step 2270000 | ep 4] train_mse=6.1106e+00  val_mse=6.1964e-02  val_L0=32.0  dead=0.334
  -> saved training curves to checkpoints_topk_K32/training_curves.png
  -> no improvement (5/8)
[step 2280000 | ep 4] train_mse=6.0748e+00  val_mse=6.1922e-02  val_L0=32.0  dead=0.334
  -> saved training curves to checkpoints_topk_K32/training_curves.png
  -> saved best checkpoint (val_mse=6.1922e-02)
[step 2290000 | ep 4] train_mse=6.0641e+00  val_mse=6.1912e-02  val_L0=32.0  dead=0.333
  -> saved training curves to checkpoints_topk_K32/training_curves.png
  -> saved best checkpoint (val_mse=6.1912e-02)
[step 2300000 | ep 4] train_mse=6.1588e+00  val_mse=6.1934e-02  val_L0=32.0  dead=0.337
  -> saved training curves to checkpoints_topk_K32/training_curves.png
  -> no improvement (1/8)
[step 2310000 | ep 4] train_mse=6.1086e+00  val_mse=6.1909e-02  val_L0=32.0  dead=0.333
  -> saved training curves to checkpoints_topk_K32/training_curves.png
  -> saved best checkpoint (val_mse=6.1909e-02)
[step 2320000 | ep 4] train_mse=6.0667e+00  val_mse=6.1894e-02  val_L0=32.0  dead=0.336
  -> saved training curves to checkpoints_topk_K32/training_curves.png
  -> saved best checkpoint (val_mse=6.1894e-02)
[step 2330000 | ep 4] train_mse=6.1812e+00  val_mse=6.1926e-02  val_L0=32.0  dead=0.335
  -> saved training curves to checkpoints_topk_K32/training_curves.png
  -> no improvement (1/8)
[step 2340000 | ep 4] train_mse=6.1391e+00  val_mse=6.1905e-02  val_L0=32.0  dead=0.334
  -> saved training curves to checkpoints_topk_K32/training_curves.png
  -> no improvement (2/8)
[step 2350000 | ep 4] train_mse=6.0355e+00  val_mse=6.1884e-02  val_L0=32.0  dead=0.334
  -> saved training curves to checkpoints_topk_K32/training_curves.png
  -> saved best checkpoint (val_mse=6.1884e-02)
[step 2360000 | ep 4] train_mse=5.9912e+00  val_mse=6.1905e-02  val_L0=32.0  dead=0.335
  -> saved training curves to checkpoints_topk_K32/training_curves.png
  -> no improvement (1/8)
[step 2370000 | ep 4] train_mse=6.1910e+00  val_mse=6.1917e-02  val_L0=32.0  dead=0.336
  -> saved training curves to checkpoints_topk_K32/training_curves.png
  -> no improvement (2/8)
[step 2380000 | ep 4] train_mse=6.2066e+00  val_mse=6.1877e-02  val_L0=32.0  dead=0.336
  -> saved training curves to checkpoints_topk_K32/training_curves.png
  -> saved best checkpoint (val_mse=6.1877e-02)
[step 2390000 | ep 4] train_mse=6.0909e+00  val_mse=6.1859e-02  val_L0=32.0  dead=0.334
  -> saved training curves to checkpoints_topk_K32/training_curves.png
  -> saved best checkpoint (val_mse=6.1859e-02)
[step 2400000 | ep 4] train_mse=6.2255e+00  val_mse=6.1868e-02  val_L0=32.0  dead=0.335
  -> saved training curves to checkpoints_topk_K32/training_curves.png
  -> no improvement (1/8)
[step 2410000 | ep 4] train_mse=6.1605e+00  val_mse=6.1912e-02  val_L0=32.0  dead=0.335
  -> saved training curves to checkpoints_topk_K32/training_curves.png
  -> no improvement (2/8)
[step 2420000 | ep 4] train_mse=6.1671e+00  val_mse=6.1842e-02  val_L0=32.0  dead=0.337
  -> saved training curves to checkpoints_topk_K32/training_curves.png
  -> saved best checkpoint (val_mse=6.1842e-02)
[step 2430000 | ep 4] train_mse=6.1656e+00  val_mse=6.1865e-02  val_L0=32.0  dead=0.333
  -> saved training curves to checkpoints_topk_K32/training_curves.png
  -> no improvement (1/8)
[step 2440000 | ep 4] train_mse=6.1025e+00  val_mse=6.1882e-02  val_L0=32.0  dead=0.333
  -> saved training curves to checkpoints_topk_K32/training_curves.png
  -> no improvement (2/8)
[step 2450000 | ep 4] train_mse=6.2030e+00  val_mse=6.1858e-02  val_L0=32.0  dead=0.334
  -> saved training curves to checkpoints_topk_K32/training_curves.png
  -> no improvement (3/8)
[step 2460000 | ep 4] train_mse=6.1414e+00  val_mse=6.1847e-02  val_L0=32.0  dead=0.335
  -> saved training curves to checkpoints_topk_K32/training_curves.png
  -> no improvement (4/8)
[step 2470000 | ep 4] train_mse=6.0930e+00  val_mse=6.1845e-02  val_L0=32.0  dead=0.335
  -> saved training curves to checkpoints_topk_K32/training_curves.png
  -> no improvement (5/8)
[step 2480000 | ep 4] train_mse=6.0295e+00  val_mse=6.1856e-02  val_L0=32.0  dead=0.335
  -> saved training curves to checkpoints_topk_K32/training_curves.png
  -> no improvement (6/8)
[step 2490000 | ep 4] train_mse=6.1045e+00  val_mse=6.1799e-02  val_L0=32.0  dead=0.335
  -> saved training curves to checkpoints_topk_K32/training_curves.png
  -> saved best checkpoint (val_mse=6.1799e-02)
[step 2500000 | ep 4] train_mse=6.1050e+00  val_mse=6.1816e-02  val_L0=32.0  dead=0.334
  -> saved training curves to checkpoints_topk_K32/training_curves.png
  -> no improvement (1/8)
[step 2510000 | ep 4] train_mse=6.0636e+00  val_mse=6.1785e-02  val_L0=32.0  dead=0.337
  -> saved training curves to checkpoints_topk_K32/training_curves.png
  -> saved best checkpoint (val_mse=6.1785e-02)
[step 2520000 | ep 4] train_mse=6.0167e+00  val_mse=6.1803e-02  val_L0=32.0  dead=0.332
  -> saved training curves to checkpoints_topk_K32/training_curves.png
  -> no improvement (1/8)
[step 2530000 | ep 4] train_mse=6.1484e+00  val_mse=6.1809e-02  val_L0=32.0  dead=0.332
  -> saved training curves to checkpoints_topk_K32/training_curves.png
  -> no improvement (2/8)
[step 2540000 | ep 4] train_mse=6.1075e+00  val_mse=6.1781e-02  val_L0=32.0  dead=0.332
  -> saved training curves to checkpoints_topk_K32/training_curves.png
  -> saved best checkpoint (val_mse=6.1781e-02)
[step 2550000 | ep 4] train_mse=6.2200e+00  val_mse=6.1757e-02  val_L0=32.0  dead=0.336
  -> saved training curves to checkpoints_topk_K32/training_curves.png
  -> saved best checkpoint (val_mse=6.1757e-02)
[step 2560000 | ep 4] train_mse=6.1077e+00  val_mse=6.1744e-02  val_L0=32.0  dead=0.335
  -> saved training curves to checkpoints_topk_K32/training_curves.png
  -> saved best checkpoint (val_mse=6.1744e-02)
[step 2570000 | ep 4] train_mse=6.0468e+00  val_mse=6.1755e-02  val_L0=32.0  dead=0.333
  -> saved training curves to checkpoints_topk_K32/training_curves.png
  -> no improvement (1/8)
[step 2580000 | ep 4] train_mse=6.1592e+00  val_mse=6.1728e-02  val_L0=32.0  dead=0.333
  -> saved training curves to checkpoints_topk_K32/training_curves.png
  -> saved best checkpoint (val_mse=6.1728e-02)
[step 2590000 | ep 4] train_mse=6.0031e+00  val_mse=6.1742e-02  val_L0=32.0  dead=0.331
  -> saved training curves to checkpoints_topk_K32/training_curves.png
  -> no improvement (1/8)
[step 2600000 | ep 4] train_mse=6.0667e+00  val_mse=6.1732e-02  val_L0=32.0  dead=0.333
  -> saved training curves to checkpoints_topk_K32/training_curves.png
  -> no improvement (2/8)
[step 2610000 | ep 4] train_mse=6.1161e+00  val_mse=6.1723e-02  val_L0=32.0  dead=0.333
  -> saved training curves to checkpoints_topk_K32/training_curves.png
  -> saved best checkpoint (val_mse=6.1723e-02)
[step 2620000 | ep 4] train_mse=6.0621e+00  val_mse=6.1734e-02  val_L0=32.0  dead=0.337
  -> saved training curves to checkpoints_topk_K32/training_curves.png
  -> no improvement (1/8)
[step 2630000 | ep 4] train_mse=6.2296e+00  val_mse=6.1768e-02  val_L0=32.0  dead=0.329
  -> saved training curves to checkpoints_topk_K32/training_curves.png
  -> no improvement (2/8)
[step 2640000 | ep 4] train_mse=6.0663e+00  val_mse=6.1699e-02  val_L0=32.0  dead=0.328
  -> saved training curves to checkpoints_topk_K32/training_curves.png
  -> saved best checkpoint (val_mse=6.1699e-02)
[step 2650000 | ep 4] train_mse=6.0654e+00  val_mse=6.1679e-02  val_L0=32.0  dead=0.331
  -> saved training curves to checkpoints_topk_K32/training_curves.png
  -> saved best checkpoint (val_mse=6.1679e-02)
[step 2660000 | ep 4] train_mse=5.9828e+00  val_mse=6.1704e-02  val_L0=32.0  dead=0.332
  -> saved training curves to checkpoints_topk_K32/training_curves.png
  -> no improvement (1/8)
[step 2670000 | ep 4] train_mse=6.0664e+00  val_mse=6.1662e-02  val_L0=32.0  dead=0.329
  -> saved training curves to checkpoints_topk_K32/training_curves.png
  -> saved best checkpoint (val_mse=6.1662e-02)
[step 2680000 | ep 4] train_mse=6.0617e+00  val_mse=6.1647e-02  val_L0=32.0  dead=0.331
  -> saved training curves to checkpoints_topk_K32/training_curves.png
  -> saved best checkpoint (val_mse=6.1647e-02)
[step 2690000 | ep 4] train_mse=5.9792e+00  val_mse=6.1633e-02  val_L0=32.0  dead=0.333
  -> saved training curves to checkpoints_topk_K32/training_curves.png
  -> saved best checkpoint (val_mse=6.1633e-02)
[step 2700000 | ep 4] train_mse=6.1413e+00  val_mse=6.1631e-02  val_L0=32.0  dead=0.332
  -> saved training curves to checkpoints_topk_K32/training_curves.png
  -> saved best checkpoint (val_mse=6.1631e-02)
[step 2710000 | ep 4] train_mse=6.1403e+00  val_mse=6.1641e-02  val_L0=32.0  dead=0.330
  -> saved training curves to checkpoints_topk_K32/training_curves.png
  -> no improvement (1/8)
[step 2720000 | ep 4] train_mse=6.0636e+00  val_mse=6.1643e-02  val_L0=32.0  dead=0.331
  -> saved training curves to checkpoints_topk_K32/training_curves.png
  -> no improvement (2/8)
[step 2730000 | ep 4] train_mse=6.1126e+00  val_mse=6.1607e-02  val_L0=32.0  dead=0.332
  -> saved training curves to checkpoints_topk_K32/training_curves.png
  -> saved best checkpoint (val_mse=6.1607e-02)
[step 2740000 | ep 4] train_mse=6.1857e+00  val_mse=6.1628e-02  val_L0=32.0  dead=0.334
  -> saved training curves to checkpoints_topk_K32/training_curves.png
  -> no improvement (1/8)
[step 2750000 | ep 4] train_mse=6.0547e+00  val_mse=6.1586e-02  val_L0=32.0  dead=0.336
  -> saved training curves to checkpoints_topk_K32/training_curves.png
  -> saved best checkpoint (val_mse=6.1586e-02)
[step 2760000 | ep 4] train_mse=6.1104e+00  val_mse=6.1622e-02  val_L0=32.0  dead=0.333
  -> saved training curves to checkpoints_topk_K32/training_curves.png
  -> no improvement (1/8)
[step 2770000 | ep 4] train_mse=6.1428e+00  val_mse=6.1606e-02  val_L0=32.0  dead=0.335
  -> saved training curves to checkpoints_topk_K32/training_curves.png
  -> no improvement (2/8)
[step 2780000 | ep 4] train_mse=6.1403e+00  val_mse=6.1612e-02  val_L0=32.0  dead=0.332
  -> saved training curves to checkpoints_topk_K32/training_curves.png
  -> no improvement (3/8)
[step 2790000 | ep 4] train_mse=6.1040e+00  val_mse=6.1572e-02  val_L0=32.0  dead=0.333
  -> saved training curves to checkpoints_topk_K32/training_curves.png
  -> saved best checkpoint (val_mse=6.1572e-02)
[step 2800000 | ep 4] train_mse=6.1297e+00  val_mse=6.1597e-02  val_L0=32.0  dead=0.333
  -> saved training curves to checkpoints_topk_K32/training_curves.png
  -> no improvement (1/8)
[step 2810000 | ep 4] train_mse=6.0738e+00  val_mse=6.1592e-02  val_L0=32.0  dead=0.335
  -> saved training curves to checkpoints_topk_K32/training_curves.png
  -> no improvement (2/8)
Epoch 4 done  (step=2813316)
[step 2820000 | ep 5] train_mse=6.0522e+00  val_mse=6.1570e-02  val_L0=32.0  dead=0.333
  -> saved training curves to checkpoints_topk_K32/training_curves.png
  -> saved best checkpoint (val_mse=6.1570e-02)
[step 2830000 | ep 5] train_mse=6.1607e+00  val_mse=6.1592e-02  val_L0=32.0  dead=0.333
  -> saved training curves to checkpoints_topk_K32/training_curves.png
  -> no improvement (1/8)
[step 2840000 | ep 5] train_mse=6.0715e+00  val_mse=6.1612e-02  val_L0=32.0  dead=0.332
  -> saved training curves to checkpoints_topk_K32/training_curves.png
  -> no improvement (2/8)
[step 2850000 | ep 5] train_mse=5.9086e+00  val_mse=6.1562e-02  val_L0=32.0  dead=0.331
  -> saved training curves to checkpoints_topk_K32/training_curves.png
  -> saved best checkpoint (val_mse=6.1562e-02)
[step 2860000 | ep 5] train_mse=6.0585e+00  val_mse=6.1575e-02  val_L0=32.0  dead=0.332
  -> saved training curves to checkpoints_topk_K32/training_curves.png
  -> no improvement (1/8)
[step 2870000 | ep 5] train_mse=6.0709e+00  val_mse=6.1587e-02  val_L0=32.0  dead=0.329
  -> saved training curves to checkpoints_topk_K32/training_curves.png
  -> no improvement (2/8)
[step 2880000 | ep 5] train_mse=6.0358e+00  val_mse=6.1560e-02  val_L0=32.0  dead=0.330
  -> saved training curves to checkpoints_topk_K32/training_curves.png
  -> saved best checkpoint (val_mse=6.1560e-02)
[step 2890000 | ep 5] train_mse=6.0451e+00  val_mse=6.1607e-02  val_L0=32.0  dead=0.334
  -> saved training curves to checkpoints_topk_K32/training_curves.png
  -> no improvement (1/8)
[step 2900000 | ep 5] train_mse=6.0727e+00  val_mse=6.1536e-02  val_L0=32.0  dead=0.335
  -> saved training curves to checkpoints_topk_K32/training_curves.png
  -> saved best checkpoint (val_mse=6.1536e-02)
[step 2910000 | ep 5] train_mse=6.0659e+00  val_mse=6.1535e-02  val_L0=32.0  dead=0.333
  -> saved training curves to checkpoints_topk_K32/training_curves.png
  -> saved best checkpoint (val_mse=6.1535e-02)
[step 2920000 | ep 5] train_mse=6.0654e+00  val_mse=6.1548e-02  val_L0=32.0  dead=0.333
  -> saved training curves to checkpoints_topk_K32/training_curves.png
  -> no improvement (1/8)
[step 2930000 | ep 5] train_mse=6.1099e+00  val_mse=6.1539e-02  val_L0=32.0  dead=0.332
  -> saved training curves to checkpoints_topk_K32/training_curves.png
  -> no improvement (2/8)
[step 2940000 | ep 5] train_mse=6.0231e+00  val_mse=6.1517e-02  val_L0=32.0  dead=0.331
  -> saved training curves to checkpoints_topk_K32/training_curves.png
  -> saved best checkpoint (val_mse=6.1517e-02)
[step 2950000 | ep 5] train_mse=6.0170e+00  val_mse=6.1516e-02  val_L0=32.0  dead=0.332
  -> saved training curves to checkpoints_topk_K32/training_curves.png
  -> saved best checkpoint (val_mse=6.1516e-02)
[step 2960000 | ep 5] train_mse=6.0636e+00  val_mse=6.1522e-02  val_L0=32.0  dead=0.334
  -> saved training curves to checkpoints_topk_K32/training_curves.png
  -> no improvement (1/8)
[step 2970000 | ep 5] train_mse=6.1110e+00  val_mse=6.1502e-02  val_L0=32.0  dead=0.333
  -> saved training curves to checkpoints_topk_K32/training_curves.png
  -> saved best checkpoint (val_mse=6.1502e-02)
[step 2980000 | ep 5] train_mse=6.0484e+00  val_mse=6.1465e-02  val_L0=32.0  dead=0.333
  -> saved training curves to checkpoints_topk_K32/training_curves.png
  -> saved best checkpoint (val_mse=6.1465e-02)
[step 2990000 | ep 5] train_mse=6.0636e+00  val_mse=6.1520e-02  val_L0=32.0  dead=0.332
  -> saved training curves to checkpoints_topk_K32/training_curves.png
  -> no improvement (1/8)
[step 3000000 | ep 5] train_mse=6.0877e+00  val_mse=6.1471e-02  val_L0=32.0  dead=0.330
  -> saved training curves to checkpoints_topk_K32/training_curves.png
  -> no improvement (2/8)
[step 3010000 | ep 5] train_mse=6.0630e+00  val_mse=6.1469e-02  val_L0=32.0  dead=0.331
  -> saved training curves to checkpoints_topk_K32/training_curves.png
  -> no improvement (3/8)
[step 3020000 | ep 5] train_mse=6.0873e+00  val_mse=6.1450e-02  val_L0=32.0  dead=0.330
  -> saved training curves to checkpoints_topk_K32/training_curves.png
  -> saved best checkpoint (val_mse=6.1450e-02)
[step 3030000 | ep 5] train_mse=6.0264e+00  val_mse=6.1455e-02  val_L0=32.0  dead=0.331
  -> saved training curves to checkpoints_topk_K32/training_curves.png
  -> no improvement (1/8)
[step 3040000 | ep 5] train_mse=6.0862e+00  val_mse=6.1454e-02  val_L0=32.0  dead=0.333
  -> saved training curves to checkpoints_topk_K32/training_curves.png
  -> no improvement (2/8)
[step 3050000 | ep 5] train_mse=6.0850e+00  val_mse=6.1416e-02  val_L0=32.0  dead=0.331
  -> saved training curves to checkpoints_topk_K32/training_curves.png
  -> saved best checkpoint (val_mse=6.1416e-02)
[step 3060000 | ep 5] train_mse=6.0501e+00  val_mse=6.1451e-02  val_L0=32.0  dead=0.329
  -> saved training curves to checkpoints_topk_K32/training_curves.png
  -> no improvement (1/8)
[step 3070000 | ep 5] train_mse=6.0899e+00  val_mse=6.1397e-02  val_L0=32.0  dead=0.333
  -> saved training curves to checkpoints_topk_K32/training_curves.png
  -> saved best checkpoint (val_mse=6.1397e-02)
[step 3080000 | ep 5] train_mse=6.0317e+00  val_mse=6.1432e-02  val_L0=32.0  dead=0.334
  -> saved training curves to checkpoints_topk_K32/training_curves.png
  -> no improvement (1/8)
[step 3090000 | ep 5] train_mse=6.0742e+00  val_mse=6.1451e-02  val_L0=32.0  dead=0.331
  -> saved training curves to checkpoints_topk_K32/training_curves.png
  -> no improvement (2/8)
[step 3100000 | ep 5] train_mse=6.0882e+00  val_mse=6.1381e-02  val_L0=32.0  dead=0.332
  -> saved training curves to checkpoints_topk_K32/training_curves.png
  -> saved best checkpoint (val_mse=6.1381e-02)
[step 3110000 | ep 5] train_mse=5.9906e+00  val_mse=6.1430e-02  val_L0=32.0  dead=0.333
  -> saved training curves to checkpoints_topk_K32/training_curves.png
  -> no improvement (1/8)
[step 3120000 | ep 5] train_mse=5.9559e+00  val_mse=6.1397e-02  val_L0=32.0  dead=0.332
  -> saved training curves to checkpoints_topk_K32/training_curves.png
  -> no improvement (2/8)
[step 3130000 | ep 5] train_mse=6.0301e+00  val_mse=6.1432e-02  val_L0=32.0  dead=0.331
  -> saved training curves to checkpoints_topk_K32/training_curves.png
  -> no improvement (3/8)
[step 3140000 | ep 5] train_mse=5.9778e+00  val_mse=6.1386e-02  val_L0=32.0  dead=0.332
  -> saved training curves to checkpoints_topk_K32/training_curves.png
  -> no improvement (4/8)
[step 3150000 | ep 5] train_mse=6.0017e+00  val_mse=6.1403e-02  val_L0=32.0  dead=0.332
  -> saved training curves to checkpoints_topk_K32/training_curves.png
  -> no improvement (5/8)
[step 3160000 | ep 5] train_mse=6.0731e+00  val_mse=6.1369e-02  val_L0=32.0  dead=0.332
  -> saved training curves to checkpoints_topk_K32/training_curves.png
  -> saved best checkpoint (val_mse=6.1369e-02)
[step 3170000 | ep 5] train_mse=6.0338e+00  val_mse=6.1401e-02  val_L0=32.0  dead=0.331
  -> saved training curves to checkpoints_topk_K32/training_curves.png
  -> no improvement (1/8)
[step 3180000 | ep 5] train_mse=6.0517e+00  val_mse=6.1362e-02  val_L0=32.0  dead=0.330
  -> saved training curves to checkpoints_topk_K32/training_curves.png
  -> saved best checkpoint (val_mse=6.1362e-02)
[step 3190000 | ep 5] train_mse=6.0429e+00  val_mse=6.1382e-02  val_L0=32.0  dead=0.331
  -> saved training curves to checkpoints_topk_K32/training_curves.png
  -> no improvement (1/8)
[step 3200000 | ep 5] train_mse=6.0769e+00  val_mse=6.1410e-02  val_L0=32.0  dead=0.329
  -> saved training curves to checkpoints_topk_K32/training_curves.png
  -> no improvement (2/8)
[step 3210000 | ep 5] train_mse=6.1720e+00  val_mse=6.1325e-02  val_L0=32.0  dead=0.333
  -> saved training curves to checkpoints_topk_K32/training_curves.png
  -> saved best checkpoint (val_mse=6.1325e-02)
[step 3220000 | ep 5] train_mse=6.0324e+00  val_mse=6.1372e-02  val_L0=32.0  dead=0.333
  -> saved training curves to checkpoints_topk_K32/training_curves.png
  -> no improvement (1/8)
[step 3230000 | ep 5] train_mse=6.0577e+00  val_mse=6.1379e-02  val_L0=32.0  dead=0.332
  -> saved training curves to checkpoints_topk_K32/training_curves.png
  -> no improvement (2/8)
[step 3240000 | ep 5] train_mse=5.9588e+00  val_mse=6.1328e-02  val_L0=32.0  dead=0.332
  -> saved training curves to checkpoints_topk_K32/training_curves.png
  -> no improvement (3/8)
[step 3250000 | ep 5] train_mse=5.9113e+00  val_mse=6.1344e-02  val_L0=32.0  dead=0.335
  -> saved training curves to checkpoints_topk_K32/training_curves.png
  -> no improvement (4/8)
[step 3260000 | ep 5] train_mse=5.9549e+00  val_mse=6.1345e-02  val_L0=32.0  dead=0.335
  -> saved training curves to checkpoints_topk_K32/training_curves.png
  -> no improvement (5/8)
[step 3270000 | ep 5] train_mse=6.0276e+00  val_mse=6.1359e-02  val_L0=32.0  dead=0.332
  -> saved training curves to checkpoints_topk_K32/training_curves.png
  -> no improvement (6/8)
[step 3280000 | ep 5] train_mse=5.9918e+00  val_mse=6.1334e-02  val_L0=32.0  dead=0.336
  -> saved training curves to checkpoints_topk_K32/training_curves.png
  -> no improvement (7/8)
[step 3290000 | ep 5] train_mse=6.0752e+00  val_mse=6.1352e-02  val_L0=32.0  dead=0.334
  -> saved training curves to checkpoints_topk_K32/training_curves.png
  -> no improvement (8/8)

Early stopping.
  -> saved training curves to checkpoints_topk_K32/training_curves.png
