Device: cuda
Trajectories total=100, train=80, val=20
Loading training data...
  train: 80 files, 90,026,106 nodes
Loading validation data...
  val: 20 files, 22,194,747 nodes
  Normalized: mean=0.0164  std=2.1321 (per-dim, training set)

Starting training: batch_size=128, val_every=10000 steps, patience=8 evals

[step   10000 | ep 1] train_loss=1.3666e+00  train_recon=3.8332e-01  train_L1=9.8328e+01  val_loss=4.7130e-03  val_mse=3.6649e-03  val_L0=635.7  dead=0.000
  -> saved training curves to ./checkpoints_rand/training_curves.png
  -> saved best checkpoint (val_loss=4.7130e-03)
[step   20000 | ep 1] train_loss=1.1661e+00  train_recon=2.9170e-01  train_L1=8.7437e+01  val_loss=3.7239e-03  val_mse=2.7878e-03  val_L0=636.6  dead=0.000
  -> saved training curves to ./checkpoints_rand/training_curves.png
  -> saved best checkpoint (val_loss=3.7239e-03)
[step   30000 | ep 1] train_loss=9.5458e-01  train_recon=1.7635e-01  train_L1=7.7823e+01  val_loss=2.4933e-03  val_mse=1.6657e-03  val_L0=611.9  dead=0.000
  -> saved training curves to ./checkpoints_rand/training_curves.png
  -> saved best checkpoint (val_loss=2.4933e-03)
[step   40000 | ep 1] train_loss=7.6694e-01  train_recon=7.4458e-02  train_L1=6.9248e+01  val_loss=1.4230e-03  val_mse=6.9407e-04  val_L0=551.3  dead=0.000
  -> saved training curves to ./checkpoints_rand/training_curves.png
  -> saved best checkpoint (val_loss=1.4230e-03)
[step   50000 | ep 1] train_loss=6.7453e-01  train_recon=2.9437e-02  train_L1=6.4509e+01  val_loss=9.6302e-04  val_mse=2.7725e-04  val_L0=464.7  dead=0.000
  -> saved training curves to ./checkpoints_rand/training_curves.png
  -> saved best checkpoint (val_loss=9.6302e-04)
[step   60000 | ep 1] train_loss=6.5133e-01  train_recon=1.8789e-02  train_L1=6.3254e+01  val_loss=8.3425e-04  val_mse=1.6612e-04  val_L0=427.5  dead=0.000
  -> saved training curves to ./checkpoints_rand/training_curves.png
  -> saved best checkpoint (val_loss=8.3425e-04)
[step   70000 | ep 1] train_loss=6.3251e-01  train_recon=1.4984e-02  train_L1=6.1752e+01  val_loss=7.8796e-04  val_mse=1.3412e-04  val_L0=412.6  dead=0.000
  -> saved training curves to ./checkpoints_rand/training_curves.png
  -> saved best checkpoint (val_loss=7.8796e-04)
[step   80000 | ep 1] train_loss=6.2390e-01  train_recon=1.4988e-02  train_L1=6.0892e+01  val_loss=7.6868e-04  val_mse=1.2621e-04  val_L0=406.4  dead=0.002
  -> saved training curves to ./checkpoints_rand/training_curves.png
  -> saved best checkpoint (val_loss=7.6868e-04)
[step   90000 | ep 1] train_loss=6.1296e-01  train_recon=1.4593e-02  train_L1=5.9837e+01  val_loss=7.5843e-04  val_mse=1.2434e-04  val_L0=404.6  dead=0.001
  -> saved training curves to ./checkpoints_rand/training_curves.png
  -> saved best checkpoint (val_loss=7.5843e-04)
[step  100000 | ep 1] train_loss=6.0322e-01  train_recon=1.4175e-02  train_L1=5.8904e+01  val_loss=7.4592e-04  val_mse=1.1784e-04  val_L0=403.0  dead=0.002
  -> saved training curves to ./checkpoints_rand/training_curves.png
  -> saved best checkpoint (val_loss=7.4592e-04)
[step  110000 | ep 1] train_loss=5.9890e-01  train_recon=1.3892e-02  train_L1=5.8501e+01  val_loss=7.5118e-04  val_mse=1.2781e-04  val_L0=402.0  dead=0.003
  -> saved training curves to ./checkpoints_rand/training_curves.png
  -> no improvement (1/8)
[step  120000 | ep 1] train_loss=5.9365e-01  train_recon=1.3581e-02  train_L1=5.8007e+01  val_loss=7.4502e-04  val_mse=1.2558e-04  val_L0=400.9  dead=0.003
  -> saved training curves to ./checkpoints_rand/training_curves.png
  -> saved best checkpoint (val_loss=7.4502e-04)
[step  130000 | ep 1] train_loss=5.8655e-01  train_recon=1.3055e-02  train_L1=5.7349e+01  val_loss=7.3179e-04  val_mse=1.1534e-04  val_L0=399.9  dead=0.005
  -> saved training curves to ./checkpoints_rand/training_curves.png
  -> saved best checkpoint (val_loss=7.3179e-04)
[step  140000 | ep 1] train_loss=5.8943e-01  train_recon=1.3536e-02  train_L1=5.7589e+01  val_loss=7.3003e-04  val_mse=1.1545e-04  val_L0=399.0  dead=0.005
  -> saved training curves to ./checkpoints_rand/training_curves.png
  -> saved best checkpoint (val_loss=7.3003e-04)
[step  150000 | ep 1] train_loss=5.8721e-01  train_recon=1.3426e-02  train_L1=5.7378e+01  val_loss=7.3314e-04  val_mse=1.2096e-04  val_L0=398.1  dead=0.006
  -> saved training curves to ./checkpoints_rand/training_curves.png
  -> no improvement (1/8)
[step  160000 | ep 1] train_loss=5.8463e-01  train_recon=1.3190e-02  train_L1=5.7144e+01  val_loss=7.2792e-04  val_mse=1.1747e-04  val_L0=396.9  dead=0.006
  -> saved training curves to ./checkpoints_rand/training_curves.png
  -> saved best checkpoint (val_loss=7.2792e-04)
[step  170000 | ep 1] train_loss=5.8717e-01  train_recon=1.3544e-02  train_L1=5.7362e+01  val_loss=7.3013e-04  val_mse=1.2162e-04  val_L0=396.0  dead=0.006
  -> saved training curves to ./checkpoints_rand/training_curves.png
  -> no improvement (1/8)
[step  180000 | ep 1] train_loss=5.8544e-01  train_recon=1.3669e-02  train_L1=5.7177e+01  val_loss=7.2529e-04  val_mse=1.1788e-04  val_L0=395.8  dead=0.005
  -> saved training curves to ./checkpoints_rand/training_curves.png
  -> saved best checkpoint (val_loss=7.2529e-04)
[step  190000 | ep 1] train_loss=5.8339e-01  train_recon=1.3249e-02  train_L1=5.7014e+01  val_loss=7.2310e-04  val_mse=1.1635e-04  val_L0=395.6  dead=0.005
  -> saved training curves to ./checkpoints_rand/training_curves.png
  -> saved best checkpoint (val_loss=7.2310e-04)
[step  200000 | ep 1] train_loss=5.8177e-01  train_recon=1.3056e-02  train_L1=5.6871e+01  val_loss=7.1866e-04  val_mse=1.1298e-04  val_L0=395.4  dead=0.005
  -> saved training curves to ./checkpoints_rand/training_curves.png
  -> saved best checkpoint (val_loss=7.1866e-04)
[step  210000 | ep 1] train_loss=5.8050e-01  train_recon=1.2924e-02  train_L1=5.6758e+01  val_loss=7.1255e-04  val_mse=1.0772e-04  val_L0=395.4  dead=0.005
  -> saved training curves to ./checkpoints_rand/training_curves.png
  -> saved best checkpoint (val_loss=7.1255e-04)
[step  220000 | ep 1] train_loss=5.8369e-01  train_recon=1.3102e-02  train_L1=5.7059e+01  val_loss=7.1697e-04  val_mse=1.1263e-04  val_L0=395.0  dead=0.005
  -> saved training curves to ./checkpoints_rand/training_curves.png
  -> no improvement (1/8)
[step  230000 | ep 1] train_loss=5.8123e-01  train_recon=1.3248e-02  train_L1=5.6798e+01  val_loss=7.2335e-04  val_mse=1.1977e-04  val_L0=394.4  dead=0.005
  -> saved training curves to ./checkpoints_rand/training_curves.png
  -> no improvement (2/8)
[step  240000 | ep 1] train_loss=5.7790e-01  train_recon=1.3293e-02  train_L1=5.6461e+01  val_loss=7.1543e-04  val_mse=1.1257e-04  val_L0=394.1  dead=0.004
  -> saved training curves to ./checkpoints_rand/training_curves.png
  -> no improvement (3/8)
[step  250000 | ep 1] train_loss=5.7761e-01  train_recon=1.2674e-02  train_L1=5.6493e+01  val_loss=7.0993e-04  val_mse=1.0749e-04  val_L0=394.1  dead=0.004
  -> saved training curves to ./checkpoints_rand/training_curves.png
  -> saved best checkpoint (val_loss=7.0993e-04)
[step  260000 | ep 1] train_loss=5.8324e-01  train_recon=1.3461e-02  train_L1=5.6978e+01  val_loss=7.1428e-04  val_mse=1.1214e-04  val_L0=394.0  dead=0.004
  -> saved training curves to ./checkpoints_rand/training_curves.png
  -> no improvement (1/8)
[step  270000 | ep 1] train_loss=5.7435e-01  train_recon=1.3096e-02  train_L1=5.6126e+01  val_loss=7.1432e-04  val_mse=1.1290e-04  val_L0=393.5  dead=0.003
  -> saved training curves to ./checkpoints_rand/training_curves.png
  -> no improvement (2/8)
[step  280000 | ep 1] train_loss=5.8081e-01  train_recon=1.3709e-02  train_L1=5.6710e+01  val_loss=7.1783e-04  val_mse=1.1647e-04  val_L0=393.4  dead=0.004
  -> saved training curves to ./checkpoints_rand/training_curves.png
  -> no improvement (3/8)
[step  290000 | ep 1] train_loss=5.7679e-01  train_recon=1.3230e-02  train_L1=5.6356e+01  val_loss=7.1348e-04  val_mse=1.1271e-04  val_L0=392.9  dead=0.005
  -> saved training curves to ./checkpoints_rand/training_curves.png
  -> no improvement (4/8)
[step  300000 | ep 1] train_loss=5.8230e-01  train_recon=1.3524e-02  train_L1=5.6878e+01  val_loss=7.2227e-04  val_mse=1.2178e-04  val_L0=392.5  dead=0.005
  -> saved training curves to ./checkpoints_rand/training_curves.png
  -> no improvement (5/8)
[step  310000 | ep 1] train_loss=5.7562e-01  train_recon=1.3053e-02  train_L1=5.6256e+01  val_loss=7.1955e-04  val_mse=1.1925e-04  val_L0=391.6  dead=0.005
  -> saved training curves to ./checkpoints_rand/training_curves.png
  -> no improvement (6/8)
[step  320000 | ep 1] train_loss=5.7738e-01  train_recon=1.2385e-02  train_L1=5.6500e+01  val_loss=7.0893e-04  val_mse=1.0900e-04  val_L0=391.2  dead=0.005
  -> saved training curves to ./checkpoints_rand/training_curves.png
  -> saved best checkpoint (val_loss=7.0893e-04)
[step  330000 | ep 1] train_loss=5.8002e-01  train_recon=1.3285e-02  train_L1=5.6674e+01  val_loss=7.1138e-04  val_mse=1.1162e-04  val_L0=391.1  dead=0.006
  -> saved training curves to ./checkpoints_rand/training_curves.png
  -> no improvement (1/8)
[step  340000 | ep 1] train_loss=5.7619e-01  train_recon=1.3025e-02  train_L1=5.6316e+01  val_loss=7.1703e-04  val_mse=1.1781e-04  val_L0=390.5  dead=0.006
  -> saved training curves to ./checkpoints_rand/training_curves.png
  -> no improvement (2/8)
[step  350000 | ep 1] train_loss=5.8183e-01  train_recon=1.3740e-02  train_L1=5.6809e+01  val_loss=7.1520e-04  val_mse=1.1569e-04  val_L0=389.5  dead=0.006
  -> saved training curves to ./checkpoints_rand/training_curves.png
  -> no improvement (3/8)
[step  360000 | ep 1] train_loss=5.7167e-01  train_recon=1.2821e-02  train_L1=5.5885e+01  val_loss=7.1200e-04  val_mse=1.1291e-04  val_L0=388.7  dead=0.006
  -> saved training curves to ./checkpoints_rand/training_curves.png
  -> no improvement (4/8)
[step  370000 | ep 1] train_loss=5.7475e-01  train_recon=1.3180e-02  train_L1=5.6157e+01  val_loss=7.1646e-04  val_mse=1.1761e-04  val_L0=388.3  dead=0.005
  -> saved training curves to ./checkpoints_rand/training_curves.png
  -> no improvement (5/8)
[step  380000 | ep 1] train_loss=5.7627e-01  train_recon=1.2971e-02  train_L1=5.6330e+01  val_loss=7.0884e-04  val_mse=1.0982e-04  val_L0=387.5  dead=0.006
  -> saved training curves to ./checkpoints_rand/training_curves.png
  -> saved best checkpoint (val_loss=7.0884e-04)
[step  390000 | ep 1] train_loss=5.7385e-01  train_recon=1.3113e-02  train_L1=5.6074e+01  val_loss=7.1414e-04  val_mse=1.1559e-04  val_L0=387.2  dead=0.007
  -> saved training curves to ./checkpoints_rand/training_curves.png
  -> no improvement (1/8)
[step  400000 | ep 1] train_loss=5.7310e-01  train_recon=1.2906e-02  train_L1=5.6019e+01  val_loss=7.0614e-04  val_mse=1.0755e-04  val_L0=386.9  dead=0.007
  -> saved training curves to ./checkpoints_rand/training_curves.png
  -> saved best checkpoint (val_loss=7.0614e-04)
[step  410000 | ep 1] train_loss=5.7096e-01  train_recon=1.2846e-02  train_L1=5.5812e+01  val_loss=7.0833e-04  val_mse=1.1009e-04  val_L0=386.6  dead=0.007
  -> saved training curves to ./checkpoints_rand/training_curves.png
  -> no improvement (1/8)
[step  420000 | ep 1] train_loss=5.7338e-01  train_recon=1.2938e-02  train_L1=5.6044e+01  val_loss=7.1063e-04  val_mse=1.1253e-04  val_L0=385.9  dead=0.007
  -> saved training curves to ./checkpoints_rand/training_curves.png
  -> no improvement (2/8)
[step  430000 | ep 1] train_loss=5.7574e-01  train_recon=1.3027e-02  train_L1=5.6271e+01  val_loss=7.1435e-04  val_mse=1.1633e-04  val_L0=385.3  dead=0.007
  -> saved training curves to ./checkpoints_rand/training_curves.png
  -> no improvement (3/8)
[step  440000 | ep 1] train_loss=5.7316e-01  train_recon=1.2666e-02  train_L1=5.6049e+01  val_loss=7.0939e-04  val_mse=1.1158e-04  val_L0=384.7  dead=0.007
  -> saved training curves to ./checkpoints_rand/training_curves.png
  -> no improvement (4/8)
[step  450000 | ep 1] train_loss=5.7443e-01  train_recon=1.3030e-02  train_L1=5.6140e+01  val_loss=7.1023e-04  val_mse=1.1217e-04  val_L0=384.6  dead=0.007
  -> saved training curves to ./checkpoints_rand/training_curves.png
  -> no improvement (5/8)
[step  460000 | ep 1] train_loss=5.7472e-01  train_recon=1.3006e-02  train_L1=5.6171e+01  val_loss=7.0690e-04  val_mse=1.0897e-04  val_L0=384.1  dead=0.007
  -> saved training curves to ./checkpoints_rand/training_curves.png
  -> no improvement (6/8)
[step  470000 | ep 1] train_loss=5.7283e-01  train_recon=1.2993e-02  train_L1=5.5984e+01  val_loss=7.0989e-04  val_mse=1.1225e-04  val_L0=384.0  dead=0.007
  -> saved training curves to ./checkpoints_rand/training_curves.png
  -> no improvement (7/8)
[step  480000 | ep 1] train_loss=5.7611e-01  train_recon=1.2941e-02  train_L1=5.6317e+01  val_loss=7.1011e-04  val_mse=1.1241e-04  val_L0=383.8  dead=0.007
  -> saved training curves to ./checkpoints_rand/training_curves.png
  -> no improvement (8/8)

Early stopping triggered.
  -> saved training curves to ./checkpoints_rand/training_curves.png
