Starting fresh training with K=64 + auxiliary dead-feature loss
Device: cuda  |  K=64  |  ckpt_dir=checkpoints_topk_aux_K64
Trajectories total=100, train=80, val=20
Loading training data...
  train: 80 files, 90,026,106 nodes
Loading validation data...
  val: 20 files, 22,194,747 nodes
  Normalized: mean=0.0164  std=2.1321

Starting training: K=64, batch_size=128, val_every=10000, patience=8

[step   10000 | ep 1] train_mse=5.7919e-02  val_mse=7.2036e-02  val_L0=64.0  dead=0.000  n_dead=1  aux=0.000e+00
  -> saved training curves to checkpoints_topk_aux_K64/training_curves.png
  -> saved best checkpoint (val_mse=7.2036e-02)
[step   20000 | ep 1] train_mse=4.6064e-02  val_mse=5.8915e-02  val_L0=64.0  dead=0.000  n_dead=0  aux=0.000e+00
  -> saved training curves to checkpoints_topk_aux_K64/training_curves.png
  -> saved best checkpoint (val_mse=5.8915e-02)
[step   30000 | ep 1] train_mse=4.1723e-02  val_mse=5.3822e-02  val_L0=64.0  dead=0.000  n_dead=0  aux=0.000e+00
  -> saved training curves to checkpoints_topk_aux_K64/training_curves.png
  -> saved best checkpoint (val_mse=5.3822e-02)
[step   40000 | ep 1] train_mse=3.9607e-02  val_mse=5.0873e-02  val_L0=64.0  dead=0.000  n_dead=0  aux=0.000e+00
  -> saved training curves to checkpoints_topk_aux_K64/training_curves.png
  -> saved best checkpoint (val_mse=5.0873e-02)
[step   50000 | ep 1] train_mse=3.7233e-02  val_mse=4.8540e-02  val_L0=64.0  dead=0.000  n_dead=0  aux=0.000e+00
  -> saved training curves to checkpoints_topk_aux_K64/training_curves.png
  -> saved best checkpoint (val_mse=4.8540e-02)
[step   60000 | ep 1] train_mse=3.5456e-02  val_mse=4.6504e-02  val_L0=64.0  dead=0.000  n_dead=0  aux=0.000e+00
  -> saved training curves to checkpoints_topk_aux_K64/training_curves.png
  -> saved best checkpoint (val_mse=4.6504e-02)
[step   70000 | ep 1] train_mse=3.3782e-02  val_mse=4.4599e-02  val_L0=64.0  dead=0.000  n_dead=0  aux=0.000e+00
  -> saved training curves to checkpoints_topk_aux_K64/training_curves.png
  -> saved best checkpoint (val_mse=4.4599e-02)
[step   80000 | ep 1] train_mse=3.3148e-02  val_mse=4.2870e-02  val_L0=64.0  dead=0.000  n_dead=0  aux=0.000e+00
  -> saved training curves to checkpoints_topk_aux_K64/training_curves.png
  -> saved best checkpoint (val_mse=4.2870e-02)
[step   90000 | ep 1] train_mse=3.1231e-02  val_mse=4.1160e-02  val_L0=64.0  dead=0.000  n_dead=0  aux=0.000e+00
  -> saved training curves to checkpoints_topk_aux_K64/training_curves.png
  -> saved best checkpoint (val_mse=4.1160e-02)
[step  100000 | ep 1] train_mse=2.9559e-02  val_mse=3.9517e-02  val_L0=64.0  dead=0.000  n_dead=0  aux=0.000e+00
  -> saved training curves to checkpoints_topk_aux_K64/training_curves.png
  -> saved best checkpoint (val_mse=3.9517e-02)
[step  110000 | ep 1] train_mse=2.8614e-02  val_mse=3.7912e-02  val_L0=64.0  dead=0.000  n_dead=0  aux=0.000e+00
  -> saved training curves to checkpoints_topk_aux_K64/training_curves.png
  -> saved best checkpoint (val_mse=3.7912e-02)
[step  120000 | ep 1] train_mse=2.7298e-02  val_mse=3.6414e-02  val_L0=64.0  dead=0.000  n_dead=0  aux=0.000e+00
  -> saved training curves to checkpoints_topk_aux_K64/training_curves.png
  -> saved best checkpoint (val_mse=3.6414e-02)
[step  130000 | ep 1] train_mse=2.5744e-02  val_mse=3.4983e-02  val_L0=64.0  dead=0.000  n_dead=0  aux=0.000e+00
  -> saved training curves to checkpoints_topk_aux_K64/training_curves.png
  -> saved best checkpoint (val_mse=3.4983e-02)
[step  140000 | ep 1] train_mse=2.5303e-02  val_mse=3.3732e-02  val_L0=64.0  dead=0.000  n_dead=0  aux=0.000e+00
  -> saved training curves to checkpoints_topk_aux_K64/training_curves.png
  -> saved best checkpoint (val_mse=3.3732e-02)
[step  150000 | ep 1] train_mse=2.4467e-02  val_mse=3.2603e-02  val_L0=64.0  dead=0.000  n_dead=0  aux=0.000e+00
  -> saved training curves to checkpoints_topk_aux_K64/training_curves.png
  -> saved best checkpoint (val_mse=3.2603e-02)
[step  160000 | ep 1] train_mse=2.3650e-02  val_mse=3.1548e-02  val_L0=64.0  dead=0.000  n_dead=0  aux=0.000e+00
  -> saved training curves to checkpoints_topk_aux_K64/training_curves.png
  -> saved best checkpoint (val_mse=3.1548e-02)
[step  170000 | ep 1] train_mse=2.3153e-02  val_mse=3.0645e-02  val_L0=64.0  dead=0.000  n_dead=0  aux=0.000e+00
  -> saved training curves to checkpoints_topk_aux_K64/training_curves.png
  -> saved best checkpoint (val_mse=3.0645e-02)
[step  180000 | ep 1] train_mse=2.2473e-02  val_mse=2.9856e-02  val_L0=64.0  dead=0.000  n_dead=0  aux=0.000e+00
  -> saved training curves to checkpoints_topk_aux_K64/training_curves.png
  -> saved best checkpoint (val_mse=2.9856e-02)
[step  190000 | ep 1] train_mse=2.2267e-02  val_mse=2.9220e-02  val_L0=64.0  dead=0.000  n_dead=0  aux=0.000e+00
  -> saved training curves to checkpoints_topk_aux_K64/training_curves.png
  -> saved best checkpoint (val_mse=2.9220e-02)
[step  200000 | ep 1] train_mse=2.1711e-02  val_mse=2.8560e-02  val_L0=64.0  dead=0.000  n_dead=0  aux=0.000e+00
  -> saved training curves to checkpoints_topk_aux_K64/training_curves.png
  -> saved best checkpoint (val_mse=2.8560e-02)
[step  210000 | ep 1] train_mse=2.1124e-02  val_mse=2.8085e-02  val_L0=64.0  dead=0.000  n_dead=0  aux=0.000e+00
  -> saved training curves to checkpoints_topk_aux_K64/training_curves.png
  -> saved best checkpoint (val_mse=2.8085e-02)
[step  220000 | ep 1] train_mse=2.1074e-02  val_mse=2.7607e-02  val_L0=64.0  dead=0.000  n_dead=0  aux=0.000e+00
  -> saved training curves to checkpoints_topk_aux_K64/training_curves.png
  -> saved best checkpoint (val_mse=2.7607e-02)
[step  230000 | ep 1] train_mse=2.0639e-02  val_mse=2.7199e-02  val_L0=64.0  dead=0.000  n_dead=0  aux=0.000e+00
  -> saved training curves to checkpoints_topk_aux_K64/training_curves.png
  -> saved best checkpoint (val_mse=2.7199e-02)
[step  240000 | ep 1] train_mse=1.9987e-02  val_mse=2.6792e-02  val_L0=64.0  dead=0.000  n_dead=0  aux=0.000e+00
  -> saved training curves to checkpoints_topk_aux_K64/training_curves.png
  -> saved best checkpoint (val_mse=2.6792e-02)
[step  250000 | ep 1] train_mse=1.9769e-02  val_mse=2.6459e-02  val_L0=64.0  dead=0.000  n_dead=0  aux=0.000e+00
  -> saved training curves to checkpoints_topk_aux_K64/training_curves.png
  -> saved best checkpoint (val_mse=2.6459e-02)
[step  260000 | ep 1] train_mse=1.9769e-02  val_mse=2.6108e-02  val_L0=64.0  dead=0.000  n_dead=0  aux=0.000e+00
  -> saved training curves to checkpoints_topk_aux_K64/training_curves.png
  -> saved best checkpoint (val_mse=2.6108e-02)
[step  270000 | ep 1] train_mse=1.9310e-02  val_mse=2.5824e-02  val_L0=64.0  dead=0.000  n_dead=0  aux=0.000e+00
  -> saved training curves to checkpoints_topk_aux_K64/training_curves.png
  -> saved best checkpoint (val_mse=2.5824e-02)
[step  280000 | ep 1] train_mse=1.9401e-02  val_mse=2.5522e-02  val_L0=64.0  dead=0.000  n_dead=0  aux=0.000e+00
  -> saved training curves to checkpoints_topk_aux_K64/training_curves.png
  -> saved best checkpoint (val_mse=2.5522e-02)
[step  290000 | ep 1] train_mse=1.8934e-02  val_mse=2.5256e-02  val_L0=64.0  dead=0.000  n_dead=0  aux=0.000e+00
  -> saved training curves to checkpoints_topk_aux_K64/training_curves.png
  -> saved best checkpoint (val_mse=2.5256e-02)
[step  300000 | ep 1] train_mse=1.9238e-02  val_mse=2.4999e-02  val_L0=64.0  dead=0.000  n_dead=0  aux=0.000e+00
  -> saved training curves to checkpoints_topk_aux_K64/training_curves.png
  -> saved best checkpoint (val_mse=2.4999e-02)
[step  310000 | ep 1] train_mse=1.8578e-02  val_mse=2.4760e-02  val_L0=64.0  dead=0.000  n_dead=0  aux=0.000e+00
  -> saved training curves to checkpoints_topk_aux_K64/training_curves.png
  -> saved best checkpoint (val_mse=2.4760e-02)
[step  320000 | ep 1] train_mse=1.8613e-02  val_mse=2.4538e-02  val_L0=64.0  dead=0.000  n_dead=0  aux=0.000e+00
  -> saved training curves to checkpoints_topk_aux_K64/training_curves.png
  -> saved best checkpoint (val_mse=2.4538e-02)
[step  330000 | ep 1] train_mse=1.8676e-02  val_mse=2.4321e-02  val_L0=64.0  dead=0.000  n_dead=0  aux=0.000e+00
  -> saved training curves to checkpoints_topk_aux_K64/training_curves.png
  -> saved best checkpoint (val_mse=2.4321e-02)
[step  340000 | ep 1] train_mse=1.8220e-02  val_mse=2.4143e-02  val_L0=64.0  dead=0.000  n_dead=0  aux=0.000e+00
  -> saved training curves to checkpoints_topk_aux_K64/training_curves.png
  -> saved best checkpoint (val_mse=2.4143e-02)
[step  350000 | ep 1] train_mse=1.8437e-02  val_mse=2.3982e-02  val_L0=64.0  dead=0.000  n_dead=0  aux=0.000e+00
  -> saved training curves to checkpoints_topk_aux_K64/training_curves.png
  -> saved best checkpoint (val_mse=2.3982e-02)
[step  360000 | ep 1] train_mse=1.7759e-02  val_mse=2.3850e-02  val_L0=64.0  dead=0.000  n_dead=0  aux=0.000e+00
  -> saved training curves to checkpoints_topk_aux_K64/training_curves.png
  -> saved best checkpoint (val_mse=2.3850e-02)
[step  370000 | ep 1] train_mse=1.7857e-02  val_mse=2.3686e-02  val_L0=64.0  dead=0.000  n_dead=0  aux=0.000e+00
  -> saved training curves to checkpoints_topk_aux_K64/training_curves.png
  -> saved best checkpoint (val_mse=2.3686e-02)
[step  380000 | ep 1] train_mse=1.7904e-02  val_mse=2.3578e-02  val_L0=64.0  dead=0.000  n_dead=0  aux=0.000e+00
  -> saved training curves to checkpoints_topk_aux_K64/training_curves.png
  -> saved best checkpoint (val_mse=2.3578e-02)
[step  390000 | ep 1] train_mse=1.7601e-02  val_mse=2.3470e-02  val_L0=64.0  dead=0.000  n_dead=0  aux=0.000e+00
  -> saved training curves to checkpoints_topk_aux_K64/training_curves.png
  -> saved best checkpoint (val_mse=2.3470e-02)
[step  400000 | ep 1] train_mse=1.7465e-02  val_mse=2.3356e-02  val_L0=64.0  dead=0.000  n_dead=0  aux=0.000e+00
  -> saved training curves to checkpoints_topk_aux_K64/training_curves.png
  -> saved best checkpoint (val_mse=2.3356e-02)
[step  410000 | ep 1] train_mse=1.7241e-02  val_mse=2.3253e-02  val_L0=64.0  dead=0.000  n_dead=0  aux=0.000e+00
  -> saved training curves to checkpoints_topk_aux_K64/training_curves.png
  -> saved best checkpoint (val_mse=2.3253e-02)
[step  420000 | ep 1] train_mse=1.7345e-02  val_mse=2.3128e-02  val_L0=64.0  dead=0.000  n_dead=0  aux=0.000e+00
  -> saved training curves to checkpoints_topk_aux_K64/training_curves.png
  -> saved best checkpoint (val_mse=2.3128e-02)
[step  430000 | ep 1] train_mse=1.7418e-02  val_mse=2.3052e-02  val_L0=64.0  dead=0.000  n_dead=0  aux=0.000e+00
  -> saved training curves to checkpoints_topk_aux_K64/training_curves.png
  -> saved best checkpoint (val_mse=2.3052e-02)
[step  440000 | ep 1] train_mse=1.7124e-02  val_mse=2.2978e-02  val_L0=64.0  dead=0.000  n_dead=0  aux=0.000e+00
  -> saved training curves to checkpoints_topk_aux_K64/training_curves.png
  -> saved best checkpoint (val_mse=2.2978e-02)
[step  450000 | ep 1] train_mse=1.7130e-02  val_mse=2.2845e-02  val_L0=64.0  dead=0.000  n_dead=0  aux=0.000e+00
  -> saved training curves to checkpoints_topk_aux_K64/training_curves.png
  -> saved best checkpoint (val_mse=2.2845e-02)
[step  460000 | ep 1] train_mse=1.7125e-02  val_mse=2.2769e-02  val_L0=64.0  dead=0.000  n_dead=0  aux=0.000e+00
  -> saved training curves to checkpoints_topk_aux_K64/training_curves.png
  -> saved best checkpoint (val_mse=2.2769e-02)
[step  470000 | ep 1] train_mse=1.7035e-02  val_mse=2.2684e-02  val_L0=64.0  dead=0.000  n_dead=0  aux=0.000e+00
  -> saved training curves to checkpoints_topk_aux_K64/training_curves.png
  -> saved best checkpoint (val_mse=2.2684e-02)
[step  480000 | ep 1] train_mse=1.7098e-02  val_mse=2.2589e-02  val_L0=64.0  dead=0.000  n_dead=0  aux=0.000e+00
  -> saved training curves to checkpoints_topk_aux_K64/training_curves.png
  -> saved best checkpoint (val_mse=2.2589e-02)
[step  490000 | ep 1] train_mse=1.6794e-02  val_mse=2.2499e-02  val_L0=64.0  dead=0.000  n_dead=0  aux=0.000e+00
  -> saved training curves to checkpoints_topk_aux_K64/training_curves.png
  -> saved best checkpoint (val_mse=2.2499e-02)
[step  500000 | ep 1] train_mse=1.7012e-02  val_mse=2.2439e-02  val_L0=64.0  dead=0.000  n_dead=0  aux=0.000e+00
  -> saved training curves to checkpoints_topk_aux_K64/training_curves.png
  -> saved best checkpoint (val_mse=2.2439e-02)
[step  510000 | ep 1] train_mse=1.6896e-02  val_mse=2.2412e-02  val_L0=64.0  dead=0.000  n_dead=0  aux=0.000e+00
  -> saved training curves to checkpoints_topk_aux_K64/training_curves.png
  -> saved best checkpoint (val_mse=2.2412e-02)
[step  520000 | ep 1] train_mse=1.6966e-02  val_mse=2.2328e-02  val_L0=64.0  dead=0.000  n_dead=0  aux=0.000e+00
  -> saved training curves to checkpoints_topk_aux_K64/training_curves.png
  -> saved best checkpoint (val_mse=2.2328e-02)
[step  530000 | ep 1] train_mse=1.6842e-02  val_mse=2.2249e-02  val_L0=64.0  dead=0.000  n_dead=0  aux=0.000e+00
  -> saved training curves to checkpoints_topk_aux_K64/training_curves.png
  -> saved best checkpoint (val_mse=2.2249e-02)
[step  540000 | ep 1] train_mse=1.6524e-02  val_mse=2.2190e-02  val_L0=64.0  dead=0.000  n_dead=0  aux=0.000e+00
  -> saved training curves to checkpoints_topk_aux_K64/training_curves.png
  -> saved best checkpoint (val_mse=2.2190e-02)
[step  550000 | ep 1] train_mse=1.6729e-02  val_mse=2.2153e-02  val_L0=64.0  dead=0.000  n_dead=0  aux=0.000e+00
  -> saved training curves to checkpoints_topk_aux_K64/training_curves.png
  -> saved best checkpoint (val_mse=2.2153e-02)
[step  560000 | ep 1] train_mse=1.6617e-02  val_mse=2.2065e-02  val_L0=64.0  dead=0.000  n_dead=0  aux=0.000e+00
  -> saved training curves to checkpoints_topk_aux_K64/training_curves.png
  -> saved best checkpoint (val_mse=2.2065e-02)
[step  570000 | ep 1] train_mse=1.6353e-02  val_mse=2.2027e-02  val_L0=64.0  dead=0.000  n_dead=0  aux=0.000e+00
  -> saved training curves to checkpoints_topk_aux_K64/training_curves.png
  -> saved best checkpoint (val_mse=2.2027e-02)
[step  580000 | ep 1] train_mse=1.6401e-02  val_mse=2.1983e-02  val_L0=64.0  dead=0.000  n_dead=0  aux=0.000e+00
  -> saved training curves to checkpoints_topk_aux_K64/training_curves.png
  -> saved best checkpoint (val_mse=2.1983e-02)
[step  590000 | ep 1] train_mse=1.6484e-02  val_mse=2.1935e-02  val_L0=64.0  dead=0.000  n_dead=0  aux=0.000e+00
  -> saved training curves to checkpoints_topk_aux_K64/training_curves.png
  -> saved best checkpoint (val_mse=2.1935e-02)
[step  600000 | ep 1] train_mse=1.6247e-02  val_mse=2.1900e-02  val_L0=64.0  dead=0.000  n_dead=0  aux=0.000e+00
  -> saved training curves to checkpoints_topk_aux_K64/training_curves.png
  -> saved best checkpoint (val_mse=2.1900e-02)
[step  610000 | ep 1] train_mse=1.6054e-02  val_mse=2.1819e-02  val_L0=64.0  dead=0.000  n_dead=0  aux=0.000e+00
  -> saved training curves to checkpoints_topk_aux_K64/training_curves.png
  -> saved best checkpoint (val_mse=2.1819e-02)
[step  620000 | ep 1] train_mse=1.6507e-02  val_mse=2.1814e-02  val_L0=64.0  dead=0.000  n_dead=0  aux=0.000e+00
  -> saved training curves to checkpoints_topk_aux_K64/training_curves.png
  -> saved best checkpoint (val_mse=2.1814e-02)
[step  630000 | ep 1] train_mse=1.6552e-02  val_mse=2.1760e-02  val_L0=64.0  dead=0.000  n_dead=0  aux=0.000e+00
  -> saved training curves to checkpoints_topk_aux_K64/training_curves.png
  -> saved best checkpoint (val_mse=2.1760e-02)
[step  640000 | ep 1] train_mse=1.6168e-02  val_mse=2.1740e-02  val_L0=64.0  dead=0.000  n_dead=0  aux=0.000e+00
  -> saved training curves to checkpoints_topk_aux_K64/training_curves.png
  -> saved best checkpoint (val_mse=2.1740e-02)
[step  650000 | ep 1] train_mse=1.5973e-02  val_mse=2.1716e-02  val_L0=64.0  dead=0.000  n_dead=0  aux=0.000e+00
  -> saved training curves to checkpoints_topk_aux_K64/training_curves.png
  -> saved best checkpoint (val_mse=2.1716e-02)
[step  660000 | ep 1] train_mse=1.6577e-02  val_mse=2.1671e-02  val_L0=64.0  dead=0.000  n_dead=0  aux=0.000e+00
  -> saved training curves to checkpoints_topk_aux_K64/training_curves.png
  -> saved best checkpoint (val_mse=2.1671e-02)
[step  670000 | ep 1] train_mse=1.6285e-02  val_mse=2.1629e-02  val_L0=64.0  dead=0.000  n_dead=0  aux=0.000e+00
  -> saved training curves to checkpoints_topk_aux_K64/training_curves.png
  -> saved best checkpoint (val_mse=2.1629e-02)
[step  680000 | ep 1] train_mse=1.5908e-02  val_mse=2.1607e-02  val_L0=64.0  dead=0.000  n_dead=0  aux=0.000e+00
  -> saved training curves to checkpoints_topk_aux_K64/training_curves.png
  -> saved best checkpoint (val_mse=2.1607e-02)
[step  690000 | ep 1] train_mse=1.6141e-02  val_mse=2.1576e-02  val_L0=64.0  dead=0.000  n_dead=0  aux=0.000e+00
  -> saved training curves to checkpoints_topk_aux_K64/training_curves.png
  -> saved best checkpoint (val_mse=2.1576e-02)
[step  700000 | ep 1] train_mse=1.6170e-02  val_mse=2.1560e-02  val_L0=64.0  dead=0.000  n_dead=0  aux=0.000e+00
  -> saved training curves to checkpoints_topk_aux_K64/training_curves.png
  -> saved best checkpoint (val_mse=2.1560e-02)
Epoch 1 done  (step=703329)
[step  710000 | ep 2] train_mse=1.6135e-02  val_mse=2.1495e-02  val_L0=64.0  dead=0.000  n_dead=0  aux=0.000e+00
  -> saved training curves to checkpoints_topk_aux_K64/training_curves.png
  -> saved best checkpoint (val_mse=2.1495e-02)
[step  720000 | ep 2] train_mse=1.6031e-02  val_mse=2.1494e-02  val_L0=64.0  dead=0.000  n_dead=0  aux=0.000e+00
  -> saved training curves to checkpoints_topk_aux_K64/training_curves.png
  -> saved best checkpoint (val_mse=2.1494e-02)
[step  730000 | ep 2] train_mse=1.5893e-02  val_mse=2.1475e-02  val_L0=64.0  dead=0.000  n_dead=0  aux=0.000e+00
  -> saved training curves to checkpoints_topk_aux_K64/training_curves.png
  -> saved best checkpoint (val_mse=2.1475e-02)
[step  740000 | ep 2] train_mse=1.6080e-02  val_mse=2.1429e-02  val_L0=64.0  dead=0.000  n_dead=0  aux=0.000e+00
  -> saved training curves to checkpoints_topk_aux_K64/training_curves.png
  -> saved best checkpoint (val_mse=2.1429e-02)
[step  750000 | ep 2] train_mse=1.6324e-02  val_mse=2.1414e-02  val_L0=64.0  dead=0.000  n_dead=0  aux=0.000e+00
  -> saved training curves to checkpoints_topk_aux_K64/training_curves.png
  -> saved best checkpoint (val_mse=2.1414e-02)
[step  760000 | ep 2] train_mse=1.5850e-02  val_mse=2.1407e-02  val_L0=64.0  dead=0.000  n_dead=0  aux=0.000e+00
  -> saved training curves to checkpoints_topk_aux_K64/training_curves.png
  -> saved best checkpoint (val_mse=2.1407e-02)
[step  770000 | ep 2] train_mse=1.5939e-02  val_mse=2.1390e-02  val_L0=64.0  dead=0.000  n_dead=0  aux=0.000e+00
  -> saved training curves to checkpoints_topk_aux_K64/training_curves.png
  -> saved best checkpoint (val_mse=2.1390e-02)
[step  780000 | ep 2] train_mse=1.5978e-02  val_mse=2.1359e-02  val_L0=64.0  dead=0.000  n_dead=0  aux=0.000e+00
  -> saved training curves to checkpoints_topk_aux_K64/training_curves.png
  -> saved best checkpoint (val_mse=2.1359e-02)
[step  790000 | ep 2] train_mse=1.6128e-02  val_mse=2.1335e-02  val_L0=64.0  dead=0.000  n_dead=0  aux=0.000e+00
  -> saved training curves to checkpoints_topk_aux_K64/training_curves.png
  -> saved best checkpoint (val_mse=2.1335e-02)
[step  800000 | ep 2] train_mse=1.5763e-02  val_mse=2.1340e-02  val_L0=64.0  dead=0.000  n_dead=0  aux=0.000e+00
  -> saved training curves to checkpoints_topk_aux_K64/training_curves.png
  -> no improvement (1/8)
[step  810000 | ep 2] train_mse=1.6052e-02  val_mse=2.1278e-02  val_L0=64.0  dead=0.000  n_dead=0  aux=0.000e+00
  -> saved training curves to checkpoints_topk_aux_K64/training_curves.png
  -> saved best checkpoint (val_mse=2.1278e-02)
[step  820000 | ep 2] train_mse=1.5933e-02  val_mse=2.1258e-02  val_L0=64.0  dead=0.000  n_dead=0  aux=0.000e+00
  -> saved training curves to checkpoints_topk_aux_K64/training_curves.png
  -> saved best checkpoint (val_mse=2.1258e-02)
[step  830000 | ep 2] train_mse=1.5830e-02  val_mse=2.1259e-02  val_L0=64.0  dead=0.000  n_dead=0  aux=0.000e+00
  -> saved training curves to checkpoints_topk_aux_K64/training_curves.png
  -> no improvement (1/8)
[step  840000 | ep 2] train_mse=1.5456e-02  val_mse=2.1238e-02  val_L0=64.0  dead=0.000  n_dead=0  aux=0.000e+00
  -> saved training curves to checkpoints_topk_aux_K64/training_curves.png
  -> saved best checkpoint (val_mse=2.1238e-02)
[step  850000 | ep 2] train_mse=1.5608e-02  val_mse=2.1223e-02  val_L0=64.0  dead=0.000  n_dead=0  aux=0.000e+00
  -> saved training curves to checkpoints_topk_aux_K64/training_curves.png
  -> saved best checkpoint (val_mse=2.1223e-02)
[step  860000 | ep 2] train_mse=1.5620e-02  val_mse=2.1189e-02  val_L0=64.0  dead=0.000  n_dead=0  aux=0.000e+00
  -> saved training curves to checkpoints_topk_aux_K64/training_curves.png
  -> saved best checkpoint (val_mse=2.1189e-02)
[step  870000 | ep 2] train_mse=1.5705e-02  val_mse=2.1197e-02  val_L0=64.0  dead=0.000  n_dead=0  aux=0.000e+00
  -> saved training curves to checkpoints_topk_aux_K64/training_curves.png
  -> no improvement (1/8)
[step  880000 | ep 2] train_mse=1.5370e-02  val_mse=2.1144e-02  val_L0=64.0  dead=0.000  n_dead=0  aux=0.000e+00
  -> saved training curves to checkpoints_topk_aux_K64/training_curves.png
  -> saved best checkpoint (val_mse=2.1144e-02)
[step  890000 | ep 2] train_mse=1.5746e-02  val_mse=2.1130e-02  val_L0=64.0  dead=0.000  n_dead=0  aux=0.000e+00
  -> saved training curves to checkpoints_topk_aux_K64/training_curves.png
  -> saved best checkpoint (val_mse=2.1130e-02)
[step  900000 | ep 2] train_mse=1.5390e-02  val_mse=2.1130e-02  val_L0=64.0  dead=0.000  n_dead=0  aux=0.000e+00
  -> saved training curves to checkpoints_topk_aux_K64/training_curves.png
  -> saved best checkpoint (val_mse=2.1130e-02)
[step  910000 | ep 2] train_mse=1.5866e-02  val_mse=2.1119e-02  val_L0=64.0  dead=0.000  n_dead=0  aux=0.000e+00
  -> saved training curves to checkpoints_topk_aux_K64/training_curves.png
  -> saved best checkpoint (val_mse=2.1119e-02)
[step  920000 | ep 2] train_mse=1.6061e-02  val_mse=2.1088e-02  val_L0=64.0  dead=0.000  n_dead=0  aux=0.000e+00
  -> saved training curves to checkpoints_topk_aux_K64/training_curves.png
  -> saved best checkpoint (val_mse=2.1088e-02)
[step  930000 | ep 2] train_mse=1.5850e-02  val_mse=2.1088e-02  val_L0=64.0  dead=0.000  n_dead=0  aux=0.000e+00
  -> saved training curves to checkpoints_topk_aux_K64/training_curves.png
  -> no improvement (1/8)
[step  940000 | ep 2] train_mse=1.5852e-02  val_mse=2.1049e-02  val_L0=64.0  dead=0.000  n_dead=0  aux=0.000e+00
  -> saved training curves to checkpoints_topk_aux_K64/training_curves.png
  -> saved best checkpoint (val_mse=2.1049e-02)
[step  950000 | ep 2] train_mse=1.5484e-02  val_mse=2.1060e-02  val_L0=64.0  dead=0.000  n_dead=0  aux=0.000e+00
  -> saved training curves to checkpoints_topk_aux_K64/training_curves.png
  -> no improvement (1/8)
[step  960000 | ep 2] train_mse=1.5365e-02  val_mse=2.1022e-02  val_L0=64.0  dead=0.000  n_dead=0  aux=0.000e+00
  -> saved training curves to checkpoints_topk_aux_K64/training_curves.png
  -> saved best checkpoint (val_mse=2.1022e-02)
[step  970000 | ep 2] train_mse=1.5572e-02  val_mse=2.1021e-02  val_L0=64.0  dead=0.000  n_dead=0  aux=0.000e+00
  -> saved training curves to checkpoints_topk_aux_K64/training_curves.png
  -> saved best checkpoint (val_mse=2.1021e-02)
[step  980000 | ep 2] train_mse=1.5527e-02  val_mse=2.0996e-02  val_L0=64.0  dead=0.000  n_dead=0  aux=0.000e+00
  -> saved training curves to checkpoints_topk_aux_K64/training_curves.png
  -> saved best checkpoint (val_mse=2.0996e-02)
[step  990000 | ep 2] train_mse=1.5544e-02  val_mse=2.0955e-02  val_L0=64.0  dead=0.000  n_dead=0  aux=0.000e+00
  -> saved training curves to checkpoints_topk_aux_K64/training_curves.png
  -> saved best checkpoint (val_mse=2.0955e-02)
[step 1000000 | ep 2] train_mse=1.5338e-02  val_mse=2.0970e-02  val_L0=64.0  dead=0.000  n_dead=0  aux=0.000e+00
  -> saved training curves to checkpoints_topk_aux_K64/training_curves.png
  -> no improvement (1/8)
[step 1010000 | ep 2] train_mse=1.5512e-02  val_mse=2.0949e-02  val_L0=64.0  dead=0.000  n_dead=0  aux=0.000e+00
  -> saved training curves to checkpoints_topk_aux_K64/training_curves.png
  -> saved best checkpoint (val_mse=2.0949e-02)
[step 1020000 | ep 2] train_mse=1.5568e-02  val_mse=2.0916e-02  val_L0=64.0  dead=0.000  n_dead=0  aux=0.000e+00
  -> saved training curves to checkpoints_topk_aux_K64/training_curves.png
  -> saved best checkpoint (val_mse=2.0916e-02)
[step 1030000 | ep 2] train_mse=1.5484e-02  val_mse=2.0923e-02  val_L0=64.0  dead=0.000  n_dead=0  aux=0.000e+00
  -> saved training curves to checkpoints_topk_aux_K64/training_curves.png
  -> no improvement (1/8)
[step 1040000 | ep 2] train_mse=1.5284e-02  val_mse=2.0899e-02  val_L0=64.0  dead=0.000  n_dead=0  aux=0.000e+00
  -> saved training curves to checkpoints_topk_aux_K64/training_curves.png
  -> saved best checkpoint (val_mse=2.0899e-02)
[step 1050000 | ep 2] train_mse=1.5392e-02  val_mse=2.0913e-02  val_L0=64.0  dead=0.000  n_dead=0  aux=0.000e+00
  -> saved training curves to checkpoints_topk_aux_K64/training_curves.png
  -> no improvement (1/8)
[step 1060000 | ep 2] train_mse=1.5395e-02  val_mse=2.0876e-02  val_L0=64.0  dead=0.000  n_dead=0  aux=0.000e+00
  -> saved training curves to checkpoints_topk_aux_K64/training_curves.png
  -> saved best checkpoint (val_mse=2.0876e-02)
[step 1070000 | ep 2] train_mse=1.5278e-02  val_mse=2.0860e-02  val_L0=64.0  dead=0.000  n_dead=0  aux=0.000e+00
  -> saved training curves to checkpoints_topk_aux_K64/training_curves.png
  -> saved best checkpoint (val_mse=2.0860e-02)
[step 1080000 | ep 2] train_mse=1.5404e-02  val_mse=2.0853e-02  val_L0=64.0  dead=0.000  n_dead=0  aux=0.000e+00
  -> saved training curves to checkpoints_topk_aux_K64/training_curves.png
  -> saved best checkpoint (val_mse=2.0853e-02)
[step 1090000 | ep 2] train_mse=1.5279e-02  val_mse=2.0840e-02  val_L0=64.0  dead=0.000  n_dead=0  aux=0.000e+00
  -> saved training curves to checkpoints_topk_aux_K64/training_curves.png
  -> saved best checkpoint (val_mse=2.0840e-02)
[step 1100000 | ep 2] train_mse=1.5449e-02  val_mse=2.0840e-02  val_L0=64.0  dead=0.000  n_dead=0  aux=0.000e+00
  -> saved training curves to checkpoints_topk_aux_K64/training_curves.png
  -> saved best checkpoint (val_mse=2.0840e-02)
[step 1110000 | ep 2] train_mse=1.5438e-02  val_mse=2.0848e-02  val_L0=64.0  dead=0.000  n_dead=0  aux=0.000e+00
  -> saved training curves to checkpoints_topk_aux_K64/training_curves.png
  -> no improvement (1/8)
[step 1120000 | ep 2] train_mse=1.5329e-02  val_mse=2.0806e-02  val_L0=64.0  dead=0.000  n_dead=0  aux=0.000e+00
  -> saved training curves to checkpoints_topk_aux_K64/training_curves.png
  -> saved best checkpoint (val_mse=2.0806e-02)
[step 1130000 | ep 2] train_mse=1.5343e-02  val_mse=2.0804e-02  val_L0=64.0  dead=0.000  n_dead=0  aux=0.000e+00
  -> saved training curves to checkpoints_topk_aux_K64/training_curves.png
  -> saved best checkpoint (val_mse=2.0804e-02)
[step 1140000 | ep 2] train_mse=1.5400e-02  val_mse=2.0772e-02  val_L0=64.0  dead=0.000  n_dead=0  aux=0.000e+00
  -> saved training curves to checkpoints_topk_aux_K64/training_curves.png
  -> saved best checkpoint (val_mse=2.0772e-02)
[step 1150000 | ep 2] train_mse=1.5372e-02  val_mse=2.0794e-02  val_L0=64.0  dead=0.000  n_dead=0  aux=0.000e+00
  -> saved training curves to checkpoints_topk_aux_K64/training_curves.png
  -> no improvement (1/8)
[step 1160000 | ep 2] train_mse=1.5356e-02  val_mse=2.0800e-02  val_L0=64.0  dead=0.000  n_dead=0  aux=0.000e+00
  -> saved training curves to checkpoints_topk_aux_K64/training_curves.png
  -> no improvement (2/8)
[step 1170000 | ep 2] train_mse=1.5182e-02  val_mse=2.0759e-02  val_L0=64.0  dead=0.000  n_dead=0  aux=0.000e+00
  -> saved training curves to checkpoints_topk_aux_K64/training_curves.png
  -> saved best checkpoint (val_mse=2.0759e-02)
[step 1180000 | ep 2] train_mse=1.5223e-02  val_mse=2.0757e-02  val_L0=64.0  dead=0.000  n_dead=0  aux=0.000e+00
  -> saved training curves to checkpoints_topk_aux_K64/training_curves.png
  -> saved best checkpoint (val_mse=2.0757e-02)
[step 1190000 | ep 2] train_mse=1.5616e-02  val_mse=2.0731e-02  val_L0=64.0  dead=0.000  n_dead=0  aux=0.000e+00
  -> saved training curves to checkpoints_topk_aux_K64/training_curves.png
  -> saved best checkpoint (val_mse=2.0731e-02)
[step 1200000 | ep 2] train_mse=1.5257e-02  val_mse=2.0718e-02  val_L0=64.0  dead=0.000  n_dead=0  aux=0.000e+00
  -> saved training curves to checkpoints_topk_aux_K64/training_curves.png
  -> saved best checkpoint (val_mse=2.0718e-02)
[step 1210000 | ep 2] train_mse=1.5380e-02  val_mse=2.0705e-02  val_L0=64.0  dead=0.000  n_dead=0  aux=0.000e+00
  -> saved training curves to checkpoints_topk_aux_K64/training_curves.png
  -> saved best checkpoint (val_mse=2.0705e-02)
[step 1220000 | ep 2] train_mse=1.5242e-02  val_mse=2.0681e-02  val_L0=64.0  dead=0.000  n_dead=0  aux=0.000e+00
  -> saved training curves to checkpoints_topk_aux_K64/training_curves.png
  -> saved best checkpoint (val_mse=2.0681e-02)
[step 1230000 | ep 2] train_mse=1.4928e-02  val_mse=2.0675e-02  val_L0=64.0  dead=0.000  n_dead=0  aux=0.000e+00
  -> saved training curves to checkpoints_topk_aux_K64/training_curves.png
  -> saved best checkpoint (val_mse=2.0675e-02)
[step 1240000 | ep 2] train_mse=1.5325e-02  val_mse=2.0702e-02  val_L0=64.0  dead=0.000  n_dead=0  aux=0.000e+00
  -> saved training curves to checkpoints_topk_aux_K64/training_curves.png
  -> no improvement (1/8)
[step 1250000 | ep 2] train_mse=1.5122e-02  val_mse=2.0683e-02  val_L0=64.0  dead=0.000  n_dead=0  aux=0.000e+00
  -> saved training curves to checkpoints_topk_aux_K64/training_curves.png
  -> no improvement (2/8)
[step 1260000 | ep 2] train_mse=1.5235e-02  val_mse=2.0669e-02  val_L0=64.0  dead=0.000  n_dead=0  aux=0.000e+00
  -> saved training curves to checkpoints_topk_aux_K64/training_curves.png
  -> saved best checkpoint (val_mse=2.0669e-02)
[step 1270000 | ep 2] train_mse=1.5188e-02  val_mse=2.0683e-02  val_L0=64.0  dead=0.000  n_dead=0  aux=0.000e+00
  -> saved training curves to checkpoints_topk_aux_K64/training_curves.png
  -> no improvement (1/8)
[step 1280000 | ep 2] train_mse=1.5218e-02  val_mse=2.0628e-02  val_L0=64.0  dead=0.000  n_dead=0  aux=0.000e+00
  -> saved training curves to checkpoints_topk_aux_K64/training_curves.png
  -> saved best checkpoint (val_mse=2.0628e-02)
[step 1290000 | ep 2] train_mse=1.5042e-02  val_mse=2.0638e-02  val_L0=64.0  dead=0.000  n_dead=0  aux=0.000e+00
  -> saved training curves to checkpoints_topk_aux_K64/training_curves.png
  -> no improvement (1/8)
[step 1300000 | ep 2] train_mse=1.5190e-02  val_mse=2.0630e-02  val_L0=64.0  dead=0.000  n_dead=0  aux=0.000e+00
  -> saved training curves to checkpoints_topk_aux_K64/training_curves.png
  -> no improvement (2/8)
[step 1310000 | ep 2] train_mse=1.5303e-02  val_mse=2.0606e-02  val_L0=64.0  dead=0.000  n_dead=0  aux=0.000e+00
  -> saved training curves to checkpoints_topk_aux_K64/training_curves.png
  -> saved best checkpoint (val_mse=2.0606e-02)
[step 1320000 | ep 2] train_mse=1.5323e-02  val_mse=2.0587e-02  val_L0=64.0  dead=0.000  n_dead=0  aux=0.000e+00
  -> saved training curves to checkpoints_topk_aux_K64/training_curves.png
  -> saved best checkpoint (val_mse=2.0587e-02)
[step 1330000 | ep 2] train_mse=1.5170e-02  val_mse=2.0570e-02  val_L0=64.0  dead=0.000  n_dead=0  aux=0.000e+00
  -> saved training curves to checkpoints_topk_aux_K64/training_curves.png
  -> saved best checkpoint (val_mse=2.0570e-02)
[step 1340000 | ep 2] train_mse=1.5513e-02  val_mse=2.0595e-02  val_L0=64.0  dead=0.000  n_dead=0  aux=0.000e+00
  -> saved training curves to checkpoints_topk_aux_K64/training_curves.png
  -> no improvement (1/8)
[step 1350000 | ep 2] train_mse=1.4987e-02  val_mse=2.0578e-02  val_L0=64.0  dead=0.000  n_dead=0  aux=0.000e+00
  -> saved training curves to checkpoints_topk_aux_K64/training_curves.png
  -> no improvement (2/8)
[step 1360000 | ep 2] train_mse=1.5120e-02  val_mse=2.0571e-02  val_L0=64.0  dead=0.000  n_dead=0  aux=0.000e+00
  -> saved training curves to checkpoints_topk_aux_K64/training_curves.png
  -> no improvement (3/8)
[step 1370000 | ep 2] train_mse=1.5331e-02  val_mse=2.0545e-02  val_L0=64.0  dead=0.000  n_dead=0  aux=0.000e+00
  -> saved training curves to checkpoints_topk_aux_K64/training_curves.png
  -> saved best checkpoint (val_mse=2.0545e-02)
[step 1380000 | ep 2] train_mse=1.5140e-02  val_mse=2.0559e-02  val_L0=64.0  dead=0.000  n_dead=0  aux=0.000e+00
  -> saved training curves to checkpoints_topk_aux_K64/training_curves.png
  -> no improvement (1/8)
[step 1390000 | ep 2] train_mse=1.4944e-02  val_mse=2.0541e-02  val_L0=64.0  dead=0.000  n_dead=0  aux=0.000e+00
  -> saved training curves to checkpoints_topk_aux_K64/training_curves.png
  -> saved best checkpoint (val_mse=2.0541e-02)
[step 1400000 | ep 2] train_mse=1.5271e-02  val_mse=2.0545e-02  val_L0=64.0  dead=0.000  n_dead=0  aux=0.000e+00
  -> saved training curves to checkpoints_topk_aux_K64/training_curves.png
  -> no improvement (1/8)
Epoch 2 done  (step=1406658)
[step 1410000 | ep 3] train_mse=1.5009e-02  val_mse=2.0538e-02  val_L0=64.0  dead=0.000  n_dead=0  aux=0.000e+00
  -> saved training curves to checkpoints_topk_aux_K64/training_curves.png
  -> saved best checkpoint (val_mse=2.0538e-02)
[step 1420000 | ep 3] train_mse=1.5158e-02  val_mse=2.0522e-02  val_L0=64.0  dead=0.000  n_dead=0  aux=0.000e+00
  -> saved training curves to checkpoints_topk_aux_K64/training_curves.png
  -> saved best checkpoint (val_mse=2.0522e-02)
[step 1430000 | ep 3] train_mse=1.5464e-02  val_mse=2.0502e-02  val_L0=64.0  dead=0.000  n_dead=0  aux=0.000e+00
  -> saved training curves to checkpoints_topk_aux_K64/training_curves.png
  -> saved best checkpoint (val_mse=2.0502e-02)
[step 1440000 | ep 3] train_mse=1.5152e-02  val_mse=2.0504e-02  val_L0=64.0  dead=0.000  n_dead=0  aux=0.000e+00
  -> saved training curves to checkpoints_topk_aux_K64/training_curves.png
  -> no improvement (1/8)
[step 1450000 | ep 3] train_mse=1.5114e-02  val_mse=2.0465e-02  val_L0=64.0  dead=0.000  n_dead=0  aux=0.000e+00
  -> saved training curves to checkpoints_topk_aux_K64/training_curves.png
  -> saved best checkpoint (val_mse=2.0465e-02)
[step 1460000 | ep 3] train_mse=1.5010e-02  val_mse=2.0477e-02  val_L0=64.0  dead=0.000  n_dead=0  aux=0.000e+00
  -> saved training curves to checkpoints_topk_aux_K64/training_curves.png
  -> no improvement (1/8)
[step 1470000 | ep 3] train_mse=1.5097e-02  val_mse=2.0454e-02  val_L0=64.0  dead=0.000  n_dead=0  aux=0.000e+00
  -> saved training curves to checkpoints_topk_aux_K64/training_curves.png
  -> saved best checkpoint (val_mse=2.0454e-02)
[step 1480000 | ep 3] train_mse=1.5039e-02  val_mse=2.0435e-02  val_L0=64.0  dead=0.000  n_dead=0  aux=0.000e+00
  -> saved training curves to checkpoints_topk_aux_K64/training_curves.png
  -> saved best checkpoint (val_mse=2.0435e-02)
[step 1490000 | ep 3] train_mse=1.4904e-02  val_mse=2.0470e-02  val_L0=64.0  dead=0.000  n_dead=0  aux=0.000e+00
  -> saved training curves to checkpoints_topk_aux_K64/training_curves.png
  -> no improvement (1/8)
[step 1500000 | ep 3] train_mse=1.5007e-02  val_mse=2.0437e-02  val_L0=64.0  dead=0.000  n_dead=0  aux=0.000e+00
  -> saved training curves to checkpoints_topk_aux_K64/training_curves.png
  -> no improvement (2/8)
[step 1510000 | ep 3] train_mse=1.4868e-02  val_mse=2.0431e-02  val_L0=64.0  dead=0.000  n_dead=0  aux=0.000e+00
  -> saved training curves to checkpoints_topk_aux_K64/training_curves.png
  -> saved best checkpoint (val_mse=2.0431e-02)
[step 1520000 | ep 3] train_mse=1.5017e-02  val_mse=2.0408e-02  val_L0=64.0  dead=0.000  n_dead=0  aux=0.000e+00
  -> saved training curves to checkpoints_topk_aux_K64/training_curves.png
  -> saved best checkpoint (val_mse=2.0408e-02)
[step 1530000 | ep 3] train_mse=1.5345e-02  val_mse=2.0412e-02  val_L0=64.0  dead=0.000  n_dead=0  aux=0.000e+00
  -> saved training curves to checkpoints_topk_aux_K64/training_curves.png
  -> no improvement (1/8)
[step 1540000 | ep 3] train_mse=1.5097e-02  val_mse=2.0432e-02  val_L0=64.0  dead=0.000  n_dead=0  aux=0.000e+00
  -> saved training curves to checkpoints_topk_aux_K64/training_curves.png
  -> no improvement (2/8)
[step 1550000 | ep 3] train_mse=1.4854e-02  val_mse=2.0406e-02  val_L0=64.0  dead=0.000  n_dead=0  aux=0.000e+00
  -> saved training curves to checkpoints_topk_aux_K64/training_curves.png
  -> saved best checkpoint (val_mse=2.0406e-02)
[step 1560000 | ep 3] train_mse=1.5397e-02  val_mse=2.0407e-02  val_L0=64.0  dead=0.000  n_dead=0  aux=0.000e+00
  -> saved training curves to checkpoints_topk_aux_K64/training_curves.png
  -> no improvement (1/8)
[step 1570000 | ep 3] train_mse=1.5069e-02  val_mse=2.0403e-02  val_L0=64.0  dead=0.000  n_dead=0  aux=0.000e+00
  -> saved training curves to checkpoints_topk_aux_K64/training_curves.png
  -> saved best checkpoint (val_mse=2.0403e-02)
[step 1580000 | ep 3] train_mse=1.5049e-02  val_mse=2.0373e-02  val_L0=64.0  dead=0.000  n_dead=0  aux=0.000e+00
  -> saved training curves to checkpoints_topk_aux_K64/training_curves.png
  -> saved best checkpoint (val_mse=2.0373e-02)
[step 1590000 | ep 3] train_mse=1.5465e-02  val_mse=2.0370e-02  val_L0=64.0  dead=0.000  n_dead=0  aux=0.000e+00
  -> saved training curves to checkpoints_topk_aux_K64/training_curves.png
  -> saved best checkpoint (val_mse=2.0370e-02)
[step 1600000 | ep 3] train_mse=1.5019e-02  val_mse=2.0371e-02  val_L0=64.0  dead=0.000  n_dead=0  aux=0.000e+00
  -> saved training curves to checkpoints_topk_aux_K64/training_curves.png
  -> no improvement (1/8)
[step 1610000 | ep 3] train_mse=1.5002e-02  val_mse=2.0345e-02  val_L0=64.0  dead=0.000  n_dead=0  aux=0.000e+00
  -> saved training curves to checkpoints_topk_aux_K64/training_curves.png
  -> saved best checkpoint (val_mse=2.0345e-02)
[step 1620000 | ep 3] train_mse=1.4926e-02  val_mse=2.0345e-02  val_L0=64.0  dead=0.000  n_dead=0  aux=0.000e+00
  -> saved training curves to checkpoints_topk_aux_K64/training_curves.png
  -> saved best checkpoint (val_mse=2.0345e-02)
[step 1630000 | ep 3] train_mse=1.5084e-02  val_mse=2.0356e-02  val_L0=64.0  dead=0.000  n_dead=0  aux=0.000e+00
  -> saved training curves to checkpoints_topk_aux_K64/training_curves.png
  -> no improvement (1/8)
[step 1640000 | ep 3] train_mse=1.4922e-02  val_mse=2.0312e-02  val_L0=64.0  dead=0.000  n_dead=0  aux=0.000e+00
  -> saved training curves to checkpoints_topk_aux_K64/training_curves.png
  -> saved best checkpoint (val_mse=2.0312e-02)
[step 1650000 | ep 3] train_mse=1.4919e-02  val_mse=2.0320e-02  val_L0=64.0  dead=0.000  n_dead=0  aux=0.000e+00
  -> saved training curves to checkpoints_topk_aux_K64/training_curves.png
  -> no improvement (1/8)
[step 1660000 | ep 3] train_mse=1.4736e-02  val_mse=2.0312e-02  val_L0=64.0  dead=0.000  n_dead=0  aux=0.000e+00
  -> saved training curves to checkpoints_topk_aux_K64/training_curves.png
  -> saved best checkpoint (val_mse=2.0312e-02)
[step 1670000 | ep 3] train_mse=1.4885e-02  val_mse=2.0313e-02  val_L0=64.0  dead=0.000  n_dead=0  aux=0.000e+00
  -> saved training curves to checkpoints_topk_aux_K64/training_curves.png
  -> no improvement (1/8)
[step 1680000 | ep 3] train_mse=1.5041e-02  val_mse=2.0289e-02  val_L0=64.0  dead=0.000  n_dead=0  aux=0.000e+00
  -> saved training curves to checkpoints_topk_aux_K64/training_curves.png
  -> saved best checkpoint (val_mse=2.0289e-02)
[step 1690000 | ep 3] train_mse=1.4672e-02  val_mse=2.0291e-02  val_L0=64.0  dead=0.000  n_dead=0  aux=0.000e+00
  -> saved training curves to checkpoints_topk_aux_K64/training_curves.png
  -> no improvement (1/8)
[step 1700000 | ep 3] train_mse=1.4939e-02  val_mse=2.0313e-02  val_L0=64.0  dead=0.000  n_dead=0  aux=0.000e+00
  -> saved training curves to checkpoints_topk_aux_K64/training_curves.png
  -> no improvement (2/8)
[step 1710000 | ep 3] train_mse=1.4851e-02  val_mse=2.0291e-02  val_L0=64.0  dead=0.000  n_dead=0  aux=0.000e+00
  -> saved training curves to checkpoints_topk_aux_K64/training_curves.png
  -> no improvement (3/8)
[step 1720000 | ep 3] train_mse=1.4891e-02  val_mse=2.0270e-02  val_L0=64.0  dead=0.000  n_dead=0  aux=0.000e+00
  -> saved training curves to checkpoints_topk_aux_K64/training_curves.png
  -> saved best checkpoint (val_mse=2.0270e-02)
[step 1730000 | ep 3] train_mse=1.4959e-02  val_mse=2.0263e-02  val_L0=64.0  dead=0.000  n_dead=0  aux=0.000e+00
  -> saved training curves to checkpoints_topk_aux_K64/training_curves.png
  -> saved best checkpoint (val_mse=2.0263e-02)
[step 1740000 | ep 3] train_mse=1.4917e-02  val_mse=2.0245e-02  val_L0=64.0  dead=0.000  n_dead=0  aux=0.000e+00
  -> saved training curves to checkpoints_topk_aux_K64/training_curves.png
  -> saved best checkpoint (val_mse=2.0245e-02)
[step 1750000 | ep 3] train_mse=1.5024e-02  val_mse=2.0227e-02  val_L0=64.0  dead=0.000  n_dead=0  aux=0.000e+00
  -> saved training curves to checkpoints_topk_aux_K64/training_curves.png
  -> saved best checkpoint (val_mse=2.0227e-02)
[step 1760000 | ep 3] train_mse=1.4979e-02  val_mse=2.0252e-02  val_L0=64.0  dead=0.000  n_dead=0  aux=0.000e+00
  -> saved training curves to checkpoints_topk_aux_K64/training_curves.png
  -> no improvement (1/8)
[step 1770000 | ep 3] train_mse=1.5163e-02  val_mse=2.0247e-02  val_L0=64.0  dead=0.000  n_dead=0  aux=0.000e+00
  -> saved training curves to checkpoints_topk_aux_K64/training_curves.png
  -> no improvement (2/8)
[step 1780000 | ep 3] train_mse=1.4844e-02  val_mse=2.0228e-02  val_L0=64.0  dead=0.000  n_dead=0  aux=0.000e+00
  -> saved training curves to checkpoints_topk_aux_K64/training_curves.png
  -> no improvement (3/8)
[step 1790000 | ep 3] train_mse=1.4960e-02  val_mse=2.0214e-02  val_L0=64.0  dead=0.000  n_dead=0  aux=0.000e+00
  -> saved training curves to checkpoints_topk_aux_K64/training_curves.png
  -> saved best checkpoint (val_mse=2.0214e-02)
[step 1800000 | ep 3] train_mse=1.4542e-02  val_mse=2.0205e-02  val_L0=64.0  dead=0.000  n_dead=0  aux=0.000e+00
  -> saved training curves to checkpoints_topk_aux_K64/training_curves.png
  -> saved best checkpoint (val_mse=2.0205e-02)
[step 1810000 | ep 3] train_mse=1.5203e-02  val_mse=2.0202e-02  val_L0=64.0  dead=0.000  n_dead=0  aux=0.000e+00
  -> saved training curves to checkpoints_topk_aux_K64/training_curves.png
  -> saved best checkpoint (val_mse=2.0202e-02)
[step 1820000 | ep 3] train_mse=1.4586e-02  val_mse=2.0165e-02  val_L0=64.0  dead=0.000  n_dead=0  aux=0.000e+00
  -> saved training curves to checkpoints_topk_aux_K64/training_curves.png
  -> saved best checkpoint (val_mse=2.0165e-02)
[step 1830000 | ep 3] train_mse=1.4746e-02  val_mse=2.0203e-02  val_L0=64.0  dead=0.000  n_dead=0  aux=0.000e+00
  -> saved training curves to checkpoints_topk_aux_K64/training_curves.png
  -> no improvement (1/8)
[step 1840000 | ep 3] train_mse=1.4953e-02  val_mse=2.0182e-02  val_L0=64.0  dead=0.000  n_dead=0  aux=0.000e+00
  -> saved training curves to checkpoints_topk_aux_K64/training_curves.png
  -> no improvement (2/8)
[step 1850000 | ep 3] train_mse=1.4655e-02  val_mse=2.0180e-02  val_L0=64.0  dead=0.000  n_dead=0  aux=0.000e+00
  -> saved training curves to checkpoints_topk_aux_K64/training_curves.png
  -> no improvement (3/8)
[step 1860000 | ep 3] train_mse=1.4785e-02  val_mse=2.0159e-02  val_L0=64.0  dead=0.000  n_dead=0  aux=0.000e+00
  -> saved training curves to checkpoints_topk_aux_K64/training_curves.png
  -> saved best checkpoint (val_mse=2.0159e-02)
[step 1870000 | ep 3] train_mse=1.4471e-02  val_mse=2.0145e-02  val_L0=64.0  dead=0.000  n_dead=0  aux=0.000e+00
  -> saved training curves to checkpoints_topk_aux_K64/training_curves.png
  -> saved best checkpoint (val_mse=2.0145e-02)
[step 1880000 | ep 3] train_mse=1.5001e-02  val_mse=2.0141e-02  val_L0=64.0  dead=0.000  n_dead=0  aux=0.000e+00
  -> saved training curves to checkpoints_topk_aux_K64/training_curves.png
  -> saved best checkpoint (val_mse=2.0141e-02)
[step 1890000 | ep 3] train_mse=1.4616e-02  val_mse=2.0127e-02  val_L0=64.0  dead=0.000  n_dead=0  aux=0.000e+00
  -> saved training curves to checkpoints_topk_aux_K64/training_curves.png
  -> saved best checkpoint (val_mse=2.0127e-02)
[step 1900000 | ep 3] train_mse=1.4716e-02  val_mse=2.0142e-02  val_L0=64.0  dead=0.000  n_dead=0  aux=0.000e+00
  -> saved training curves to checkpoints_topk_aux_K64/training_curves.png
  -> no improvement (1/8)
[step 1910000 | ep 3] train_mse=1.4370e-02  val_mse=2.0135e-02  val_L0=64.0  dead=0.000  n_dead=0  aux=0.000e+00
  -> saved training curves to checkpoints_topk_aux_K64/training_curves.png
  -> no improvement (2/8)
[step 1920000 | ep 3] train_mse=1.4631e-02  val_mse=2.0128e-02  val_L0=64.0  dead=0.000  n_dead=0  aux=0.000e+00
  -> saved training curves to checkpoints_topk_aux_K64/training_curves.png
  -> no improvement (3/8)
[step 1930000 | ep 3] train_mse=1.4694e-02  val_mse=2.0113e-02  val_L0=64.0  dead=0.000  n_dead=0  aux=0.000e+00
  -> saved training curves to checkpoints_topk_aux_K64/training_curves.png
  -> saved best checkpoint (val_mse=2.0113e-02)
[step 1940000 | ep 3] train_mse=1.4448e-02  val_mse=2.0116e-02  val_L0=64.0  dead=0.000  n_dead=0  aux=0.000e+00
  -> saved training curves to checkpoints_topk_aux_K64/training_curves.png
  -> no improvement (1/8)
[step 1950000 | ep 3] train_mse=1.4838e-02  val_mse=2.0096e-02  val_L0=64.0  dead=0.000  n_dead=0  aux=0.000e+00
  -> saved training curves to checkpoints_topk_aux_K64/training_curves.png
  -> saved best checkpoint (val_mse=2.0096e-02)
[step 1960000 | ep 3] train_mse=1.4782e-02  val_mse=2.0098e-02  val_L0=64.0  dead=0.000  n_dead=0  aux=0.000e+00
  -> saved training curves to checkpoints_topk_aux_K64/training_curves.png
  -> no improvement (1/8)
[step 1970000 | ep 3] train_mse=1.4481e-02  val_mse=2.0088e-02  val_L0=64.0  dead=0.000  n_dead=0  aux=0.000e+00
  -> saved training curves to checkpoints_topk_aux_K64/training_curves.png
  -> saved best checkpoint (val_mse=2.0088e-02)
[step 1980000 | ep 3] train_mse=1.4901e-02  val_mse=2.0073e-02  val_L0=64.0  dead=0.000  n_dead=0  aux=0.000e+00
  -> saved training curves to checkpoints_topk_aux_K64/training_curves.png
  -> saved best checkpoint (val_mse=2.0073e-02)
[step 1990000 | ep 3] train_mse=1.4894e-02  val_mse=2.0061e-02  val_L0=64.0  dead=0.000  n_dead=0  aux=0.000e+00
  -> saved training curves to checkpoints_topk_aux_K64/training_curves.png
  -> saved best checkpoint (val_mse=2.0061e-02)
[step 2000000 | ep 3] train_mse=1.4853e-02  val_mse=2.0090e-02  val_L0=64.0  dead=0.000  n_dead=0  aux=0.000e+00
  -> saved training curves to checkpoints_topk_aux_K64/training_curves.png
  -> no improvement (1/8)
[step 2010000 | ep 3] train_mse=1.4781e-02  val_mse=2.0068e-02  val_L0=64.0  dead=0.000  n_dead=0  aux=0.000e+00
  -> saved training curves to checkpoints_topk_aux_K64/training_curves.png
  -> no improvement (2/8)
[step 2020000 | ep 3] train_mse=1.4867e-02  val_mse=2.0077e-02  val_L0=64.0  dead=0.000  n_dead=0  aux=0.000e+00
  -> saved training curves to checkpoints_topk_aux_K64/training_curves.png
  -> no improvement (3/8)
[step 2030000 | ep 3] train_mse=1.4764e-02  val_mse=2.0049e-02  val_L0=64.0  dead=0.000  n_dead=0  aux=0.000e+00
  -> saved training curves to checkpoints_topk_aux_K64/training_curves.png
  -> saved best checkpoint (val_mse=2.0049e-02)
[step 2040000 | ep 3] train_mse=1.4960e-02  val_mse=2.0058e-02  val_L0=64.0  dead=0.000  n_dead=0  aux=0.000e+00
  -> saved training curves to checkpoints_topk_aux_K64/training_curves.png
  -> no improvement (1/8)
[step 2050000 | ep 3] train_mse=1.4877e-02  val_mse=2.0041e-02  val_L0=64.0  dead=0.000  n_dead=0  aux=0.000e+00
  -> saved training curves to checkpoints_topk_aux_K64/training_curves.png
  -> saved best checkpoint (val_mse=2.0041e-02)
[step 2060000 | ep 3] train_mse=1.4529e-02  val_mse=2.0020e-02  val_L0=64.0  dead=0.000  n_dead=0  aux=0.000e+00
  -> saved training curves to checkpoints_topk_aux_K64/training_curves.png
  -> saved best checkpoint (val_mse=2.0020e-02)
[step 2070000 | ep 3] train_mse=1.4922e-02  val_mse=2.0035e-02  val_L0=64.0  dead=0.000  n_dead=0  aux=0.000e+00
  -> saved training curves to checkpoints_topk_aux_K64/training_curves.png
  -> no improvement (1/8)
[step 2080000 | ep 3] train_mse=1.4538e-02  val_mse=2.0020e-02  val_L0=64.0  dead=0.000  n_dead=0  aux=0.000e+00
  -> saved training curves to checkpoints_topk_aux_K64/training_curves.png
  -> saved best checkpoint (val_mse=2.0020e-02)
[step 2090000 | ep 3] train_mse=1.4963e-02  val_mse=1.9997e-02  val_L0=64.0  dead=0.000  n_dead=0  aux=0.000e+00
  -> saved training curves to checkpoints_topk_aux_K64/training_curves.png
  -> saved best checkpoint (val_mse=1.9997e-02)
[step 2100000 | ep 3] train_mse=1.4896e-02  val_mse=2.0002e-02  val_L0=64.0  dead=0.000  n_dead=0  aux=0.000e+00
  -> saved training curves to checkpoints_topk_aux_K64/training_curves.png
  -> no improvement (1/8)
Epoch 3 done  (step=2109987)
[step 2110000 | ep 4] train_mse=1.4767e-02  val_mse=1.9997e-02  val_L0=64.0  dead=0.000  n_dead=0  aux=0.000e+00
  -> saved training curves to checkpoints_topk_aux_K64/training_curves.png
  -> no improvement (2/8)
[step 2120000 | ep 4] train_mse=1.5045e-02  val_mse=1.9954e-02  val_L0=64.0  dead=0.000  n_dead=0  aux=0.000e+00
  -> saved training curves to checkpoints_topk_aux_K64/training_curves.png
  -> saved best checkpoint (val_mse=1.9954e-02)
[step 2130000 | ep 4] train_mse=1.4763e-02  val_mse=1.9976e-02  val_L0=64.0  dead=0.000  n_dead=0  aux=0.000e+00
  -> saved training curves to checkpoints_topk_aux_K64/training_curves.png
  -> no improvement (1/8)
[step 2140000 | ep 4] train_mse=1.4697e-02  val_mse=1.9969e-02  val_L0=64.0  dead=0.000  n_dead=0  aux=0.000e+00
  -> saved training curves to checkpoints_topk_aux_K64/training_curves.png
  -> no improvement (2/8)
[step 2150000 | ep 4] train_mse=1.4495e-02  val_mse=1.9954e-02  val_L0=64.0  dead=0.000  n_dead=0  aux=0.000e+00
  -> saved training curves to checkpoints_topk_aux_K64/training_curves.png
  -> no improvement (3/8)
[step 2160000 | ep 4] train_mse=1.4806e-02  val_mse=1.9956e-02  val_L0=64.0  dead=0.000  n_dead=0  aux=0.000e+00
  -> saved training curves to checkpoints_topk_aux_K64/training_curves.png
  -> no improvement (4/8)
[step 2170000 | ep 4] train_mse=1.4632e-02  val_mse=1.9942e-02  val_L0=64.0  dead=0.000  n_dead=0  aux=0.000e+00
  -> saved training curves to checkpoints_topk_aux_K64/training_curves.png
  -> saved best checkpoint (val_mse=1.9942e-02)
[step 2180000 | ep 4] train_mse=1.4773e-02  val_mse=1.9941e-02  val_L0=64.0  dead=0.000  n_dead=0  aux=0.000e+00
  -> saved training curves to checkpoints_topk_aux_K64/training_curves.png
  -> saved best checkpoint (val_mse=1.9941e-02)
[step 2190000 | ep 4] train_mse=1.4617e-02  val_mse=1.9927e-02  val_L0=64.0  dead=0.000  n_dead=0  aux=0.000e+00
  -> saved training curves to checkpoints_topk_aux_K64/training_curves.png
  -> saved best checkpoint (val_mse=1.9927e-02)
[step 2200000 | ep 4] train_mse=1.4675e-02  val_mse=1.9929e-02  val_L0=64.0  dead=0.000  n_dead=0  aux=0.000e+00
  -> saved training curves to checkpoints_topk_aux_K64/training_curves.png
  -> no improvement (1/8)
[step 2210000 | ep 4] train_mse=1.4574e-02  val_mse=1.9924e-02  val_L0=64.0  dead=0.000  n_dead=0  aux=0.000e+00
  -> saved training curves to checkpoints_topk_aux_K64/training_curves.png
  -> saved best checkpoint (val_mse=1.9924e-02)
[step 2220000 | ep 4] train_mse=1.4684e-02  val_mse=1.9934e-02  val_L0=64.0  dead=0.000  n_dead=0  aux=0.000e+00
  -> saved training curves to checkpoints_topk_aux_K64/training_curves.png
  -> no improvement (1/8)
[step 2230000 | ep 4] train_mse=1.4824e-02  val_mse=1.9921e-02  val_L0=64.0  dead=0.000  n_dead=0  aux=0.000e+00
  -> saved training curves to checkpoints_topk_aux_K64/training_curves.png
  -> saved best checkpoint (val_mse=1.9921e-02)
[step 2240000 | ep 4] train_mse=1.4635e-02  val_mse=1.9914e-02  val_L0=64.0  dead=0.000  n_dead=0  aux=0.000e+00
  -> saved training curves to checkpoints_topk_aux_K64/training_curves.png
  -> saved best checkpoint (val_mse=1.9914e-02)
[step 2250000 | ep 4] train_mse=1.4708e-02  val_mse=1.9920e-02  val_L0=64.0  dead=0.000  n_dead=0  aux=0.000e+00
  -> saved training curves to checkpoints_topk_aux_K64/training_curves.png
  -> no improvement (1/8)
[step 2260000 | ep 4] train_mse=1.4593e-02  val_mse=1.9912e-02  val_L0=64.0  dead=0.000  n_dead=0  aux=0.000e+00
  -> saved training curves to checkpoints_topk_aux_K64/training_curves.png
  -> saved best checkpoint (val_mse=1.9912e-02)
[step 2270000 | ep 4] train_mse=1.4626e-02  val_mse=1.9892e-02  val_L0=64.0  dead=0.000  n_dead=0  aux=0.000e+00
  -> saved training curves to checkpoints_topk_aux_K64/training_curves.png
  -> saved best checkpoint (val_mse=1.9892e-02)
[step 2280000 | ep 4] train_mse=1.4594e-02  val_mse=1.9894e-02  val_L0=64.0  dead=0.000  n_dead=0  aux=0.000e+00
  -> saved training curves to checkpoints_topk_aux_K64/training_curves.png
  -> no improvement (1/8)
[step 2290000 | ep 4] train_mse=1.4571e-02  val_mse=1.9873e-02  val_L0=64.0  dead=0.000  n_dead=0  aux=0.000e+00
  -> saved training curves to checkpoints_topk_aux_K64/training_curves.png
  -> saved best checkpoint (val_mse=1.9873e-02)
[step 2300000 | ep 4] train_mse=1.4788e-02  val_mse=1.9896e-02  val_L0=64.0  dead=0.000  n_dead=0  aux=0.000e+00
  -> saved training curves to checkpoints_topk_aux_K64/training_curves.png
  -> no improvement (1/8)
[step 2310000 | ep 4] train_mse=1.4584e-02  val_mse=1.9894e-02  val_L0=64.0  dead=0.000  n_dead=0  aux=0.000e+00
  -> saved training curves to checkpoints_topk_aux_K64/training_curves.png
  -> no improvement (2/8)
[step 2320000 | ep 4] train_mse=1.4585e-02  val_mse=1.9870e-02  val_L0=64.0  dead=0.000  n_dead=0  aux=0.000e+00
  -> saved training curves to checkpoints_topk_aux_K64/training_curves.png
  -> saved best checkpoint (val_mse=1.9870e-02)
[step 2330000 | ep 4] train_mse=1.4905e-02  val_mse=1.9869e-02  val_L0=64.0  dead=0.000  n_dead=0  aux=0.000e+00
  -> saved training curves to checkpoints_topk_aux_K64/training_curves.png
  -> saved best checkpoint (val_mse=1.9869e-02)
[step 2340000 | ep 4] train_mse=1.4762e-02  val_mse=1.9855e-02  val_L0=64.0  dead=0.000  n_dead=0  aux=0.000e+00
  -> saved training curves to checkpoints_topk_aux_K64/training_curves.png
  -> saved best checkpoint (val_mse=1.9855e-02)
[step 2350000 | ep 4] train_mse=1.4424e-02  val_mse=1.9836e-02  val_L0=64.0  dead=0.000  n_dead=0  aux=0.000e+00
  -> saved training curves to checkpoints_topk_aux_K64/training_curves.png
  -> saved best checkpoint (val_mse=1.9836e-02)
[step 2360000 | ep 4] train_mse=1.4357e-02  val_mse=1.9846e-02  val_L0=64.0  dead=0.000  n_dead=0  aux=0.000e+00
  -> saved training curves to checkpoints_topk_aux_K64/training_curves.png
  -> no improvement (1/8)
[step 2370000 | ep 4] train_mse=1.4833e-02  val_mse=1.9832e-02  val_L0=64.0  dead=0.000  n_dead=0  aux=0.000e+00
  -> saved training curves to checkpoints_topk_aux_K64/training_curves.png
  -> saved best checkpoint (val_mse=1.9832e-02)
[step 2380000 | ep 4] train_mse=1.4772e-02  val_mse=1.9836e-02  val_L0=64.0  dead=0.000  n_dead=0  aux=0.000e+00
  -> saved training curves to checkpoints_topk_aux_K64/training_curves.png
  -> no improvement (1/8)
[step 2390000 | ep 4] train_mse=1.4599e-02  val_mse=1.9851e-02  val_L0=64.0  dead=0.000  n_dead=0  aux=0.000e+00
  -> saved training curves to checkpoints_topk_aux_K64/training_curves.png
  -> no improvement (2/8)
[step 2400000 | ep 4] train_mse=1.4909e-02  val_mse=1.9817e-02  val_L0=64.0  dead=0.000  n_dead=0  aux=0.000e+00
  -> saved training curves to checkpoints_topk_aux_K64/training_curves.png
  -> saved best checkpoint (val_mse=1.9817e-02)
[step 2410000 | ep 4] train_mse=1.4734e-02  val_mse=1.9833e-02  val_L0=64.0  dead=0.000  n_dead=0  aux=0.000e+00
  -> saved training curves to checkpoints_topk_aux_K64/training_curves.png
  -> no improvement (1/8)
[step 2420000 | ep 4] train_mse=1.4770e-02  val_mse=1.9811e-02  val_L0=64.0  dead=0.000  n_dead=0  aux=0.000e+00
  -> saved training curves to checkpoints_topk_aux_K64/training_curves.png
  -> saved best checkpoint (val_mse=1.9811e-02)
[step 2430000 | ep 4] train_mse=1.4733e-02  val_mse=1.9797e-02  val_L0=64.0  dead=0.000  n_dead=0  aux=0.000e+00
  -> saved training curves to checkpoints_topk_aux_K64/training_curves.png
  -> saved best checkpoint (val_mse=1.9797e-02)
[step 2440000 | ep 4] train_mse=1.4604e-02  val_mse=1.9798e-02  val_L0=64.0  dead=0.000  n_dead=0  aux=0.000e+00
  -> saved training curves to checkpoints_topk_aux_K64/training_curves.png
  -> no improvement (1/8)
[step 2450000 | ep 4] train_mse=1.4790e-02  val_mse=1.9796e-02  val_L0=64.0  dead=0.000  n_dead=0  aux=0.000e+00
  -> saved training curves to checkpoints_topk_aux_K64/training_curves.png
  -> saved best checkpoint (val_mse=1.9796e-02)
[step 2460000 | ep 4] train_mse=1.4658e-02  val_mse=1.9781e-02  val_L0=64.0  dead=0.000  n_dead=0  aux=0.000e+00
  -> saved training curves to checkpoints_topk_aux_K64/training_curves.png
  -> saved best checkpoint (val_mse=1.9781e-02)
[step 2470000 | ep 4] train_mse=1.4582e-02  val_mse=1.9797e-02  val_L0=64.0  dead=0.000  n_dead=0  aux=0.000e+00
  -> saved training curves to checkpoints_topk_aux_K64/training_curves.png
  -> no improvement (1/8)
[step 2480000 | ep 4] train_mse=1.4409e-02  val_mse=1.9776e-02  val_L0=64.0  dead=0.000  n_dead=0  aux=0.000e+00
  -> saved training curves to checkpoints_topk_aux_K64/training_curves.png
  -> saved best checkpoint (val_mse=1.9776e-02)
[step 2490000 | ep 4] train_mse=1.4623e-02  val_mse=1.9768e-02  val_L0=64.0  dead=0.000  n_dead=0  aux=0.000e+00
  -> saved training curves to checkpoints_topk_aux_K64/training_curves.png
  -> saved best checkpoint (val_mse=1.9768e-02)
[step 2500000 | ep 4] train_mse=1.4614e-02  val_mse=1.9780e-02  val_L0=64.0  dead=0.000  n_dead=0  aux=0.000e+00
  -> saved training curves to checkpoints_topk_aux_K64/training_curves.png
  -> no improvement (1/8)
[step 2510000 | ep 4] train_mse=1.4481e-02  val_mse=1.9747e-02  val_L0=64.0  dead=0.000  n_dead=0  aux=0.000e+00
  -> saved training curves to checkpoints_topk_aux_K64/training_curves.png
  -> saved best checkpoint (val_mse=1.9747e-02)
[step 2520000 | ep 4] train_mse=1.4373e-02  val_mse=1.9731e-02  val_L0=64.0  dead=0.000  n_dead=0  aux=0.000e+00
  -> saved training curves to checkpoints_topk_aux_K64/training_curves.png
  -> saved best checkpoint (val_mse=1.9731e-02)
[step 2530000 | ep 4] train_mse=1.4659e-02  val_mse=1.9719e-02  val_L0=64.0  dead=0.000  n_dead=0  aux=0.000e+00
  -> saved training curves to checkpoints_topk_aux_K64/training_curves.png
  -> saved best checkpoint (val_mse=1.9719e-02)
[step 2540000 | ep 4] train_mse=1.4580e-02  val_mse=1.9751e-02  val_L0=64.0  dead=0.000  n_dead=0  aux=0.000e+00
  -> saved training curves to checkpoints_topk_aux_K64/training_curves.png
  -> no improvement (1/8)
[step 2550000 | ep 4] train_mse=1.4850e-02  val_mse=1.9718e-02  val_L0=64.0  dead=0.000  n_dead=0  aux=0.000e+00
  -> saved training curves to checkpoints_topk_aux_K64/training_curves.png
  -> saved best checkpoint (val_mse=1.9718e-02)
[step 2560000 | ep 4] train_mse=1.4628e-02  val_mse=1.9715e-02  val_L0=64.0  dead=0.000  n_dead=0  aux=0.000e+00
  -> saved training curves to checkpoints_topk_aux_K64/training_curves.png
  -> saved best checkpoint (val_mse=1.9715e-02)
[step 2570000 | ep 4] train_mse=1.4444e-02  val_mse=1.9691e-02  val_L0=64.0  dead=0.000  n_dead=0  aux=0.000e+00
  -> saved training curves to checkpoints_topk_aux_K64/training_curves.png
  -> saved best checkpoint (val_mse=1.9691e-02)
[step 2580000 | ep 4] train_mse=1.4693e-02  val_mse=1.9709e-02  val_L0=64.0  dead=0.000  n_dead=0  aux=0.000e+00
  -> saved training curves to checkpoints_topk_aux_K64/training_curves.png
  -> no improvement (1/8)
[step 2590000 | ep 4] train_mse=1.4277e-02  val_mse=1.9674e-02  val_L0=64.0  dead=0.000  n_dead=0  aux=0.000e+00
  -> saved training curves to checkpoints_topk_aux_K64/training_curves.png
  -> saved best checkpoint (val_mse=1.9674e-02)
[step 2600000 | ep 4] train_mse=1.4494e-02  val_mse=1.9680e-02  val_L0=64.0  dead=0.000  n_dead=0  aux=0.000e+00
  -> saved training curves to checkpoints_topk_aux_K64/training_curves.png
  -> no improvement (1/8)
[step 2610000 | ep 4] train_mse=1.4605e-02  val_mse=1.9666e-02  val_L0=64.0  dead=0.000  n_dead=0  aux=0.000e+00
  -> saved training curves to checkpoints_topk_aux_K64/training_curves.png
  -> saved best checkpoint (val_mse=1.9666e-02)
[step 2620000 | ep 4] train_mse=1.4386e-02  val_mse=1.9674e-02  val_L0=64.0  dead=0.000  n_dead=0  aux=0.000e+00
  -> saved training curves to checkpoints_topk_aux_K64/training_curves.png
  -> no improvement (1/8)
[step 2630000 | ep 4] train_mse=1.4801e-02  val_mse=1.9658e-02  val_L0=64.0  dead=0.000  n_dead=0  aux=0.000e+00
  -> saved training curves to checkpoints_topk_aux_K64/training_curves.png
  -> saved best checkpoint (val_mse=1.9658e-02)
[step 2640000 | ep 4] train_mse=1.4500e-02  val_mse=1.9659e-02  val_L0=64.0  dead=0.000  n_dead=0  aux=0.000e+00
  -> saved training curves to checkpoints_topk_aux_K64/training_curves.png
  -> no improvement (1/8)
[step 2650000 | ep 4] train_mse=1.4437e-02  val_mse=1.9666e-02  val_L0=64.0  dead=0.000  n_dead=0  aux=0.000e+00
  -> saved training curves to checkpoints_topk_aux_K64/training_curves.png
  -> no improvement (2/8)
[step 2660000 | ep 4] train_mse=1.4281e-02  val_mse=1.9667e-02  val_L0=64.0  dead=0.000  n_dead=0  aux=0.000e+00
  -> saved training curves to checkpoints_topk_aux_K64/training_curves.png
  -> no improvement (3/8)
[step 2670000 | ep 4] train_mse=1.4513e-02  val_mse=1.9632e-02  val_L0=64.0  dead=0.000  n_dead=0  aux=0.000e+00
  -> saved training curves to checkpoints_topk_aux_K64/training_curves.png
  -> saved best checkpoint (val_mse=1.9632e-02)
[step 2680000 | ep 4] train_mse=1.4443e-02  val_mse=1.9651e-02  val_L0=64.0  dead=0.000  n_dead=0  aux=0.000e+00
  -> saved training curves to checkpoints_topk_aux_K64/training_curves.png
  -> no improvement (1/8)
[step 2690000 | ep 4] train_mse=1.4296e-02  val_mse=1.9647e-02  val_L0=64.0  dead=0.000  n_dead=0  aux=0.000e+00
  -> saved training curves to checkpoints_topk_aux_K64/training_curves.png
  -> no improvement (2/8)
[step 2700000 | ep 4] train_mse=1.4561e-02  val_mse=1.9643e-02  val_L0=64.0  dead=0.000  n_dead=0  aux=0.000e+00
  -> saved training curves to checkpoints_topk_aux_K64/training_curves.png
  -> no improvement (3/8)
[step 2710000 | ep 4] train_mse=1.4679e-02  val_mse=1.9664e-02  val_L0=64.0  dead=0.000  n_dead=0  aux=0.000e+00
  -> saved training curves to checkpoints_topk_aux_K64/training_curves.png
  -> no improvement (4/8)
[step 2720000 | ep 4] train_mse=1.4448e-02  val_mse=1.9643e-02  val_L0=64.0  dead=0.000  n_dead=0  aux=0.000e+00
  -> saved training curves to checkpoints_topk_aux_K64/training_curves.png
  -> no improvement (5/8)
[step 2730000 | ep 4] train_mse=1.4511e-02  val_mse=1.9597e-02  val_L0=64.0  dead=0.000  n_dead=0  aux=0.000e+00
  -> saved training curves to checkpoints_topk_aux_K64/training_curves.png
  -> saved best checkpoint (val_mse=1.9597e-02)
[step 2740000 | ep 4] train_mse=1.4703e-02  val_mse=1.9604e-02  val_L0=64.0  dead=0.000  n_dead=0  aux=0.000e+00
  -> saved training curves to checkpoints_topk_aux_K64/training_curves.png
  -> no improvement (1/8)
[step 2750000 | ep 4] train_mse=1.4473e-02  val_mse=1.9616e-02  val_L0=64.0  dead=0.000  n_dead=0  aux=0.000e+00
  -> saved training curves to checkpoints_topk_aux_K64/training_curves.png
  -> no improvement (2/8)
[step 2760000 | ep 4] train_mse=1.4571e-02  val_mse=1.9604e-02  val_L0=64.0  dead=0.000  n_dead=0  aux=0.000e+00
  -> saved training curves to checkpoints_topk_aux_K64/training_curves.png
  -> no improvement (3/8)
[step 2770000 | ep 4] train_mse=1.4585e-02  val_mse=1.9603e-02  val_L0=64.0  dead=0.000  n_dead=0  aux=0.000e+00
  -> saved training curves to checkpoints_topk_aux_K64/training_curves.png
  -> no improvement (4/8)
[step 2780000 | ep 4] train_mse=1.4542e-02  val_mse=1.9607e-02  val_L0=64.0  dead=0.000  n_dead=0  aux=0.000e+00
  -> saved training curves to checkpoints_topk_aux_K64/training_curves.png
  -> no improvement (5/8)
[step 2790000 | ep 4] train_mse=1.4485e-02  val_mse=1.9588e-02  val_L0=64.0  dead=0.000  n_dead=0  aux=0.000e+00
  -> saved training curves to checkpoints_topk_aux_K64/training_curves.png
  -> saved best checkpoint (val_mse=1.9588e-02)
[step 2800000 | ep 4] train_mse=1.4615e-02  val_mse=1.9605e-02  val_L0=64.0  dead=0.000  n_dead=0  aux=0.000e+00
  -> saved training curves to checkpoints_topk_aux_K64/training_curves.png
  -> no improvement (1/8)
[step 2810000 | ep 4] train_mse=1.4451e-02  val_mse=1.9604e-02  val_L0=64.0  dead=0.000  n_dead=0  aux=0.000e+00
  -> saved training curves to checkpoints_topk_aux_K64/training_curves.png
  -> no improvement (2/8)
Epoch 4 done  (step=2813316)
[step 2820000 | ep 5] train_mse=1.4383e-02  val_mse=1.9573e-02  val_L0=64.0  dead=0.000  n_dead=0  aux=0.000e+00
  -> saved training curves to checkpoints_topk_aux_K64/training_curves.png
  -> saved best checkpoint (val_mse=1.9573e-02)
[step 2830000 | ep 5] train_mse=1.4642e-02  val_mse=1.9587e-02  val_L0=64.0  dead=0.000  n_dead=0  aux=0.000e+00
  -> saved training curves to checkpoints_topk_aux_K64/training_curves.png
  -> no improvement (1/8)
[step 2840000 | ep 5] train_mse=1.4494e-02  val_mse=1.9570e-02  val_L0=64.0  dead=0.000  n_dead=0  aux=0.000e+00
  -> saved training curves to checkpoints_topk_aux_K64/training_curves.png
  -> saved best checkpoint (val_mse=1.9570e-02)
[step 2850000 | ep 5] train_mse=1.4041e-02  val_mse=1.9566e-02  val_L0=64.0  dead=0.000  n_dead=0  aux=0.000e+00
  -> saved training curves to checkpoints_topk_aux_K64/training_curves.png
  -> saved best checkpoint (val_mse=1.9566e-02)
[step 2860000 | ep 5] train_mse=1.4347e-02  val_mse=1.9553e-02  val_L0=64.0  dead=0.000  n_dead=0  aux=0.000e+00
  -> saved training curves to checkpoints_topk_aux_K64/training_curves.png
  -> saved best checkpoint (val_mse=1.9553e-02)
[step 2870000 | ep 5] train_mse=1.4476e-02  val_mse=1.9579e-02  val_L0=64.0  dead=0.000  n_dead=0  aux=0.000e+00
  -> saved training curves to checkpoints_topk_aux_K64/training_curves.png
  -> no improvement (1/8)
[step 2880000 | ep 5] train_mse=1.4366e-02  val_mse=1.9553e-02  val_L0=64.0  dead=0.000  n_dead=0  aux=0.000e+00
  -> saved training curves to checkpoints_topk_aux_K64/training_curves.png
  -> no improvement (2/8)
[step 2890000 | ep 5] train_mse=1.4361e-02  val_mse=1.9564e-02  val_L0=64.0  dead=0.000  n_dead=0  aux=0.000e+00
  -> saved training curves to checkpoints_topk_aux_K64/training_curves.png
  -> no improvement (3/8)
[step 2900000 | ep 5] train_mse=1.4461e-02  val_mse=1.9559e-02  val_L0=64.0  dead=0.000  n_dead=0  aux=0.000e+00
  -> saved training curves to checkpoints_topk_aux_K64/training_curves.png
  -> no improvement (4/8)
[step 2910000 | ep 5] train_mse=1.4446e-02  val_mse=1.9544e-02  val_L0=64.0  dead=0.000  n_dead=0  aux=0.000e+00
  -> saved training curves to checkpoints_topk_aux_K64/training_curves.png
  -> saved best checkpoint (val_mse=1.9544e-02)
[step 2920000 | ep 5] train_mse=1.4527e-02  val_mse=1.9542e-02  val_L0=64.0  dead=0.000  n_dead=0  aux=0.000e+00
  -> saved training curves to checkpoints_topk_aux_K64/training_curves.png
  -> saved best checkpoint (val_mse=1.9542e-02)
[step 2930000 | ep 5] train_mse=1.4528e-02  val_mse=1.9530e-02  val_L0=64.0  dead=0.000  n_dead=0  aux=0.000e+00
  -> saved training curves to checkpoints_topk_aux_K64/training_curves.png
  -> saved best checkpoint (val_mse=1.9530e-02)
[step 2940000 | ep 5] train_mse=1.4244e-02  val_mse=1.9514e-02  val_L0=64.0  dead=0.000  n_dead=0  aux=0.000e+00
  -> saved training curves to checkpoints_topk_aux_K64/training_curves.png
  -> saved best checkpoint (val_mse=1.9514e-02)
[step 2950000 | ep 5] train_mse=1.4340e-02  val_mse=1.9539e-02  val_L0=64.0  dead=0.000  n_dead=0  aux=0.000e+00
  -> saved training curves to checkpoints_topk_aux_K64/training_curves.png
  -> no improvement (1/8)
[step 2960000 | ep 5] train_mse=1.4480e-02  val_mse=1.9511e-02  val_L0=64.0  dead=0.000  n_dead=0  aux=0.000e+00
  -> saved training curves to checkpoints_topk_aux_K64/training_curves.png
  -> saved best checkpoint (val_mse=1.9511e-02)
[step 2970000 | ep 5] train_mse=1.4527e-02  val_mse=1.9516e-02  val_L0=64.0  dead=0.000  n_dead=0  aux=0.000e+00
  -> saved training curves to checkpoints_topk_aux_K64/training_curves.png
  -> no improvement (1/8)
[step 2980000 | ep 5] train_mse=1.4391e-02  val_mse=1.9517e-02  val_L0=64.0  dead=0.000  n_dead=0  aux=0.000e+00
  -> saved training curves to checkpoints_topk_aux_K64/training_curves.png
  -> no improvement (2/8)
[step 2990000 | ep 5] train_mse=1.4401e-02  val_mse=1.9490e-02  val_L0=64.0  dead=0.000  n_dead=0  aux=0.000e+00
  -> saved training curves to checkpoints_topk_aux_K64/training_curves.png
  -> saved best checkpoint (val_mse=1.9490e-02)
[step 3000000 | ep 5] train_mse=1.4426e-02  val_mse=1.9482e-02  val_L0=64.0  dead=0.000  n_dead=0  aux=0.000e+00
  -> saved training curves to checkpoints_topk_aux_K64/training_curves.png
  -> saved best checkpoint (val_mse=1.9482e-02)
[step 3010000 | ep 5] train_mse=1.4458e-02  val_mse=1.9493e-02  val_L0=64.0  dead=0.000  n_dead=0  aux=0.000e+00
  -> saved training curves to checkpoints_topk_aux_K64/training_curves.png
  -> no improvement (1/8)
[step 3020000 | ep 5] train_mse=1.4511e-02  val_mse=1.9487e-02  val_L0=64.0  dead=0.000  n_dead=0  aux=0.000e+00
  -> saved training curves to checkpoints_topk_aux_K64/training_curves.png
  -> no improvement (2/8)
[step 3030000 | ep 5] train_mse=1.4319e-02  val_mse=1.9499e-02  val_L0=64.0  dead=0.000  n_dead=0  aux=0.000e+00
  -> saved training curves to checkpoints_topk_aux_K64/training_curves.png
  -> no improvement (3/8)
[step 3040000 | ep 5] train_mse=1.4480e-02  val_mse=1.9481e-02  val_L0=64.0  dead=0.000  n_dead=0  aux=0.000e+00
  -> saved training curves to checkpoints_topk_aux_K64/training_curves.png
  -> saved best checkpoint (val_mse=1.9481e-02)
[step 3050000 | ep 5] train_mse=1.4471e-02  val_mse=1.9481e-02  val_L0=64.0  dead=0.000  n_dead=0  aux=0.000e+00
  -> saved training curves to checkpoints_topk_aux_K64/training_curves.png
  -> no improvement (1/8)
[step 3060000 | ep 5] train_mse=1.4383e-02  val_mse=1.9470e-02  val_L0=64.0  dead=0.000  n_dead=0  aux=0.000e+00
  -> saved training curves to checkpoints_topk_aux_K64/training_curves.png
  -> saved best checkpoint (val_mse=1.9470e-02)
[step 3070000 | ep 5] train_mse=1.4458e-02  val_mse=1.9473e-02  val_L0=64.0  dead=0.000  n_dead=0  aux=0.000e+00
  -> saved training curves to checkpoints_topk_aux_K64/training_curves.png
  -> no improvement (1/8)
[step 3080000 | ep 5] train_mse=1.4370e-02  val_mse=1.9456e-02  val_L0=64.0  dead=0.000  n_dead=0  aux=0.000e+00
  -> saved training curves to checkpoints_topk_aux_K64/training_curves.png
  -> saved best checkpoint (val_mse=1.9456e-02)
[step 3090000 | ep 5] train_mse=1.4461e-02  val_mse=1.9460e-02  val_L0=64.0  dead=0.000  n_dead=0  aux=0.000e+00
  -> saved training curves to checkpoints_topk_aux_K64/training_curves.png
  -> no improvement (1/8)
[step 3100000 | ep 5] train_mse=1.4508e-02  val_mse=1.9456e-02  val_L0=64.0  dead=0.000  n_dead=0  aux=0.000e+00
  -> saved training curves to checkpoints_topk_aux_K64/training_curves.png
  -> saved best checkpoint (val_mse=1.9456e-02)
[step 3110000 | ep 5] train_mse=1.4273e-02  val_mse=1.9447e-02  val_L0=64.0  dead=0.000  n_dead=0  aux=0.000e+00
  -> saved training curves to checkpoints_topk_aux_K64/training_curves.png
  -> saved best checkpoint (val_mse=1.9447e-02)
[step 3120000 | ep 5] train_mse=1.4126e-02  val_mse=1.9442e-02  val_L0=64.0  dead=0.000  n_dead=0  aux=0.000e+00
  -> saved training curves to checkpoints_topk_aux_K64/training_curves.png
  -> saved best checkpoint (val_mse=1.9442e-02)
[step 3130000 | ep 5] train_mse=1.4349e-02  val_mse=1.9450e-02  val_L0=64.0  dead=0.000  n_dead=0  aux=0.000e+00
  -> saved training curves to checkpoints_topk_aux_K64/training_curves.png
  -> no improvement (1/8)
[step 3140000 | ep 5] train_mse=1.4220e-02  val_mse=1.9405e-02  val_L0=64.0  dead=0.000  n_dead=0  aux=0.000e+00
  -> saved training curves to checkpoints_topk_aux_K64/training_curves.png
  -> saved best checkpoint (val_mse=1.9405e-02)
[step 3150000 | ep 5] train_mse=1.4247e-02  val_mse=1.9449e-02  val_L0=64.0  dead=0.000  n_dead=0  aux=0.000e+00
  -> saved training curves to checkpoints_topk_aux_K64/training_curves.png
  -> no improvement (1/8)
[step 3160000 | ep 5] train_mse=1.4486e-02  val_mse=1.9425e-02  val_L0=64.0  dead=0.000  n_dead=0  aux=0.000e+00
  -> saved training curves to checkpoints_topk_aux_K64/training_curves.png
  -> no improvement (2/8)
[step 3170000 | ep 5] train_mse=1.4295e-02  val_mse=1.9421e-02  val_L0=64.0  dead=0.000  n_dead=0  aux=0.000e+00
  -> saved training curves to checkpoints_topk_aux_K64/training_curves.png
  -> no improvement (3/8)
[step 3180000 | ep 5] train_mse=1.4324e-02  val_mse=1.9401e-02  val_L0=64.0  dead=0.000  n_dead=0  aux=0.000e+00
  -> saved training curves to checkpoints_topk_aux_K64/training_curves.png
  -> saved best checkpoint (val_mse=1.9401e-02)
[step 3190000 | ep 5] train_mse=1.4291e-02  val_mse=1.9394e-02  val_L0=64.0  dead=0.000  n_dead=0  aux=0.000e+00
  -> saved training curves to checkpoints_topk_aux_K64/training_curves.png
  -> saved best checkpoint (val_mse=1.9394e-02)
[step 3200000 | ep 5] train_mse=1.4436e-02  val_mse=1.9418e-02  val_L0=64.0  dead=0.000  n_dead=0  aux=0.000e+00
  -> saved training curves to checkpoints_topk_aux_K64/training_curves.png
  -> no improvement (1/8)
[step 3210000 | ep 5] train_mse=1.4631e-02  val_mse=1.9386e-02  val_L0=64.0  dead=0.000  n_dead=0  aux=0.000e+00
  -> saved training curves to checkpoints_topk_aux_K64/training_curves.png
  -> saved best checkpoint (val_mse=1.9386e-02)
[step 3220000 | ep 5] train_mse=1.4308e-02  val_mse=1.9425e-02  val_L0=64.0  dead=0.000  n_dead=0  aux=0.000e+00
  -> saved training curves to checkpoints_topk_aux_K64/training_curves.png
  -> no improvement (1/8)
[step 3230000 | ep 5] train_mse=1.4316e-02  val_mse=1.9394e-02  val_L0=64.0  dead=0.000  n_dead=0  aux=0.000e+00
  -> saved training curves to checkpoints_topk_aux_K64/training_curves.png
  -> no improvement (2/8)
[step 3240000 | ep 5] train_mse=1.4059e-02  val_mse=1.9399e-02  val_L0=64.0  dead=0.000  n_dead=0  aux=0.000e+00
  -> saved training curves to checkpoints_topk_aux_K64/training_curves.png
  -> no improvement (3/8)
[step 3250000 | ep 5] train_mse=1.3984e-02  val_mse=1.9380e-02  val_L0=64.0  dead=0.000  n_dead=0  aux=0.000e+00
  -> saved training curves to checkpoints_topk_aux_K64/training_curves.png
  -> saved best checkpoint (val_mse=1.9380e-02)
[step 3260000 | ep 5] train_mse=1.4087e-02  val_mse=1.9402e-02  val_L0=64.0  dead=0.000  n_dead=0  aux=0.000e+00
  -> saved training curves to checkpoints_topk_aux_K64/training_curves.png
  -> no improvement (1/8)
[step 3270000 | ep 5] train_mse=1.4369e-02  val_mse=1.9388e-02  val_L0=64.0  dead=0.000  n_dead=0  aux=0.000e+00
  -> saved training curves to checkpoints_topk_aux_K64/training_curves.png
  -> no improvement (2/8)
[step 3280000 | ep 5] train_mse=1.4179e-02  val_mse=1.9391e-02  val_L0=64.0  dead=0.000  n_dead=0  aux=0.000e+00
  -> saved training curves to checkpoints_topk_aux_K64/training_curves.png
  -> no improvement (3/8)
[step 3290000 | ep 5] train_mse=1.4368e-02  val_mse=1.9384e-02  val_L0=64.0  dead=0.000  n_dead=0  aux=0.000e+00
  -> saved training curves to checkpoints_topk_aux_K64/training_curves.png
  -> no improvement (4/8)
[step 3300000 | ep 5] train_mse=1.4372e-02  val_mse=1.9382e-02  val_L0=64.0  dead=0.000  n_dead=0  aux=0.000e+00
  -> saved training curves to checkpoints_topk_aux_K64/training_curves.png
  -> no improvement (5/8)
[step 3310000 | ep 5] train_mse=1.4482e-02  val_mse=1.9365e-02  val_L0=64.0  dead=0.000  n_dead=0  aux=0.000e+00
  -> saved training curves to checkpoints_topk_aux_K64/training_curves.png
  -> saved best checkpoint (val_mse=1.9365e-02)
[step 3320000 | ep 5] train_mse=1.4346e-02  val_mse=1.9371e-02  val_L0=64.0  dead=0.000  n_dead=0  aux=0.000e+00
  -> saved training curves to checkpoints_topk_aux_K64/training_curves.png
  -> no improvement (1/8)
[step 3330000 | ep 5] train_mse=1.4188e-02  val_mse=1.9363e-02  val_L0=64.0  dead=0.000  n_dead=0  aux=0.000e+00
  -> saved training curves to checkpoints_topk_aux_K64/training_curves.png
  -> saved best checkpoint (val_mse=1.9363e-02)
[step 3340000 | ep 5] train_mse=1.4160e-02  val_mse=1.9353e-02  val_L0=64.0  dead=0.000  n_dead=0  aux=0.000e+00
  -> saved training curves to checkpoints_topk_aux_K64/training_curves.png
  -> saved best checkpoint (val_mse=1.9353e-02)
[step 3350000 | ep 5] train_mse=1.4423e-02  val_mse=1.9384e-02  val_L0=64.0  dead=0.000  n_dead=0  aux=0.000e+00
  -> saved training curves to checkpoints_topk_aux_K64/training_curves.png
  -> no improvement (1/8)
[step 3360000 | ep 5] train_mse=1.4108e-02  val_mse=1.9366e-02  val_L0=64.0  dead=0.000  n_dead=0  aux=0.000e+00
  -> saved training curves to checkpoints_topk_aux_K64/training_curves.png
  -> no improvement (2/8)
[step 3370000 | ep 5] train_mse=1.4295e-02  val_mse=1.9360e-02  val_L0=64.0  dead=0.000  n_dead=0  aux=0.000e+00
  -> saved training curves to checkpoints_topk_aux_K64/training_curves.png
  -> no improvement (3/8)
[step 3380000 | ep 5] train_mse=1.4440e-02  val_mse=1.9361e-02  val_L0=64.0  dead=0.000  n_dead=0  aux=0.000e+00
  -> saved training curves to checkpoints_topk_aux_K64/training_curves.png
  -> no improvement (4/8)
[step 3390000 | ep 5] train_mse=1.4170e-02  val_mse=1.9345e-02  val_L0=64.0  dead=0.000  n_dead=0  aux=0.000e+00
  -> saved training curves to checkpoints_topk_aux_K64/training_curves.png
  -> saved best checkpoint (val_mse=1.9345e-02)
[step 3400000 | ep 5] train_mse=1.4510e-02  val_mse=1.9355e-02  val_L0=64.0  dead=0.000  n_dead=0  aux=0.000e+00
  -> saved training curves to checkpoints_topk_aux_K64/training_curves.png
  -> no improvement (1/8)
[step 3410000 | ep 5] train_mse=1.4355e-02  val_mse=1.9345e-02  val_L0=64.0  dead=0.000  n_dead=0  aux=0.000e+00
  -> saved training curves to checkpoints_topk_aux_K64/training_curves.png
  -> no improvement (2/8)
[step 3420000 | ep 5] train_mse=1.4082e-02  val_mse=1.9352e-02  val_L0=64.0  dead=0.000  n_dead=0  aux=0.000e+00
  -> saved training curves to checkpoints_topk_aux_K64/training_curves.png
  -> no improvement (3/8)
[step 3430000 | ep 5] train_mse=1.4136e-02  val_mse=1.9330e-02  val_L0=64.0  dead=0.000  n_dead=0  aux=0.000e+00
  -> saved training curves to checkpoints_topk_aux_K64/training_curves.png
  -> saved best checkpoint (val_mse=1.9330e-02)
[step 3440000 | ep 5] train_mse=1.4277e-02  val_mse=1.9316e-02  val_L0=64.0  dead=0.000  n_dead=0  aux=0.000e+00
  -> saved training curves to checkpoints_topk_aux_K64/training_curves.png
  -> saved best checkpoint (val_mse=1.9316e-02)
[step 3450000 | ep 5] train_mse=1.4382e-02  val_mse=1.9322e-02  val_L0=64.0  dead=0.000  n_dead=0  aux=0.000e+00
  -> saved training curves to checkpoints_topk_aux_K64/training_curves.png
  -> no improvement (1/8)
[step 3460000 | ep 5] train_mse=1.4173e-02  val_mse=1.9322e-02  val_L0=64.0  dead=0.000  n_dead=0  aux=0.000e+00
  -> saved training curves to checkpoints_topk_aux_K64/training_curves.png
  -> no improvement (2/8)
[step 3470000 | ep 5] train_mse=1.4380e-02  val_mse=1.9316e-02  val_L0=64.0  dead=0.000  n_dead=0  aux=0.000e+00
  -> saved training curves to checkpoints_topk_aux_K64/training_curves.png
  -> saved best checkpoint (val_mse=1.9316e-02)
[step 3480000 | ep 5] train_mse=1.4239e-02  val_mse=1.9302e-02  val_L0=64.0  dead=0.000  n_dead=0  aux=0.000e+00
  -> saved training curves to checkpoints_topk_aux_K64/training_curves.png
  -> saved best checkpoint (val_mse=1.9302e-02)
[step 3490000 | ep 5] train_mse=1.4314e-02  val_mse=1.9324e-02  val_L0=64.0  dead=0.000  n_dead=0  aux=0.000e+00
  -> saved training curves to checkpoints_topk_aux_K64/training_curves.png
  -> no improvement (1/8)
[step 3500000 | ep 5] train_mse=1.4384e-02  val_mse=1.9322e-02  val_L0=64.0  dead=0.000  n_dead=0  aux=0.000e+00
  -> saved training curves to checkpoints_topk_aux_K64/training_curves.png
  -> no improvement (2/8)
[step 3510000 | ep 5] train_mse=1.4098e-02  val_mse=1.9305e-02  val_L0=64.0  dead=0.000  n_dead=0  aux=0.000e+00
  -> saved training curves to checkpoints_topk_aux_K64/training_curves.png
  -> no improvement (3/8)
Epoch 5 done  (step=3516645)
[step 3520000 | ep 6] train_mse=1.4011e-02  val_mse=1.9293e-02  val_L0=64.0  dead=0.000  n_dead=0  aux=0.000e+00
  -> saved training curves to checkpoints_topk_aux_K64/training_curves.png
  -> saved best checkpoint (val_mse=1.9293e-02)
[step 3530000 | ep 6] train_mse=1.4428e-02  val_mse=1.9304e-02  val_L0=64.0  dead=0.000  n_dead=0  aux=0.000e+00
  -> saved training curves to checkpoints_topk_aux_K64/training_curves.png
  -> no improvement (1/8)
[step 3540000 | ep 6] train_mse=1.4218e-02  val_mse=1.9299e-02  val_L0=64.0  dead=0.000  n_dead=0  aux=0.000e+00
  -> saved training curves to checkpoints_topk_aux_K64/training_curves.png
  -> no improvement (2/8)
[step 3550000 | ep 6] train_mse=1.4168e-02  val_mse=1.9284e-02  val_L0=64.0  dead=0.000  n_dead=0  aux=0.000e+00
  -> saved training curves to checkpoints_topk_aux_K64/training_curves.png
  -> saved best checkpoint (val_mse=1.9284e-02)
[step 3560000 | ep 6] train_mse=1.4372e-02  val_mse=1.9290e-02  val_L0=64.0  dead=0.000  n_dead=0  aux=0.000e+00
  -> saved training curves to checkpoints_topk_aux_K64/training_curves.png
  -> no improvement (1/8)
[step 3570000 | ep 6] train_mse=1.4257e-02  val_mse=1.9292e-02  val_L0=64.0  dead=0.000  n_dead=0  aux=0.000e+00
  -> saved training curves to checkpoints_topk_aux_K64/training_curves.png
  -> no improvement (2/8)
[step 3580000 | ep 6] train_mse=1.4339e-02  val_mse=1.9284e-02  val_L0=64.0  dead=0.000  n_dead=0  aux=0.000e+00
  -> saved training curves to checkpoints_topk_aux_K64/training_curves.png
  -> no improvement (3/8)
[step 3590000 | ep 6] train_mse=1.4548e-02  val_mse=1.9297e-02  val_L0=64.0  dead=0.000  n_dead=0  aux=0.000e+00
  -> saved training curves to checkpoints_topk_aux_K64/training_curves.png
  -> no improvement (4/8)
[step 3600000 | ep 6] train_mse=1.4282e-02  val_mse=1.9292e-02  val_L0=64.0  dead=0.000  n_dead=0  aux=0.000e+00
  -> saved training curves to checkpoints_topk_aux_K64/training_curves.png
  -> no improvement (5/8)
[step 3610000 | ep 6] train_mse=1.4255e-02  val_mse=1.9280e-02  val_L0=64.0  dead=0.000  n_dead=0  aux=0.000e+00
  -> saved training curves to checkpoints_topk_aux_K64/training_curves.png
  -> saved best checkpoint (val_mse=1.9280e-02)
[step 3620000 | ep 6] train_mse=1.4123e-02  val_mse=1.9274e-02  val_L0=64.0  dead=0.000  n_dead=0  aux=0.000e+00
  -> saved training curves to checkpoints_topk_aux_K64/training_curves.png
  -> saved best checkpoint (val_mse=1.9274e-02)
[step 3630000 | ep 6] train_mse=1.4330e-02  val_mse=1.9257e-02  val_L0=64.0  dead=0.000  n_dead=0  aux=0.000e+00
  -> saved training curves to checkpoints_topk_aux_K64/training_curves.png
  -> saved best checkpoint (val_mse=1.9257e-02)
[step 3640000 | ep 6] train_mse=1.4177e-02  val_mse=1.9267e-02  val_L0=64.0  dead=0.000  n_dead=0  aux=0.000e+00
  -> saved training curves to checkpoints_topk_aux_K64/training_curves.png
  -> no improvement (1/8)
[step 3650000 | ep 6] train_mse=1.4341e-02  val_mse=1.9270e-02  val_L0=64.0  dead=0.000  n_dead=0  aux=0.000e+00
  -> saved training curves to checkpoints_topk_aux_K64/training_curves.png
  -> no improvement (2/8)
[step 3660000 | ep 6] train_mse=1.3999e-02  val_mse=1.9268e-02  val_L0=64.0  dead=0.000  n_dead=0  aux=0.000e+00
  -> saved training curves to checkpoints_topk_aux_K64/training_curves.png
  -> no improvement (3/8)
[step 3670000 | ep 6] train_mse=1.3880e-02  val_mse=1.9254e-02  val_L0=64.0  dead=0.000  n_dead=0  aux=0.000e+00
  -> saved training curves to checkpoints_topk_aux_K64/training_curves.png
  -> saved best checkpoint (val_mse=1.9254e-02)
[step 3680000 | ep 6] train_mse=1.4092e-02  val_mse=1.9251e-02  val_L0=64.0  dead=0.000  n_dead=0  aux=0.000e+00
  -> saved training curves to checkpoints_topk_aux_K64/training_curves.png
  -> saved best checkpoint (val_mse=1.9251e-02)
[step 3690000 | ep 6] train_mse=1.4139e-02  val_mse=1.9260e-02  val_L0=64.0  dead=0.000  n_dead=0  aux=0.000e+00
  -> saved training curves to checkpoints_topk_aux_K64/training_curves.png
  -> no improvement (1/8)
[step 3700000 | ep 6] train_mse=1.3946e-02  val_mse=1.9243e-02  val_L0=64.0  dead=0.000  n_dead=0  aux=0.000e+00
  -> saved training curves to checkpoints_topk_aux_K64/training_curves.png
  -> saved best checkpoint (val_mse=1.9243e-02)
[step 3710000 | ep 6] train_mse=1.4264e-02  val_mse=1.9234e-02  val_L0=64.0  dead=0.000  n_dead=0  aux=0.000e+00
  -> saved training curves to checkpoints_topk_aux_K64/training_curves.png
  -> saved best checkpoint (val_mse=1.9234e-02)
[step 3720000 | ep 6] train_mse=1.4366e-02  val_mse=1.9259e-02  val_L0=64.0  dead=0.000  n_dead=0  aux=0.000e+00
  -> saved training curves to checkpoints_topk_aux_K64/training_curves.png
  -> no improvement (1/8)
[step 3730000 | ep 6] train_mse=1.4228e-02  val_mse=1.9245e-02  val_L0=64.0  dead=0.000  n_dead=0  aux=0.000e+00
  -> saved training curves to checkpoints_topk_aux_K64/training_curves.png
  -> no improvement (2/8)
[step 3740000 | ep 6] train_mse=1.3894e-02  val_mse=1.9249e-02  val_L0=64.0  dead=0.000  n_dead=0  aux=0.000e+00
  -> saved training curves to checkpoints_topk_aux_K64/training_curves.png
  -> no improvement (3/8)
[step 3750000 | ep 6] train_mse=1.4226e-02  val_mse=1.9225e-02  val_L0=64.0  dead=0.000  n_dead=0  aux=0.000e+00
  -> saved training curves to checkpoints_topk_aux_K64/training_curves.png
  -> saved best checkpoint (val_mse=1.9225e-02)
[step 3760000 | ep 6] train_mse=1.4258e-02  val_mse=1.9233e-02  val_L0=64.0  dead=0.000  n_dead=0  aux=0.000e+00
  -> saved training curves to checkpoints_topk_aux_K64/training_curves.png
  -> no improvement (1/8)
[step 3770000 | ep 6] train_mse=1.4184e-02  val_mse=1.9244e-02  val_L0=64.0  dead=0.000  n_dead=0  aux=0.000e+00
  -> saved training curves to checkpoints_topk_aux_K64/training_curves.png
  -> no improvement (2/8)
[step 3780000 | ep 6] train_mse=1.4182e-02  val_mse=1.9210e-02  val_L0=64.0  dead=0.000  n_dead=0  aux=0.000e+00
  -> saved training curves to checkpoints_topk_aux_K64/training_curves.png
  -> saved best checkpoint (val_mse=1.9210e-02)
[step 3790000 | ep 6] train_mse=1.3924e-02  val_mse=1.9239e-02  val_L0=64.0  dead=0.000  n_dead=0  aux=0.000e+00
  -> saved training curves to checkpoints_topk_aux_K64/training_curves.png
  -> no improvement (1/8)
[step 3800000 | ep 6] train_mse=1.4153e-02  val_mse=1.9240e-02  val_L0=64.0  dead=0.000  n_dead=0  aux=0.000e+00
  -> saved training curves to checkpoints_topk_aux_K64/training_curves.png
  -> no improvement (2/8)
[step 3810000 | ep 6] train_mse=1.4159e-02  val_mse=1.9226e-02  val_L0=64.0  dead=0.000  n_dead=0  aux=0.000e+00
  -> saved training curves to checkpoints_topk_aux_K64/training_curves.png
  -> no improvement (3/8)
[step 3820000 | ep 6] train_mse=1.4021e-02  val_mse=1.9231e-02  val_L0=64.0  dead=0.000  n_dead=0  aux=0.000e+00
  -> saved training curves to checkpoints_topk_aux_K64/training_curves.png
  -> no improvement (4/8)
[step 3830000 | ep 6] train_mse=1.4335e-02  val_mse=1.9221e-02  val_L0=64.0  dead=0.000  n_dead=0  aux=0.000e+00
  -> saved training curves to checkpoints_topk_aux_K64/training_curves.png
  -> no improvement (5/8)
[step 3840000 | ep 6] train_mse=1.4221e-02  val_mse=1.9231e-02  val_L0=64.0  dead=0.000  n_dead=0  aux=0.000e+00
  -> saved training curves to checkpoints_topk_aux_K64/training_curves.png
  -> no improvement (6/8)
[step 3850000 | ep 6] train_mse=1.4340e-02  val_mse=1.9220e-02  val_L0=64.0  dead=0.000  n_dead=0  aux=0.000e+00
  -> saved training curves to checkpoints_topk_aux_K64/training_curves.png
  -> no improvement (7/8)
[step 3860000 | ep 6] train_mse=1.4237e-02  val_mse=1.9226e-02  val_L0=64.0  dead=0.000  n_dead=0  aux=0.000e+00
  -> saved training curves to checkpoints_topk_aux_K64/training_curves.png
  -> no improvement (8/8)

Early stopping.
  -> saved training curves to checkpoints_topk_aux_K64/training_curves.png
